Archive member included to satisfy reference by file (symbol)

c:/program files (x86)/atollic/truestudio for stm32 9.3.0/armtools/bin/../lib/gcc/arm-atollic-eabi/6.3.1/../../../../arm-atollic-eabi/lib/armv7e-m/fpu\libc_nano.a(lib_a-init.o)
                              src\bsp\startup\startup_stm32f446xx.o (__libc_init_array)
c:/program files (x86)/atollic/truestudio for stm32 9.3.0/armtools/bin/../lib/gcc/arm-atollic-eabi/6.3.1/../../../../arm-atollic-eabi/lib/armv7e-m/fpu\libc_nano.a(lib_a-reent.o)
                              syscalls.o (errno)
c:/program files (x86)/atollic/truestudio for stm32 9.3.0/armtools/bin/../lib/gcc/arm-atollic-eabi/6.3.1/../../../../arm-atollic-eabi/lib/armv7e-m/fpu\libc_nano.a(lib_a-vsnprintf.o)
                              src\hw\core\uart.o (vsnprintf)
c:/program files (x86)/atollic/truestudio for stm32 9.3.0/armtools/bin/../lib/gcc/arm-atollic-eabi/6.3.1/../../../../arm-atollic-eabi/lib/armv7e-m/fpu\libc_nano.a(lib_a-impure.o)
                              c:/program files (x86)/atollic/truestudio for stm32 9.3.0/armtools/bin/../lib/gcc/arm-atollic-eabi/6.3.1/../../../../arm-atollic-eabi/lib/armv7e-m/fpu\libc_nano.a(lib_a-reent.o) (_impure_ptr)
c:/program files (x86)/atollic/truestudio for stm32 9.3.0/armtools/bin/../lib/gcc/arm-atollic-eabi/6.3.1/../../../../arm-atollic-eabi/lib/armv7e-m/fpu\libc_nano.a(lib_a-nano-freer.o)
                              c:/program files (x86)/atollic/truestudio for stm32 9.3.0/armtools/bin/../lib/gcc/arm-atollic-eabi/6.3.1/../../../../arm-atollic-eabi/lib/armv7e-m/fpu\libc_nano.a(lib_a-reent.o) (_free_r)
c:/program files (x86)/atollic/truestudio for stm32 9.3.0/armtools/bin/../lib/gcc/arm-atollic-eabi/6.3.1/../../../../arm-atollic-eabi/lib/armv7e-m/fpu\libc_nano.a(lib_a-nano-mallocr.o)
                              c:/program files (x86)/atollic/truestudio for stm32 9.3.0/armtools/bin/../lib/gcc/arm-atollic-eabi/6.3.1/../../../../arm-atollic-eabi/lib/armv7e-m/fpu\libc_nano.a(lib_a-nano-freer.o) (__malloc_free_list)
c:/program files (x86)/atollic/truestudio for stm32 9.3.0/armtools/bin/../lib/gcc/arm-atollic-eabi/6.3.1/../../../../arm-atollic-eabi/lib/armv7e-m/fpu\libc_nano.a(lib_a-nano-svfprintf.o)
                              c:/program files (x86)/atollic/truestudio for stm32 9.3.0/armtools/bin/../lib/gcc/arm-atollic-eabi/6.3.1/../../../../arm-atollic-eabi/lib/armv7e-m/fpu\libc_nano.a(lib_a-vsnprintf.o) (_svfprintf_r)
c:/program files (x86)/atollic/truestudio for stm32 9.3.0/armtools/bin/../lib/gcc/arm-atollic-eabi/6.3.1/../../../../arm-atollic-eabi/lib/armv7e-m/fpu\libc_nano.a(lib_a-nano-vfprintf_i.o)
                              c:/program files (x86)/atollic/truestudio for stm32 9.3.0/armtools/bin/../lib/gcc/arm-atollic-eabi/6.3.1/../../../../arm-atollic-eabi/lib/armv7e-m/fpu\libc_nano.a(lib_a-nano-svfprintf.o) (_printf_i)
c:/program files (x86)/atollic/truestudio for stm32 9.3.0/armtools/bin/../lib/gcc/arm-atollic-eabi/6.3.1/../../../../arm-atollic-eabi/lib/armv7e-m/fpu\libc_nano.a(lib_a-sbrkr.o)
                              c:/program files (x86)/atollic/truestudio for stm32 9.3.0/armtools/bin/../lib/gcc/arm-atollic-eabi/6.3.1/../../../../arm-atollic-eabi/lib/armv7e-m/fpu\libc_nano.a(lib_a-nano-mallocr.o) (_sbrk_r)
c:/program files (x86)/atollic/truestudio for stm32 9.3.0/armtools/bin/../lib/gcc/arm-atollic-eabi/6.3.1/../../../../arm-atollic-eabi/lib/armv7e-m/fpu\libc_nano.a(lib_a-memchr.o)
                              c:/program files (x86)/atollic/truestudio for stm32 9.3.0/armtools/bin/../lib/gcc/arm-atollic-eabi/6.3.1/../../../../arm-atollic-eabi/lib/armv7e-m/fpu\libc_nano.a(lib_a-nano-svfprintf.o) (memchr)
c:/program files (x86)/atollic/truestudio for stm32 9.3.0/armtools/bin/../lib/gcc/arm-atollic-eabi/6.3.1/../../../../arm-atollic-eabi/lib/armv7e-m/fpu\libc_nano.a(lib_a-memcpy-stub.o)
                              c:/program files (x86)/atollic/truestudio for stm32 9.3.0/armtools/bin/../lib/gcc/arm-atollic-eabi/6.3.1/../../../../arm-atollic-eabi/lib/armv7e-m/fpu\libc_nano.a(lib_a-nano-svfprintf.o) (memcpy)
c:/program files (x86)/atollic/truestudio for stm32 9.3.0/armtools/bin/../lib/gcc/arm-atollic-eabi/6.3.1/../../../../arm-atollic-eabi/lib/armv7e-m/fpu\libc_nano.a(lib_a-memmove.o)
                              c:/program files (x86)/atollic/truestudio for stm32 9.3.0/armtools/bin/../lib/gcc/arm-atollic-eabi/6.3.1/../../../../arm-atollic-eabi/lib/armv7e-m/fpu\libc_nano.a(lib_a-nano-svfprintf.o) (memmove)
c:/program files (x86)/atollic/truestudio for stm32 9.3.0/armtools/bin/../lib/gcc/arm-atollic-eabi/6.3.1/../../../../arm-atollic-eabi/lib/armv7e-m/fpu\libc_nano.a(lib_a-mlock.o)
                              c:/program files (x86)/atollic/truestudio for stm32 9.3.0/armtools/bin/../lib/gcc/arm-atollic-eabi/6.3.1/../../../../arm-atollic-eabi/lib/armv7e-m/fpu\libc_nano.a(lib_a-nano-freer.o) (__malloc_lock)
[...]
Memory Configuration

Name             Origin             Length             Attributes
RAM              0x20000000         0x00020000         xrw
FLASH            0x08000000         0x00080000         xr
*default*        0x00000000         0xffffffff

Linker script and memory map

LOAD c:/program files (x86)/atollic/truestudio for stm32 9.3.0/armtools/bin/../lib/gcc/arm-atollic-eabi/6.3.1/armv7e-m/fpu/crti.o
LOAD c:/program files (x86)/atollic/truestudio for stm32 9.3.0/armtools/bin/../lib/gcc/arm-atollic-eabi/6.3.1/armv7e-m/fpu/crtbegin.o
LOAD src\ap\ap.o
LOAD src\bsp\bsp.o
LOAD src\bsp\cmsis\system_stm32f4xx.o
LOAD src\bsp\startup\startup_stm32f446xx.o
LOAD src\bsp\stm32f4xx_it.o
LOAD src\common\core\qbuffer.o
LOAD src\hw\core\led.o
LOAD src\hw\core\uart.o
LOAD src\hw\hw.o
LOAD src\lib\STM32F4xx_HAL_Driver\Src\Legacy\stm32f4xx_hal_can.o
LOAD src\lib\STM32F4xx_HAL_Driver\Src\stm32f4xx_hal.o
LOAD src\lib\STM32F4xx_HAL_Driver\Src\stm32f4xx_hal_adc.o
LOAD src\lib\STM32F4xx_HAL_Driver\Src\stm32f4xx_hal_adc_ex.o
LOAD src\lib\STM32F4xx_HAL_Driver\Src\stm32f4xx_hal_can.o
LOAD src\lib\STM32F4xx_HAL_Driver\Src\stm32f4xx_hal_cec.o
LOAD src\lib\STM32F4xx_HAL_Driver\Src\stm32f4xx_hal_cortex.o
LOAD src\lib\STM32F4xx_HAL_Driver\Src\stm32f4xx_hal_crc.o
LOAD src\lib\STM32F4xx_HAL_Driver\Src\stm32f4xx_hal_cryp.o
LOAD src\lib\STM32F4xx_HAL_Driver\Src\stm32f4xx_hal_cryp_ex.o
LOAD src\lib\STM32F4xx_HAL_Driver\Src\stm32f4xx_hal_dac.o
LOAD src\lib\STM32F4xx_HAL_Driver\Src\stm32f4xx_hal_dac_ex.o
LOAD src\lib\STM32F4xx_HAL_Driver\Src\stm32f4xx_hal_dcmi.o
LOAD src\lib\STM32F4xx_HAL_Driver\Src\stm32f4xx_hal_dcmi_ex.o
LOAD src\lib\STM32F4xx_HAL_Driver\Src\stm32f4xx_hal_dfsdm.o
LOAD src\lib\STM32F4xx_HAL_Driver\Src\stm32f4xx_hal_dma.o
LOAD src\lib\STM32F4xx_HAL_Driver\Src\stm32f4xx_hal_dma2d.o
LOAD src\lib\STM32F4xx_HAL_Driver\Src\stm32f4xx_hal_dma_ex.o
LOAD src\lib\STM32F4xx_HAL_Driver\Src\stm32f4xx_hal_dsi.o
LOAD src\lib\STM32F4xx_HAL_Driver\Src\stm32f4xx_hal_eth.o
LOAD src\lib\STM32F4xx_HAL_Driver\Src\stm32f4xx_hal_flash.o
LOAD src\lib\STM32F4xx_HAL_Driver\Src\stm32f4xx_hal_flash_ex.o
LOAD src\lib\STM32F4xx_HAL_Driver\Src\stm32f4xx_hal_flash_ramfunc.o
LOAD src\lib\STM32F4xx_HAL_Driver\Src\stm32f4xx_hal_fmpi2c.o
LOAD src\lib\STM32F4xx_HAL_Driver\Src\stm32f4xx_hal_fmpi2c_ex.o
LOAD src\lib\STM32F4xx_HAL_Driver\Src\stm32f4xx_hal_gpio.o
LOAD src\lib\STM32F4xx_HAL_Driver\Src\stm32f4xx_hal_hash.o
LOAD src\lib\STM32F4xx_HAL_Driver\Src\stm32f4xx_hal_hash_ex.o
LOAD src\lib\STM32F4xx_HAL_Driver\Src\stm32f4xx_hal_hcd.o
LOAD src\lib\STM32F4xx_HAL_Driver\Src\stm32f4xx_hal_i2c.o
LOAD src\lib\STM32F4xx_HAL_Driver\Src\stm32f4xx_hal_i2c_ex.o
LOAD src\lib\STM32F4xx_HAL_Driver\Src\stm32f4xx_hal_i2s.o
LOAD src\lib\STM32F4xx_HAL_Driver\Src\stm32f4xx_hal_i2s_ex.o
LOAD src\lib\STM32F4xx_HAL_Driver\Src\stm32f4xx_hal_irda.o
LOAD src\lib\STM32F4xx_HAL_Driver\Src\stm32f4xx_hal_iwdg.o
LOAD src\lib\STM32F4xx_HAL_Driver\Src\stm32f4xx_hal_lptim.o
LOAD src\lib\STM32F4xx_HAL_Driver\Src\stm32f4xx_hal_ltdc.o
LOAD src\lib\STM32F4xx_HAL_Driver\Src\stm32f4xx_hal_ltdc_ex.o
LOAD src\lib\STM32F4xx_HAL_Driver\Src\stm32f4xx_hal_mmc.o
LOAD src\lib\STM32F4xx_HAL_Driver\Src\stm32f4xx_hal_nand.o
LOAD src\lib\STM32F4xx_HAL_Driver\Src\stm32f4xx_hal_nor.o
LOAD src\lib\STM32F4xx_HAL_Driver\Src\stm32f4xx_hal_pccard.o
LOAD src\lib\STM32F4xx_HAL_Driver\Src\stm32f4xx_hal_pcd.o
LOAD src\lib\STM32F4xx_HAL_Driver\Src\stm32f4xx_hal_pcd_ex.o
LOAD src\lib\STM32F4xx_HAL_Driver\Src\stm32f4xx_hal_pwr.o
LOAD src\lib\STM32F4xx_HAL_Driver\Src\stm32f4xx_hal_pwr_ex.o
LOAD src\lib\STM32F4xx_HAL_Driver\Src\stm32f4xx_hal_qspi.o
LOAD src\lib\STM32F4xx_HAL_Driver\Src\stm32f4xx_hal_rcc.o
LOAD src\lib\STM32F4xx_HAL_Driver\Src\stm32f4xx_hal_rcc_ex.o
LOAD src\lib\STM32F4xx_HAL_Driver\Src\stm32f4xx_hal_rng.o
LOAD src\lib\STM32F4xx_HAL_Driver\Src\stm32f4xx_hal_rtc.o
LOAD src\lib\STM32F4xx_HAL_Driver\Src\stm32f4xx_hal_rtc_ex.o
LOAD src\lib\STM32F4xx_HAL_Driver\Src\stm32f4xx_hal_sai.o
LOAD src\lib\STM32F4xx_HAL_Driver\Src\stm32f4xx_hal_sai_ex.o
LOAD src\lib\STM32F4xx_HAL_Driver\Src\stm32f4xx_hal_sd.o
LOAD src\lib\STM32F4xx_HAL_Driver\Src\stm32f4xx_hal_sdram.o
LOAD src\lib\STM32F4xx_HAL_Driver\Src\stm32f4xx_hal_smartcard.o
LOAD src\lib\STM32F4xx_HAL_Driver\Src\stm32f4xx_hal_spdifrx.o
LOAD src\lib\STM32F4xx_HAL_Driver\Src\stm32f4xx_hal_spi.o
LOAD src\lib\STM32F4xx_HAL_Driver\Src\stm32f4xx_hal_sram.o
LOAD src\lib\STM32F4xx_HAL_Driver\Src\stm32f4xx_hal_tim.o
LOAD src\lib\STM32F4xx_HAL_Driver\Src\stm32f4xx_hal_tim_ex.o
LOAD src\lib\STM32F4xx_HAL_Driver\Src\stm32f4xx_hal_timebase_rtc_wakeup_template.o
LOAD src\lib\STM32F4xx_HAL_Driver\Src\stm32f4xx_hal_uart.o
LOAD src\lib\STM32F4xx_HAL_Driver\Src\stm32f4xx_hal_usart.o
LOAD src\lib\STM32F4xx_HAL_Driver\Src\stm32f4xx_hal_wwdg.o
LOAD src\lib\STM32F4xx_HAL_Driver\Src\stm32f4xx_ll_adc.o
LOAD src\lib\STM32F4xx_HAL_Driver\Src\stm32f4xx_ll_crc.o
LOAD src\lib\STM32F4xx_HAL_Driver\Src\stm32f4xx_ll_dac.o
LOAD src\lib\STM32F4xx_HAL_Driver\Src\stm32f4xx_ll_dma.o
LOAD src\lib\STM32F4xx_HAL_Driver\Src\stm32f4xx_ll_dma2d.o
LOAD src\lib\STM32F4xx_HAL_Driver\Src\stm32f4xx_ll_exti.o
LOAD src\lib\STM32F4xx_HAL_Driver\Src\stm32f4xx_ll_fmc.o
LOAD src\lib\STM32F4xx_HAL_Driver\Src\stm32f4xx_ll_fsmc.o
LOAD src\lib\STM32F4xx_HAL_Driver\Src\stm32f4xx_ll_gpio.o
LOAD src\lib\STM32F4xx_HAL_Driver\Src\stm32f4xx_ll_i2c.o
LOAD src\lib\STM32F4xx_HAL_Driver\Src\stm32f4xx_ll_lptim.o
LOAD src\lib\STM32F4xx_HAL_Driver\Src\stm32f4xx_ll_pwr.o
LOAD src\lib\STM32F4xx_HAL_Driver\Src\stm32f4xx_ll_rcc.o
LOAD src\lib\STM32F4xx_HAL_Driver\Src\stm32f4xx_ll_rng.o
LOAD src\lib\STM32F4xx_HAL_Driver\Src\stm32f4xx_ll_rtc.o
LOAD src\lib\STM32F4xx_HAL_Driver\Src\stm32f4xx_ll_sdmmc.o
LOAD src\lib\STM32F4xx_HAL_Driver\Src\stm32f4xx_ll_spi.o
LOAD src\lib\STM32F4xx_HAL_Driver\Src\stm32f4xx_ll_tim.o
LOAD src\lib\STM32F4xx_HAL_Driver\Src\stm32f4xx_ll_usart.o
LOAD src\lib\STM32F4xx_HAL_Driver\Src\stm32f4xx_ll_usb.o
LOAD src\lib\STM32F4xx_HAL_Driver\Src\stm32f4xx_ll_utils.o
LOAD src\main.o
LOAD syscalls.o
                0x00000080                malloc_getpagesize_P = 0x80
START GROUP
LOAD c:/program files (x86)/atollic/truestudio for stm32 9.3.0/armtools/bin/../lib/gcc/arm-atollic-eabi/6.3.1/../../../../arm-atollic-eabi/lib/armv7e-m/fpu\libc_nano.a
LOAD c:/program files (x86)/atollic/truestudio for stm32 9.3.0/armtools/bin/../lib/gcc/arm-atollic-eabi/6.3.1/../../../../arm-atollic-eabi/lib/armv7e-m/fpu\libm.a
END GROUP
START GROUP
LOAD c:/program files (x86)/atollic/truestudio for stm32 9.3.0/armtools/bin/../lib/gcc/arm-atollic-eabi/6.3.1/armv7e-m/fpu\libgcc.a
LOAD c:/program files (x86)/atollic/truestudio for stm32 9.3.0/armtools/bin/../lib/gcc/arm-atollic-eabi/6.3.1/../../../../arm-atollic-eabi/lib/armv7e-m/fpu\libc_nano.a
END GROUP
START GROUP
LOAD c:/program files (x86)/atollic/truestudio for stm32 9.3.0/armtools/bin/../lib/gcc/arm-atollic-eabi/6.3.1/armv7e-m/fpu\libgcc.a
LOAD c:/program files (x86)/atollic/truestudio for stm32 9.3.0/armtools/bin/../lib/gcc/arm-atollic-eabi/6.3.1/../../../../arm-atollic-eabi/lib/armv7e-m/fpu\libc_nano.a
LOAD c:/program files (x86)/atollic/truestudio for stm32 9.3.0/armtools/bin/../lib/gcc/arm-atollic-eabi/6.3.1/../../../../arm-atollic-eabi/lib/armv7e-m/fpu\libnosys.a
END GROUP
START GROUP
LOAD c:/program files (x86)/atollic/truestudio for stm32 9.3.0/armtools/bin/../lib/gcc/arm-atollic-eabi/6.3.1/armv7e-m/fpu\libgcc.a
LOAD c:/program files (x86)/atollic/truestudio for stm32 9.3.0/armtools/bin/../lib/gcc/arm-atollic-eabi/6.3.1/../../../../arm-atollic-eabi/lib/armv7e-m/fpu\libc_nano.a
LOAD c:/program files (x86)/atollic/truestudio for stm32 9.3.0/armtools/bin/../lib/gcc/arm-atollic-eabi/6.3.1/../../../../arm-atollic-eabi/lib/armv7e-m/fpu\libnosys.a
END GROUP
LOAD c:/program files (x86)/atollic/truestudio for stm32 9.3.0/armtools/bin/../lib/gcc/arm-atollic-eabi/6.3.1/armv7e-m/fpu/crtend.o
LOAD c:/program files (x86)/atollic/truestudio for stm32 9.3.0/armtools/bin/../lib/gcc/arm-atollic-eabi/6.3.1/armv7e-m/fpu/crtn.o
                0x20020000                _estack = 0x20020000
                0x00000200                _Min_Heap_Size = 0x200
                0x00000400                _Min_Stack_Size = 0x400

.isr_vector     0x08000000      0x1c4
                0x08000000                . = ALIGN (0x4)
 *(.isr_vector)
 .isr_vector    0x08000000      0x1c4 src\bsp\startup\startup_stm32f446xx.o
                0x08000000                g_pfnVectors
                0x080001c4                . = ALIGN (0x4)

.text           0x080001d0     0x2ca4
                0x080001d0                . = ALIGN (0x4)
 *(.text)
 .text          0x080001d0       0x40 c:/program files (x86)/atollic/truestudio for stm32 9.3.0/armtools/bin/../lib/gcc/arm-atollic-eabi/6.3.1/armv7e-m/fpu/crtbegin.o
 .text          0x08000210       0xa0 c:/program files (x86)/atollic/truestudio for stm32 9.3.0/armtools/bin/../lib/gcc/arm-atollic-eabi/6.3.1/../../../../arm-atollic-eabi/lib/armv7e-m/fpu\libc_nano.a(lib_a-memchr.o)
                0x08000210                memchr
 .text          0x080002b0       0x30 c:/program files (x86)/atollic/truestudio for stm32 9.3.0/armtools/bin/../lib/gcc/arm-atollic-eabi/6.3.1/armv7e-m/fpu\libgcc.a(_aeabi_uldivmod.o)
                0x080002b0                __aeabi_uldivmod
 .text          0x080002e0      0x2dc c:/program files (x86)/atollic/truestudio for stm32 9.3.0/armtools/bin/../lib/gcc/arm-atollic-eabi/6.3.1/armv7e-m/fpu\libgcc.a(_udivmoddi4.o)
                0x080002e0                __udivmoddi4
 .text          0x080005bc        0x4 c:/program files (x86)/atollic/truestudio for stm32 9.3.0/armtools/bin/../lib/gcc/arm-atollic-eabi/6.3.1/armv7e-m/fpu\libgcc.a(_dvmd_tls.o)
                0x080005bc                __aeabi_idiv0
                0x080005bc                __aeabi_ldiv0
 *(.text*)
 .text.apInit   0x080005c0        0xe src\ap\ap.o
                0x080005c0                apInit
 *fill*         0x080005ce        0x2 
 .text.apMain   0x080005d0       0x3c src\ap\ap.o
                0x080005d0                apMain
 .text.SystemClock_Config
                0x0800060c       0xb4 src\bsp\bsp.o
                0x0800060c                SystemClock_Config
 .text.bspInit  0x080006c0       0x6c src\bsp\bsp.o
                0x080006c0                bspInit
 .text.SystemInit
                0x0800072c       0x4c src\bsp\cmsis\system_stm32f4xx.o
                0x0800072c                SystemInit
 .text.Reset_Handler
                0x08000778       0x50 src\bsp\startup\startup_stm32f446xx.o
                0x08000778                Reset_Handler
 .text.Default_Handler
                0x080007c8        0x2 src\bsp\startup\startup_stm32f446xx.o
                0x080007c8                RTC_Alarm_IRQHandler
                0x080007c8                EXTI2_IRQHandler
                0x080007c8                TIM8_CC_IRQHandler
                0x080007c8                DebugMon_Handler
                0x080007c8                SPI4_IRQHandler
                0x080007c8                TIM1_CC_IRQHandler
                0x080007c8                DMA2_Stream5_IRQHandler
                0x080007c8                HardFault_Handler
                0x080007c8                DMA1_Stream5_IRQHandler
                0x080007c8                PVD_IRQHandler
                0x080007c8                SDIO_IRQHandler
                0x080007c8                TAMP_STAMP_IRQHandler
                0x080007c8                PendSV_Handler
                0x080007c8                NMI_Handler
                0x080007c8                CAN2_RX1_IRQHandler
                0x080007c8                EXTI3_IRQHandler
                0x080007c8                TIM8_TRG_COM_TIM14_IRQHandler
                0x080007c8                TIM1_UP_TIM10_IRQHandler
                0x080007c8                TIM8_UP_TIM13_IRQHandler
                0x080007c8                I2C3_ER_IRQHandler
                0x080007c8                FMPI2C1_Event_IRQHandler
                0x080007c8                EXTI0_IRQHandler
                0x080007c8                I2C2_EV_IRQHandler
                0x080007c8                DMA1_Stream2_IRQHandler
                0x080007c8                CAN1_RX0_IRQHandler
                0x080007c8                FPU_IRQHandler
                0x080007c8                OTG_HS_WKUP_IRQHandler
                0x080007c8                UsageFault_Handler
                0x080007c8                CAN2_SCE_IRQHandler
                0x080007c8                DMA2_Stream2_IRQHandler
                0x080007c8                SPI1_IRQHandler
                0x080007c8                TIM6_DAC_IRQHandler
                0x080007c8                TIM1_BRK_TIM9_IRQHandler
                0x080007c8                DCMI_IRQHandler
                0x080007c8                CAN2_RX0_IRQHandler
                0x080007c8                DMA2_Stream3_IRQHandler
                0x080007c8                SAI2_IRQHandler
                0x080007c8                USART6_IRQHandler
                0x080007c8                USART3_IRQHandler
                0x080007c8                CAN1_RX1_IRQHandler
                0x080007c8                UART5_IRQHandler
                0x080007c8                DMA2_Stream0_IRQHandler
                0x080007c8                TIM4_IRQHandler
                0x080007c8                QUADSPI_IRQHandler
                0x080007c8                I2C1_EV_IRQHandler
                0x080007c8                DMA1_Stream6_IRQHandler
                0x080007c8                DMA1_Stream1_IRQHandler
                0x080007c8                UART4_IRQHandler
                0x080007c8                TIM3_IRQHandler
                0x080007c8                RCC_IRQHandler
                0x080007c8                TIM8_BRK_TIM12_IRQHandler
                0x080007c8                Default_Handler
                0x080007c8                CEC_IRQHandler
                0x080007c8                EXTI15_10_IRQHandler
                0x080007c8                ADC_IRQHandler
                0x080007c8                DMA1_Stream7_IRQHandler
                0x080007c8                TIM7_IRQHandler
                0x080007c8                CAN2_TX_IRQHandler
                0x080007c8                TIM5_IRQHandler
                0x080007c8                DMA2_Stream7_IRQHandler
                0x080007c8                I2C3_EV_IRQHandler
                0x080007c8                EXTI9_5_IRQHandler
                0x080007c8                SPDIF_RX_IRQHandler
                0x080007c8                SPI2_IRQHandler
                0x080007c8                OTG_HS_EP1_IN_IRQHandler
                0x080007c8                MemManage_Handler
                0x080007c8                DMA1_Stream0_IRQHandler
                0x080007c8                CAN1_TX_IRQHandler
                0x080007c8                SVC_Handler
                0x080007c8                EXTI4_IRQHandler
                0x080007c8                OTG_HS_EP1_OUT_IRQHandler
                0x080007c8                WWDG_IRQHandler
                0x080007c8                TIM2_IRQHandler
                0x080007c8                OTG_FS_WKUP_IRQHandler
                0x080007c8                TIM1_TRG_COM_TIM11_IRQHandler
                0x080007c8                OTG_HS_IRQHandler
                0x080007c8                EXTI1_IRQHandler
                0x080007c8                I2C2_ER_IRQHandler
                0x080007c8                DMA2_Stream1_IRQHandler
                0x080007c8                CAN1_SCE_IRQHandler
                0x080007c8                FLASH_IRQHandler
                0x080007c8                DMA2_Stream4_IRQHandler
                0x080007c8                BusFault_Handler
                0x080007c8                USART1_IRQHandler
                0x080007c8                OTG_FS_IRQHandler
                0x080007c8                SPI3_IRQHandler
                0x080007c8                DMA1_Stream4_IRQHandler
                0x080007c8                I2C1_ER_IRQHandler
                0x080007c8                FMC_IRQHandler
                0x080007c8                DMA2_Stream6_IRQHandler
                0x080007c8                SAI1_IRQHandler
                0x080007c8                DMA1_Stream3_IRQHandler
                0x080007c8                FMPI2C1_Error_IRQHandler
 .text.SysTick_Handler
                0x080007ca        0xc src\bsp\stm32f4xx_it.o
                0x080007ca                SysTick_Handler
 .text.qbufferCreate
                0x080007d6       0x16 src\common\core\qbuffer.o
                0x080007d6                qbufferCreate
 .text.qbufferWrite
                0x080007ec       0x3a src\common\core\qbuffer.o
                0x080007ec                qbufferWrite
 .text.qbufferRead
                0x08000826       0x42 src\common\core\qbuffer.o
                0x08000826                qbufferRead
 .text.qbufferAvailable
                0x08000868       0x14 src\common\core\qbuffer.o
                0x08000868                qbufferAvailable
 .text.qbufferFlush
                0x0800087c        0x8 src\common\core\qbuffer.o
                0x0800087c                qbufferFlush
 .text.ledInit  0x08000884       0x28 src\hw\core\led.o
                0x08000884                ledInit
 .text.ledToggle
                0x080008ac       0x10 src\hw\core\led.o
                0x080008ac                ledToggle
 .text.uartStartRx
                0x080008bc       0x34 src\hw\core\uart.o
 .text.uartRxHandler
                0x080008f0       0x48 src\hw\core\uart.o
 .text.uartInit
                0x08000938       0x2c src\hw\core\uart.o
                0x08000938                uartInit
 .text.uartOpen
                0x08000964       0xd0 src\hw\core\uart.o
                0x08000964                uartOpen
 .text.uartAvailable
                0x08000a34       0x24 src\hw\core\uart.o
                0x08000a34                uartAvailable
 .text.uartFlush
                0x08000a58       0x28 src\hw\core\uart.o
                0x08000a58                uartFlush
 .text.uartWrite
                0x08000a80       0x3c src\hw\core\uart.o
                0x08000a80                uartWrite
 .text.uartRead
                0x08000abc       0x40 src\hw\core\uart.o
                0x08000abc                uartRead
 .text.uartPrintf
                0x08000afc       0x2c src\hw\core\uart.o
                0x08000afc                uartPrintf
 .text.uartErrHandler
                0x08000b28       0x10 src\hw\core\uart.o
                0x08000b28                uartErrHandler
 .text.HAL_UART_RxCpltCallback
                0x08000b38       0x50 src\hw\core\uart.o
                0x08000b38                HAL_UART_RxCpltCallback
 .text.HAL_UART_ErrorCallback
                0x08000b88       0x5c src\hw\core\uart.o
                0x08000b88                HAL_UART_ErrorCallback
 .text.USART2_IRQHandler
                0x08000be4       0x10 src\hw\core\uart.o
                0x08000be4                USART2_IRQHandler
 .text.HAL_UART_MspInit
                0x08000bf4       0x80 src\hw\core\uart.o
                0x08000bf4                HAL_UART_MspInit
 .text.hwInit   0x08000c74       0x10 src\hw\hw.o
                0x08000c74                hwInit
 .text.delay    0x08000c84        0x8 src\hw\hw.o
                0x08000c84                delay
 .text.HAL_MspInit
                0x08000c8c        0x2 src\lib\STM32F4xx_HAL_Driver\Src\stm32f4xx_hal.o
                0x08000c8c                HAL_MspInit
 *fill*         0x08000c8e        0x2 
 .text.HAL_Init
                0x08000c90       0x34 src\lib\STM32F4xx_HAL_Driver\Src\stm32f4xx_hal.o
                0x08000c90                HAL_Init
 .text.HAL_IncTick
                0x08000cc4       0x18 src\lib\STM32F4xx_HAL_Driver\Src\stm32f4xx_hal.o
                0x08000cc4                HAL_IncTick
 .text.HAL_GetTick
                0x08000cdc        0xc src\lib\STM32F4xx_HAL_Driver\Src\stm32f4xx_hal.o
                0x08000cdc                HAL_GetTick
 .text.HAL_Delay
                0x08000ce8       0x28 src\lib\STM32F4xx_HAL_Driver\Src\stm32f4xx_hal.o
                0x08000ce8                HAL_Delay
 .text.HAL_NVIC_SetPriorityGrouping
                0x08000d10       0x24 src\lib\STM32F4xx_HAL_Driver\Src\stm32f4xx_hal_cortex.o
                0x08000d10                HAL_NVIC_SetPriorityGrouping
 .text.HAL_NVIC_SetPriority
                0x08000d34       0x64 src\lib\STM32F4xx_HAL_Driver\Src\stm32f4xx_hal_cortex.o
                0x08000d34                HAL_NVIC_SetPriority
 .text.HAL_NVIC_EnableIRQ
                0x08000d98       0x18 src\lib\STM32F4xx_HAL_Driver\Src\stm32f4xx_hal_cortex.o
                0x08000d98                HAL_NVIC_EnableIRQ
 .text.HAL_SYSTICK_Config
                0x08000db0       0x2c src\lib\STM32F4xx_HAL_Driver\Src\stm32f4xx_hal_cortex.o
                0x08000db0                HAL_SYSTICK_Config
 .text.HAL_SYSTICK_CLKSourceConfig
                0x08000ddc       0x20 src\lib\STM32F4xx_HAL_Driver\Src\stm32f4xx_hal_cortex.o
                0x08000ddc                HAL_SYSTICK_CLKSourceConfig
 .text.HAL_SYSTICK_Callback
                0x08000dfc        0x2 src\lib\STM32F4xx_HAL_Driver\Src\stm32f4xx_hal_cortex.o
                0x08000dfc                HAL_SYSTICK_Callback
 .text.HAL_SYSTICK_IRQHandler
                0x08000dfe        0x8 src\lib\STM32F4xx_HAL_Driver\Src\stm32f4xx_hal_cortex.o
                0x08000dfe                HAL_SYSTICK_IRQHandler
 .text.HAL_DMA_Abort_IT
                0x08000e06       0x26 src\lib\STM32F4xx_HAL_Driver\Src\stm32f4xx_hal_dma.o
                0x08000e06                HAL_DMA_Abort_IT
 .text.HAL_GPIO_Init
                0x08000e2c      0x1c4 src\lib\STM32F4xx_HAL_Driver\Src\stm32f4xx_hal_gpio.o
                0x08000e2c                HAL_GPIO_Init
 .text.HAL_GPIO_TogglePin
                0x08000ff0        0x8 src\lib\STM32F4xx_HAL_Driver\Src\stm32f4xx_hal_gpio.o
                0x08000ff0                HAL_GPIO_TogglePin
 .text.HAL_RCC_ClockConfig
                0x08000ff8      0x158 src\lib\STM32F4xx_HAL_Driver\Src\stm32f4xx_hal_rcc.o
                0x08000ff8                HAL_RCC_ClockConfig
 .text.HAL_RCC_GetHCLKFreq
                0x08001150        0xc src\lib\STM32F4xx_HAL_Driver\Src\stm32f4xx_hal_rcc.o
                0x08001150                HAL_RCC_GetHCLKFreq
 .text.HAL_RCC_GetPCLK1Freq
                0x0800115c       0x20 src\lib\STM32F4xx_HAL_Driver\Src\stm32f4xx_hal_rcc.o
                0x0800115c                HAL_RCC_GetPCLK1Freq
 .text.HAL_RCC_GetPCLK2Freq
                0x0800117c       0x20 src\lib\STM32F4xx_HAL_Driver\Src\stm32f4xx_hal_rcc.o
                0x0800117c                HAL_RCC_GetPCLK2Freq
 .text.HAL_RCCEx_PeriphCLKConfig
                0x0800119c      0x480 src\lib\STM32F4xx_HAL_Driver\Src\stm32f4xx_hal_rcc_ex.o
                0x0800119c                HAL_RCCEx_PeriphCLKConfig
 .text.HAL_RCC_GetSysClockFreq
                0x0800161c      0x120 src\lib\STM32F4xx_HAL_Driver\Src\stm32f4xx_hal_rcc_ex.o
                0x0800161c                HAL_RCC_GetSysClockFreq
 .text.HAL_RCC_OscConfig
                0x0800173c      0x3c4 src\lib\STM32F4xx_HAL_Driver\Src\stm32f4xx_hal_rcc_ex.o
                0x0800173c                HAL_RCC_OscConfig
 .text.HAL_RTC_MspInit
                0x08001b00        0x2 src\lib\STM32F4xx_HAL_Driver\Src\stm32f4xx_hal_rtc.o
                0x08001b00                HAL_RTC_MspInit
 .text.HAL_RTC_WaitForSynchro
                0x08001b02       0x32 src\lib\STM32F4xx_HAL_Driver\Src\stm32f4xx_hal_rtc.o
                0x08001b02                HAL_RTC_WaitForSynchro
 .text.RTC_EnterInitMode
                0x08001b34       0x3c src\lib\STM32F4xx_HAL_Driver\Src\stm32f4xx_hal_rtc.o
                0x08001b34                RTC_EnterInitMode
 .text.HAL_RTC_Init
                0x08001b70       0xc4 src\lib\STM32F4xx_HAL_Driver\Src\stm32f4xx_hal_rtc.o
                0x08001b70                HAL_RTC_Init
 .text.HAL_RTCEx_WakeUpTimerIRQHandler
                0x08001c34       0x3c src\lib\STM32F4xx_HAL_Driver\Src\stm32f4xx_hal_rtc_ex.o
                0x08001c34                HAL_RTCEx_WakeUpTimerIRQHandler
 .text.HAL_InitTick
                0x08001c70      0x124 src\lib\STM32F4xx_HAL_Driver\Src\stm32f4xx_hal_timebase_rtc_wakeup_template.o
                0x08001c70                HAL_InitTick
 .text.HAL_RTCEx_WakeUpTimerEventCallback
                0x08001d94        0x8 src\lib\STM32F4xx_HAL_Driver\Src\stm32f4xx_hal_timebase_rtc_wakeup_template.o
                0x08001d94                HAL_RTCEx_WakeUpTimerEventCallback
 .text.RTC_WKUP_IRQHandler
                0x08001d9c       0x10 src\lib\STM32F4xx_HAL_Driver\Src\stm32f4xx_hal_timebase_rtc_wakeup_template.o
                0x08001d9c                RTC_WKUP_IRQHandler
 .text.UART_EndRxTransfer
                0x08001dac       0x1c src\lib\STM32F4xx_HAL_Driver\Src\stm32f4xx_hal_uart.o
 .text.UART_Transmit_IT
                0x08001dc8       0x6a src\lib\STM32F4xx_HAL_Driver\Src\stm32f4xx_hal_uart.o
 *fill*         0x08001e32        0x2 
 .text.UART_SetConfig
                0x08001e34      0x344 src\lib\STM32F4xx_HAL_Driver\Src\stm32f4xx_hal_uart.o
 .text.UART_WaitOnFlagUntilTimeout
                0x08002178       0x64 src\lib\STM32F4xx_HAL_Driver\Src\stm32f4xx_hal_uart.o
 .text.HAL_UART_Init
                0x080021dc       0x5e src\lib\STM32F4xx_HAL_Driver\Src\stm32f4xx_hal_uart.o
                0x080021dc                HAL_UART_Init
 .text.HAL_UART_MspDeInit
                0x0800223a        0x2 src\lib\STM32F4xx_HAL_Driver\Src\stm32f4xx_hal_uart.o
                0x0800223a                HAL_UART_MspDeInit
 .text.HAL_UART_DeInit
                0x0800223c       0x26 src\lib\STM32F4xx_HAL_Driver\Src\stm32f4xx_hal_uart.o
                0x0800223c                HAL_UART_DeInit
 .text.HAL_UART_Transmit
                0x08002262       0xe2 src\lib\STM32F4xx_HAL_Driver\Src\stm32f4xx_hal_uart.o
                0x08002262                HAL_UART_Transmit
 .text.HAL_UART_Receive_IT
                0x08002344       0x52 src\lib\STM32F4xx_HAL_Driver\Src\stm32f4xx_hal_uart.o
                0x08002344                HAL_UART_Receive_IT
 .text.HAL_UART_TxCpltCallback
                0x08002396        0x2 src\lib\STM32F4xx_HAL_Driver\Src\stm32f4xx_hal_uart.o
                0x08002396                HAL_UART_TxCpltCallback
 .text.UART_EndTransmit_IT
                0x08002398       0x1a src\lib\STM32F4xx_HAL_Driver\Src\stm32f4xx_hal_uart.o
 .text.UART_Receive_IT
                0x080023b2       0x94 src\lib\STM32F4xx_HAL_Driver\Src\stm32f4xx_hal_uart.o
 *fill*         0x08002446        0x2 
 .text.HAL_UART_IRQHandler
                0x08002448      0x120 src\lib\STM32F4xx_HAL_Driver\Src\stm32f4xx_hal_uart.o
                0x08002448                HAL_UART_IRQHandler
 .text.UART_DMAAbortOnError
                0x08002568       0x10 src\lib\STM32F4xx_HAL_Driver\Src\stm32f4xx_hal_uart.o
 .text.main     0x08002578       0x12 src\main.o
                0x08002578                main
 *fill*         0x0800258a        0x2 
 .text._sbrk    0x0800258c       0x24 syscalls.o
                0x0800258c                _sbrk
 .text.__libc_init_array
                0x080025b0       0x48 c:/program files (x86)/atollic/truestudio for stm32 9.3.0/armtools/bin/../lib/gcc/arm-atollic-eabi/6.3.1/../../../../arm-atollic-eabi/lib/armv7e-m/fpu\libc_nano.a(lib_a-init.o)
                0x080025b0                __libc_init_array
 .text._vsnprintf_r
                0x080025f8       0x58 c:/program files (x86)/atollic/truestudio for stm32 9.3.0/armtools/bin/../lib/gcc/arm-atollic-eabi/6.3.1/../../../../arm-atollic-eabi/lib/armv7e-m/fpu\libc_nano.a(lib_a-vsnprintf.o)
                0x080025f8                _vsniprintf_r
                0x080025f8                _vsnprintf_r
 .text.vsnprintf
                0x08002650       0x1c c:/program files (x86)/atollic/truestudio for stm32 9.3.0/armtools/bin/../lib/gcc/arm-atollic-eabi/6.3.1/../../../../arm-atollic-eabi/lib/armv7e-m/fpu\libc_nano.a(lib_a-vsnprintf.o)
                0x08002650                vsniprintf
                0x08002650                vsnprintf
 .text._free_r  0x0800266c       0x9c c:/program files (x86)/atollic/truestudio for stm32 9.3.0/armtools/bin/../lib/gcc/arm-atollic-eabi/6.3.1/../../../../arm-atollic-eabi/lib/armv7e-m/fpu\libc_nano.a(lib_a-nano-freer.o)
                0x0800266c                _free_r
 .text._malloc_r
                0x08002708       0xbc c:/program files (x86)/atollic/truestudio for stm32 9.3.0/armtools/bin/../lib/gcc/arm-atollic-eabi/6.3.1/../../../../arm-atollic-eabi/lib/armv7e-m/fpu\libc_nano.a(lib_a-nano-mallocr.o)
                0x08002708                _malloc_r
 .text.__ssputs_r
                0x080027c4       0xb6 c:/program files (x86)/atollic/truestudio for stm32 9.3.0/armtools/bin/../lib/gcc/arm-atollic-eabi/6.3.1/../../../../arm-atollic-eabi/lib/armv7e-m/fpu\libc_nano.a(lib_a-nano-svfprintf.o)
                0x080027c4                __ssputs_r
 *fill*         0x0800287a        0x2 
 .text._svfprintf_r
                0x0800287c      0x1e8 c:/program files (x86)/atollic/truestudio for stm32 9.3.0/armtools/bin/../lib/gcc/arm-atollic-eabi/6.3.1/../../../../arm-atollic-eabi/lib/armv7e-m/fpu\libc_nano.a(lib_a-nano-svfprintf.o)
                0x0800287c                _svfiprintf_r
                0x0800287c                _svfprintf_r
 .text._printf_common
                0x08002a64       0xec c:/program files (x86)/atollic/truestudio for stm32 9.3.0/armtools/bin/../lib/gcc/arm-atollic-eabi/6.3.1/../../../../arm-atollic-eabi/lib/armv7e-m/fpu\libc_nano.a(lib_a-nano-vfprintf_i.o)
                0x08002a64                _printf_common
 .text._printf_i
                0x08002b50      0x240 c:/program files (x86)/atollic/truestudio for stm32 9.3.0/armtools/bin/../lib/gcc/arm-atollic-eabi/6.3.1/../../../../arm-atollic-eabi/lib/armv7e-m/fpu\libc_nano.a(lib_a-nano-vfprintf_i.o)
                0x08002b50                _printf_i
 .text._sbrk_r  0x08002d90       0x20 c:/program files (x86)/atollic/truestudio for stm32 9.3.0/armtools/bin/../lib/gcc/arm-atollic-eabi/6.3.1/../../../../arm-atollic-eabi/lib/armv7e-m/fpu\libc_nano.a(lib_a-sbrkr.o)
                0x08002d90                _sbrk_r
 .text.memcpy   0x08002db0       0x16 c:/program files (x86)/atollic/truestudio for stm32 9.3.0/armtools/bin/../lib/gcc/arm-atollic-eabi/6.3.1/../../../../arm-atollic-eabi/lib/armv7e-m/fpu\libc_nano.a(lib_a-memcpy-stub.o)
                0x08002db0                memcpy
 .text.memmove  0x08002dc6       0x34 c:/program files (x86)/atollic/truestudio for stm32 9.3.0/armtools/bin/../lib/gcc/arm-atollic-eabi/6.3.1/../../../../arm-atollic-eabi/lib/armv7e-m/fpu\libc_nano.a(lib_a-memmove.o)
                0x08002dc6                memmove
 .text.__malloc_lock
                0x08002dfa        0x2 c:/program files (x86)/atollic/truestudio for stm32 9.3.0/armtools/bin/../lib/gcc/arm-atollic-eabi/6.3.1/../../../../arm-atollic-eabi/lib/armv7e-m/fpu\libc_nano.a(lib_a-mlock.o)
                0x08002dfa                __malloc_lock
 .text.__malloc_unlock
                0x08002dfc        0x2 c:/program files (x86)/atollic/truestudio for stm32 9.3.0/armtools/bin/../lib/gcc/arm-atollic-eabi/6.3.1/../../../../arm-atollic-eabi/lib/armv7e-m/fpu\libc_nano.a(lib_a-mlock.o)
                0x08002dfc                __malloc_unlock
 .text._realloc_r
                0x08002dfe       0x4c c:/program files (x86)/atollic/truestudio for stm32 9.3.0/armtools/bin/../lib/gcc/arm-atollic-eabi/6.3.1/../../../../arm-atollic-eabi/lib/armv7e-m/fpu\libc_nano.a(lib_a-nano-reallocr.o)
                0x08002dfe                _realloc_r
 .text._malloc_usable_size_r
                0x08002e4a       0x12 c:/program files (x86)/atollic/truestudio for stm32 9.3.0/armtools/bin/../lib/gcc/arm-atollic-eabi/6.3.1/../../../../arm-atollic-eabi/lib/armv7e-m/fpu\libc_nano.a(lib_a-nano-msizer.o)
                0x08002e4a                _malloc_usable_size_r
 *(.glue_7)
 .glue_7        0x08002e5c        0x0 linker stubs
 *(.glue_7t)
 .glue_7t       0x08002e5c        0x0 linker stubs
 *(.eh_frame)
 .eh_frame      0x08002e5c        0x0 c:/program files (x86)/atollic/truestudio for stm32 9.3.0/armtools/bin/../lib/gcc/arm-atollic-eabi/6.3.1/armv7e-m/fpu/crtbegin.o
 *(.init)
 .init          0x08002e5c        0x4 c:/program files (x86)/atollic/truestudio for stm32 9.3.0/armtools/bin/../lib/gcc/arm-atollic-eabi/6.3.1/armv7e-m/fpu/crti.o
                0x08002e5c                _init
 .init          0x08002e60        0x8 c:/program files (x86)/atollic/truestudio for stm32 9.3.0/armtools/bin/../lib/gcc/arm-atollic-eabi/6.3.1/armv7e-m/fpu/crtn.o
 *(.fini)
 .fini          0x08002e68        0x4 c:/program files (x86)/atollic/truestudio for stm32 9.3.0/armtools/bin/../lib/gcc/arm-atollic-eabi/6.3.1/armv7e-m/fpu/crti.o
                0x08002e68                _fini
 .fini          0x08002e6c        0x8 c:/program files (x86)/atollic/truestudio for stm32 9.3.0/armtools/bin/../lib/gcc/arm-atollic-eabi/6.3.1/armv7e-m/fpu/crtn.o
                0x08002e74                . = ALIGN (0x4)
                0x08002e74                _etext = .

.vfp11_veneer   0x08002e74        0x0
 .vfp11_veneer  0x08002e74        0x0 linker stubs

.v4_bx          0x08002e74        0x0
 .v4_bx         0x08002e74        0x0 linker stubs

.iplt           0x08002e74        0x0
 .iplt          0x08002e74        0x0 c:/program files (x86)/atollic/truestudio for stm32 9.3.0/armtools/bin/../lib/gcc/arm-atollic-eabi/6.3.1/armv7e-m/fpu/crtbegin.o

.rodata         0x08002e74       0x58
                0x08002e74                . = ALIGN (0x4)
 *(.rodata)
 *(.rodata*)
 .rodata.apMain.str1.4
                0x08002e74        0xc src\ap\ap.o
                                  0xb (size before relaxing)
 .rodata.AHBPrescTable
                0x08002e80       0x10 src\bsp\cmsis\system_stm32f4xx.o
                0x08002e80                AHBPrescTable
 .rodata.APBPrescTable
                0x08002e90        0x8 src\bsp\cmsis\system_stm32f4xx.o
                0x08002e90                APBPrescTable
 .rodata._svfprintf_r.str1.1
                0x08002e98       0x11 c:/program files (x86)/atollic/truestudio for stm32 9.3.0/armtools/bin/../lib/gcc/arm-atollic-eabi/6.3.1/../../../../arm-atollic-eabi/lib/armv7e-m/fpu\libc_nano.a(lib_a-nano-svfprintf.o)
 .rodata._printf_i.str1.1
                0x08002ea9       0x22 c:/program files (x86)/atollic/truestudio for stm32 9.3.0/armtools/bin/../lib/gcc/arm-atollic-eabi/6.3.1/../../../../arm-atollic-eabi/lib/armv7e-m/fpu\libc_nano.a(lib_a-nano-vfprintf_i.o)
                0x08002ecc                . = ALIGN (0x4)
 *fill*         0x08002ecb        0x1 

.ARM.extab
 *(.ARM.extab* .gnu.linkonce.armextab.*)

.ARM            0x08002ecc        0x8
                0x08002ecc                __exidx_start = .
 *(.ARM.exidx*)
 .ARM.exidx     0x08002ecc        0x8 c:/program files (x86)/atollic/truestudio for stm32 9.3.0/armtools/bin/../lib/gcc/arm-atollic-eabi/6.3.1/armv7e-m/fpu\libgcc.a(_udivmoddi4.o)
                0x08002ed4                __exidx_end = .

.rel.dyn        0x08002ed4        0x0
 .rel.iplt      0x08002ed4        0x0 c:/program files (x86)/atollic/truestudio for stm32 9.3.0/armtools/bin/../lib/gcc/arm-atollic-eabi/6.3.1/armv7e-m/fpu/crtbegin.o

.preinit_array  0x08002ed4        0x0
                0x08002ed4                PROVIDE (__preinit_array_start, .)
 *(.preinit_array*)
                0x08002ed4                PROVIDE (__preinit_array_end, .)

.init_array     0x08002ed4        0x4
                0x08002ed4                PROVIDE (__init_array_start, .)
 *(SORT(.init_array.*))
 *(.init_array*)
 .init_array    0x08002ed4        0x4 c:/program files (x86)/atollic/truestudio for stm32 9.3.0/armtools/bin/../lib/gcc/arm-atollic-eabi/6.3.1/armv7e-m/fpu/crtbegin.o
                0x08002ed8                PROVIDE (__init_array_end, .)

.fini_array     0x08002ed8        0x4
                [!provide]                PROVIDE (__fini_array_start, .)
 *(SORT(.fini_array.*))
 *(.fini_array*)
 .fini_array    0x08002ed8        0x4 c:/program files (x86)/atollic/truestudio for stm32 9.3.0/armtools/bin/../lib/gcc/arm-atollic-eabi/6.3.1/armv7e-m/fpu/crtbegin.o
                [!provide]                PROVIDE (__fini_array_end, .)
                0x08002edc                _sidata = LOADADDR (.data)

.data           0x20000000       0x6c load address 0x08002edc
                0x20000000                . = ALIGN (0x4)
                0x20000000                _sdata = .
 *(.data)
 *(.data*)
 .data.SystemCoreClock
                0x20000000        0x4 src\bsp\cmsis\system_stm32f4xx.o
                0x20000000                SystemCoreClock
 .data.uwTickFreq
                0x20000004        0x1 src\lib\STM32F4xx_HAL_Driver\Src\stm32f4xx_hal.o
                0x20000004                uwTickFreq
 *fill*         0x20000005        0x3 
 .data._impure_ptr
                0x20000008        0x4 c:/program files (x86)/atollic/truestudio for stm32 9.3.0/armtools/bin/../lib/gcc/arm-atollic-eabi/6.3.1/../../../../arm-atollic-eabi/lib/armv7e-m/fpu\libc_nano.a(lib_a-impure.o)
                0x20000008                _impure_ptr
 .data.impure_data
                0x2000000c       0x60 c:/program files (x86)/atollic/truestudio for stm32 9.3.0/armtools/bin/../lib/gcc/arm-atollic-eabi/6.3.1/../../../../arm-atollic-eabi/lib/armv7e-m/fpu\libc_nano.a(lib_a-impure.o)
                0x2000006c                . = ALIGN (0x4)
                0x2000006c                _edata = .

.igot.plt       0x2000006c        0x0 load address 0x08002f48
 .igot.plt      0x2000006c        0x0 c:/program files (x86)/atollic/truestudio for stm32 9.3.0/armtools/bin/../lib/gcc/arm-atollic-eabi/6.3.1/armv7e-m/fpu/crtbegin.o
                0x2000006c                . = ALIGN (0x4)

.bss            0x2000006c      0x1bc load address 0x08002f48
                0x2000006c                _sbss = .
                0x2000006c                __bss_start__ = _sbss
 *(.bss)
 .bss           0x2000006c       0x1c c:/program files (x86)/atollic/truestudio for stm32 9.3.0/armtools/bin/../lib/gcc/arm-atollic-eabi/6.3.1/armv7e-m/fpu/crtbegin.o
 *(.bss*)
 .bss.heap_end.7012
                0x20000088        0x4 syscalls.o
 .bss.__malloc_free_list
                0x2000008c        0x4 c:/program files (x86)/atollic/truestudio for stm32 9.3.0/armtools/bin/../lib/gcc/arm-atollic-eabi/6.3.1/../../../../arm-atollic-eabi/lib/armv7e-m/fpu\libc_nano.a(lib_a-nano-mallocr.o)
                0x2000008c                __malloc_free_list
 .bss.__malloc_sbrk_start
                0x20000090        0x4 c:/program files (x86)/atollic/truestudio for stm32 9.3.0/armtools/bin/../lib/gcc/arm-atollic-eabi/6.3.1/../../../../arm-atollic-eabi/lib/armv7e-m/fpu\libc_nano.a(lib_a-nano-mallocr.o)
                0x20000090                __malloc_sbrk_start
 *(COMMON)
 COMMON         0x20000094      0x16c src\hw\core\uart.o
                0x20000094                uart_tbl
                0x20000100                uart_rx_qbuf
 COMMON         0x20000200        0x4 src\lib\STM32F4xx_HAL_Driver\Src\stm32f4xx_hal.o
                0x20000200                uwTick
 COMMON         0x20000204       0x20 src\lib\STM32F4xx_HAL_Driver\Src\stm32f4xx_hal_timebase_rtc_wakeup_template.o
                0x20000204                hRTC_Handle
 COMMON         0x20000224        0x4 c:/program files (x86)/atollic/truestudio for stm32 9.3.0/armtools/bin/../lib/gcc/arm-atollic-eabi/6.3.1/../../../../arm-atollic-eabi/lib/armv7e-m/fpu\libc_nano.a(lib_a-reent.o)
                0x20000224                errno
                0x20000228                . = ALIGN (0x4)
                0x20000228                _ebss = .
                0x20000228                __bss_end__ = _ebss

._user_heap_stack
                0x20000228      0x600 load address 0x08002f48
                0x20000228                . = ALIGN (0x4)
                0x20000228                PROVIDE (end, .)
                [!provide]                PROVIDE (_end, .)
                0x20000428                . = (. + _Min_Heap_Size)
 *fill*         0x20000228      0x200 
                0x20000828                . = (. + _Min_Stack_Size)
 *fill*         0x20000428      0x400 
                0x20000828                . = ALIGN (0x4)

/DISCARD/
 libc.a(*)
 libm.a(*)
 libgcc.a(*)

.ARM.attributes
                0x00000000       0x30
 *(.ARM.attributes)
 .ARM.attributes
                0x00000000       0x22 c:/program files (x86)/atollic/truestudio for stm32 9.3.0/armtools/bin/../lib/gcc/arm-atollic-eabi/6.3.1/armv7e-m/fpu/crti.o
 .ARM.attributes
                0x00000022       0x34 c:/program files (x86)/atollic/truestudio for stm32 9.3.0/armtools/bin/../lib/gcc/arm-atollic-eabi/6.3.1/armv7e-m/fpu/crtbegin.o
 .ARM.attributes
                0x00000056       0x39 src\ap\ap.o
 .ARM.attributes
                0x0000008f       0x39 src\bsp\bsp.o
 .ARM.attributes
                0x000000c8       0x39 src\bsp\cmsis\system_stm32f4xx.o
 .ARM.attributes
                0x00000101       0x21 src\bsp\startup\startup_stm32f446xx.o
 .ARM.attributes
                0x00000122       0x39 src\bsp\stm32f4xx_it.o
 .ARM.attributes
                0x0000015b       0x39 src\common\core\qbuffer.o
 .ARM.attributes
                0x00000194       0x39 src\hw\core\led.o
 .ARM.attributes
                0x000001cd       0x39 src\hw\core\uart.o
 .ARM.attributes
                0x00000206       0x39 src\hw\hw.o
 .ARM.attributes
                0x0000023f       0x39 src\lib\STM32F4xx_HAL_Driver\Src\stm32f4xx_hal.o
 .ARM.attributes
                0x00000278       0x39 src\lib\STM32F4xx_HAL_Driver\Src\stm32f4xx_hal_cortex.o
 .ARM.attributes
                0x000002b1       0x39 src\lib\STM32F4xx_HAL_Driver\Src\stm32f4xx_hal_dma.o
 .ARM.attributes
                0x000002ea       0x39 src\lib\STM32F4xx_HAL_Driver\Src\stm32f4xx_hal_gpio.o
 .ARM.attributes
                0x00000323       0x39 src\lib\STM32F4xx_HAL_Driver\Src\stm32f4xx_hal_rcc.o
 .ARM.attributes
                0x0000035c       0x39 src\lib\STM32F4xx_HAL_Driver\Src\stm32f4xx_hal_rcc_ex.o
 .ARM.attributes
                0x00000395       0x39 src\lib\STM32F4xx_HAL_Driver\Src\stm32f4xx_hal_rtc.o
 .ARM.attributes
                0x000003ce       0x39 src\lib\STM32F4xx_HAL_Driver\Src\stm32f4xx_hal_rtc_ex.o
 .ARM.attributes
                0x00000407       0x39 src\lib\STM32F4xx_HAL_Driver\Src\stm32f4xx_hal_timebase_rtc_wakeup_template.o
 .ARM.attributes
                0x00000440       0x39 src\lib\STM32F4xx_HAL_Driver\Src\stm32f4xx_hal_uart.o
 .ARM.attributes
                0x00000479       0x39 src\main.o
 .ARM.attributes
                0x000004b2       0x39 syscalls.o
 .ARM.attributes
                0x000004eb       0x34 c:/program files (x86)/atollic/truestudio for stm32 9.3.0/armtools/bin/../lib/gcc/arm-atollic-eabi/6.3.1/../../../../arm-atollic-eabi/lib/armv7e-m/fpu\libc_nano.a(lib_a-init.o)
 .ARM.attributes
                0x0000051f       0x34 c:/program files (x86)/atollic/truestudio for stm32 9.3.0/armtools/bin/../lib/gcc/arm-atollic-eabi/6.3.1/../../../../arm-atollic-eabi/lib/armv7e-m/fpu\libc_nano.a(lib_a-reent.o)
 .ARM.attributes
                0x00000553       0x34 c:/program files (x86)/atollic/truestudio for stm32 9.3.0/armtools/bin/../lib/gcc/arm-atollic-eabi/6.3.1/../../../../arm-atollic-eabi/lib/armv7e-m/fpu\libc_nano.a(lib_a-vsnprintf.o)
 .ARM.attributes
                0x00000587       0x34 c:/program files (x86)/atollic/truestudio for stm32 9.3.0/armtools/bin/../lib/gcc/arm-atollic-eabi/6.3.1/../../../../arm-atollic-eabi/lib/armv7e-m/fpu\libc_nano.a(lib_a-impure.o)
 .ARM.attributes
                0x000005bb       0x34 c:/program files (x86)/atollic/truestudio for stm32 9.3.0/armtools/bin/../lib/gcc/arm-atollic-eabi/6.3.1/../../../../arm-atollic-eabi/lib/armv7e-m/fpu\libc_nano.a(lib_a-nano-freer.o)
 .ARM.attributes
                0x000005ef       0x34 c:/program files (x86)/atollic/truestudio for stm32 9.3.0/armtools/bin/../lib/gcc/arm-atollic-eabi/6.3.1/../../../../arm-atollic-eabi/lib/armv7e-m/fpu\libc_nano.a(lib_a-nano-mallocr.o)
 .ARM.attributes
                0x00000623       0x34 c:/program files (x86)/atollic/truestudio for stm32 9.3.0/armtools/bin/../lib/gcc/arm-atollic-eabi/6.3.1/../../../../arm-atollic-eabi/lib/armv7e-m/fpu\libc_nano.a(lib_a-nano-svfprintf.o)
 .ARM.attributes
                0x00000657       0x34 c:/program files (x86)/atollic/truestudio for stm32 9.3.0/armtools/bin/../lib/gcc/arm-atollic-eabi/6.3.1/../../../../arm-atollic-eabi/lib/armv7e-m/fpu\libc_nano.a(lib_a-nano-vfprintf_i.o)
 .ARM.attributes
                0x0000068b       0x34 c:/program files (x86)/atollic/truestudio for stm32 9.3.0/armtools/bin/../lib/gcc/arm-atollic-eabi/6.3.1/../../../../arm-atollic-eabi/lib/armv7e-m/fpu\libc_nano.a(lib_a-sbrkr.o)
 .ARM.attributes
                0x000006bf       0x20 c:/program files (x86)/atollic/truestudio for stm32 9.3.0/armtools/bin/../lib/gcc/arm-atollic-eabi/6.3.1/../../../../arm-atollic-eabi/lib/armv7e-m/fpu\libc_nano.a(lib_a-memchr.o)
 .ARM.attributes
                0x000006df       0x34 c:/program files (x86)/atollic/truestudio for stm32 9.3.0/armtools/bin/../lib/gcc/arm-atollic-eabi/6.3.1/../../../../arm-atollic-eabi/lib/armv7e-m/fpu\libc_nano.a(lib_a-memcpy-stub.o)
 .ARM.attributes
                0x00000713       0x34 c:/program files (x86)/atollic/truestudio for stm32 9.3.0/armtools/bin/../lib/gcc/arm-atollic-eabi/6.3.1/../../../../arm-atollic-eabi/lib/armv7e-m/fpu\libc_nano.a(lib_a-memmove.o)
 .ARM.attributes
                0x00000747       0x34 c:/program files (x86)/atollic/truestudio for stm32 9.3.0/armtools/bin/../lib/gcc/arm-atollic-eabi/6.3.1/../../../../arm-atollic-eabi/lib/armv7e-m/fpu\libc_nano.a(lib_a-mlock.o)
 .ARM.attributes
                0x0000077b       0x34 c:/program files (x86)/atollic/truestudio for stm32 9.3.0/armtools/bin/../lib/gcc/arm-atollic-eabi/6.3.1/../../../../arm-atollic-eabi/lib/armv7e-m/fpu\libc_nano.a(lib_a-nano-reallocr.o)
 .ARM.attributes
                0x000007af       0x34 c:/program files (x86)/atollic/truestudio for stm32 9.3.0/armtools/bin/../lib/gcc/arm-atollic-eabi/6.3.1/../../../../arm-atollic-eabi/lib/armv7e-m/fpu\libc_nano.a(lib_a-nano-msizer.o)
 .ARM.attributes
                0x000007e3       0x22 c:/program files (x86)/atollic/truestudio for stm32 9.3.0/armtools/bin/../lib/gcc/arm-atollic-eabi/6.3.1/armv7e-m/fpu\libgcc.a(_aeabi_uldivmod.o)
 .ARM.attributes
                0x00000805       0x34 c:/program files (x86)/atollic/truestudio for stm32 9.3.0/armtools/bin/../lib/gcc/arm-atollic-eabi/6.3.1/armv7e-m/fpu\libgcc.a(_udivmoddi4.o)
 .ARM.attributes
                0x00000839       0x22 c:/program files (x86)/atollic/truestudio for stm32 9.3.0/armtools/bin/../lib/gcc/arm-atollic-eabi/6.3.1/armv7e-m/fpu\libgcc.a(_dvmd_tls.o)
 .ARM.attributes
                0x0000085b       0x22 c:/program files (x86)/atollic/truestudio for stm32 9.3.0/armtools/bin/../lib/gcc/arm-atollic-eabi/6.3.1/armv7e-m/fpu/crtn.o
OUTPUT(Blue_proj.elf elf32-littlearm)

.debug_info     0x00000000    0x154f1
 .debug_info    0x00000000      0xa2c src\ap\ap.o
 .debug_info    0x00000a2c     0x1a73 src\bsp\bsp.o
 .debug_info    0x0000249f      0x537 src\bsp\cmsis\system_stm32f4xx.o
 .debug_info    0x000029d6       0x80 src\bsp\startup\startup_stm32f446xx.o
 .debug_info    0x00002a56      0x96e src\bsp\stm32f4xx_it.o
 .debug_info    0x000033c4      0x2a8 src\common\core\qbuffer.o
 .debug_info    0x0000366c      0xb72 src\hw\core\led.o
 .debug_info    0x000041de     0x1bcf src\hw\core\uart.o
 .debug_info    0x00005dad      0x9f0 src\hw\hw.o
 .debug_info    0x0000679d     0x121a src\lib\STM32F4xx_HAL_Driver\Src\stm32f4xx_hal.o
 .debug_info    0x000079b7     0x1764 src\lib\STM32F4xx_HAL_Driver\Src\stm32f4xx_hal_cortex.o
 .debug_info    0x0000911b     0x1268 src\lib\STM32F4xx_HAL_Driver\Src\stm32f4xx_hal_dma.o
 .debug_info    0x0000a383      0xfd1 src\lib\STM32F4xx_HAL_Driver\Src\stm32f4xx_hal_gpio.o
 .debug_info    0x0000b354     0x128b src\lib\STM32F4xx_HAL_Driver\Src\stm32f4xx_hal_rcc.o
 .debug_info    0x0000c5df     0x1400 src\lib\STM32F4xx_HAL_Driver\Src\stm32f4xx_hal_rcc_ex.o
 .debug_info    0x0000d9df     0x1640 src\lib\STM32F4xx_HAL_Driver\Src\stm32f4xx_hal_rtc.o
 .debug_info    0x0000f01f     0x1895 src\lib\STM32F4xx_HAL_Driver\Src\stm32f4xx_hal_rtc_ex.o
 .debug_info    0x000108b4     0x1367 src\lib\STM32F4xx_HAL_Driver\Src\stm32f4xx_hal_timebase_rtc_wakeup_template.o
 .debug_info    0x00011c1b     0x1f09 src\lib\STM32F4xx_HAL_Driver\Src\stm32f4xx_hal_uart.o
 .debug_info    0x00013b24      0x985 src\main.o
 .debug_info    0x000144a9     0x1048 syscalls.o

.debug_abbrev   0x00000000     0x2e51
 .debug_abbrev  0x00000000      0x1be src\ap\ap.o
 .debug_abbrev  0x000001be      0x23c src\bsp\bsp.o
 .debug_abbrev  0x000003fa      0x10e src\bsp\cmsis\system_stm32f4xx.o
 .debug_abbrev  0x00000508       0x12 src\bsp\startup\startup_stm32f446xx.o
 .debug_abbrev  0x0000051a      0x1a7 src\bsp\stm32f4xx_it.o
 .debug_abbrev  0x000006c1       0xf5 src\common\core\qbuffer.o
 .debug_abbrev  0x000007b6      0x1e5 src\hw\core\led.o
 .debug_abbrev  0x0000099b      0x30b src\hw\core\uart.o
 .debug_abbrev  0x00000ca6      0x1d8 src\hw\hw.o
 .debug_abbrev  0x00000e7e      0x2a8 src\lib\STM32F4xx_HAL_Driver\Src\stm32f4xx_hal.o
 .debug_abbrev  0x00001126      0x3a8 src\lib\STM32F4xx_HAL_Driver\Src\stm32f4xx_hal_cortex.o
 .debug_abbrev  0x000014ce      0x2ed src\lib\STM32F4xx_HAL_Driver\Src\stm32f4xx_hal_dma.o
 .debug_abbrev  0x000017bb      0x26a src\lib\STM32F4xx_HAL_Driver\Src\stm32f4xx_hal_gpio.o
 .debug_abbrev  0x00001a25      0x2f6 src\lib\STM32F4xx_HAL_Driver\Src\stm32f4xx_hal_rcc.o
 .debug_abbrev  0x00001d1b      0x2ac src\lib\STM32F4xx_HAL_Driver\Src\stm32f4xx_hal_rcc_ex.o
 .debug_abbrev  0x00001fc7      0x28b src\lib\STM32F4xx_HAL_Driver\Src\stm32f4xx_hal_rtc.o
 .debug_abbrev  0x00002252      0x29a src\lib\STM32F4xx_HAL_Driver\Src\stm32f4xx_hal_rtc_ex.o
 .debug_abbrev  0x000024ec      0x274 src\lib\STM32F4xx_HAL_Driver\Src\stm32f4xx_hal_timebase_rtc_wakeup_template.o
 .debug_abbrev  0x00002760      0x307 src\lib\STM32F4xx_HAL_Driver\Src\stm32f4xx_hal_uart.o
 .debug_abbrev  0x00002a67      0x198 src\main.o
 .debug_abbrev  0x00002bff      0x252 syscalls.o

.debug_loc      0x00000000     0x60c7
 .debug_loc     0x00000000       0x2a src\ap\ap.o
 .debug_loc     0x0000002a      0x13e src\bsp\cmsis\system_stm32f4xx.o
 .debug_loc     0x00000168      0x288 src\common\core\qbuffer.o
 .debug_loc     0x000003f0       0x63 src\hw\core\led.o
 .debug_loc     0x00000453      0x617 src\hw\core\uart.o
 .debug_loc     0x00000a6a       0x21 src\hw\hw.o
 .debug_loc     0x00000a8b      0x108 src\lib\STM32F4xx_HAL_Driver\Src\stm32f4xx_hal.o
 .debug_loc     0x00000b93      0x5ce src\lib\STM32F4xx_HAL_Driver\Src\stm32f4xx_hal_cortex.o
 .debug_loc     0x00001161      0xae1 src\lib\STM32F4xx_HAL_Driver\Src\stm32f4xx_hal_dma.o
 .debug_loc     0x00001c42      0x414 src\lib\STM32F4xx_HAL_Driver\Src\stm32f4xx_hal_gpio.o
 .debug_loc     0x00002056      0x3e6 src\lib\STM32F4xx_HAL_Driver\Src\stm32f4xx_hal_rcc.o
 .debug_loc     0x0000243c      0xb83 src\lib\STM32F4xx_HAL_Driver\Src\stm32f4xx_hal_rcc_ex.o
 .debug_loc     0x00002fbf      0xb2f src\lib\STM32F4xx_HAL_Driver\Src\stm32f4xx_hal_rtc.o
 .debug_loc     0x00003aee      0xd27 src\lib\STM32F4xx_HAL_Driver\Src\stm32f4xx_hal_rtc_ex.o
 .debug_loc     0x00004815       0x3f src\lib\STM32F4xx_HAL_Driver\Src\stm32f4xx_hal_timebase_rtc_wakeup_template.o
 .debug_loc     0x00004854     0x1532 src\lib\STM32F4xx_HAL_Driver\Src\stm32f4xx_hal_uart.o
 .debug_loc     0x00005d86      0x341 syscalls.o

.debug_aranges  0x00000000      0xa80
 .debug_aranges
                0x00000000       0x28 src\ap\ap.o
 .debug_aranges
                0x00000028       0x40 src\bsp\bsp.o
 .debug_aranges
                0x00000068       0x28 src\bsp\cmsis\system_stm32f4xx.o
 .debug_aranges
                0x00000090       0x28 src\bsp\startup\startup_stm32f446xx.o
 .debug_aranges
                0x000000b8       0x20 src\bsp\stm32f4xx_it.o
 .debug_aranges
                0x000000d8       0x48 src\common\core\qbuffer.o
 .debug_aranges
                0x00000120       0x38 src\hw\core\led.o
 .debug_aranges
                0x00000158       0xa8 src\hw\core\uart.o
 .debug_aranges
                0x00000200       0x30 src\hw\hw.o
 .debug_aranges
                0x00000230       0xe0 src\lib\STM32F4xx_HAL_Driver\Src\stm32f4xx_hal.o
 .debug_aranges
                0x00000310       0xa8 src\lib\STM32F4xx_HAL_Driver\Src\stm32f4xx_hal_cortex.o
 .debug_aranges
                0x000003b8       0x90 src\lib\STM32F4xx_HAL_Driver\Src\stm32f4xx_hal_dma.o
 .debug_aranges
                0x00000448       0x58 src\lib\STM32F4xx_HAL_Driver\Src\stm32f4xx_hal_gpio.o
 .debug_aranges
                0x000004a0       0x88 src\lib\STM32F4xx_HAL_Driver\Src\stm32f4xx_hal_rcc.o
 .debug_aranges
                0x00000528       0x78 src\lib\STM32F4xx_HAL_Driver\Src\stm32f4xx_hal_rcc_ex.o
 .debug_aranges
                0x000005a0       0xb8 src\lib\STM32F4xx_HAL_Driver\Src\stm32f4xx_hal_rtc.o
 .debug_aranges
                0x00000658      0x130 src\lib\STM32F4xx_HAL_Driver\Src\stm32f4xx_hal_rtc_ex.o
 .debug_aranges
                0x00000788       0x40 src\lib\STM32F4xx_HAL_Driver\Src\stm32f4xx_hal_timebase_rtc_wakeup_template.o
 .debug_aranges
                0x000007c8      0x1d0 src\lib\STM32F4xx_HAL_Driver\Src\stm32f4xx_hal_uart.o
 .debug_aranges
                0x00000998       0x20 src\main.o
 .debug_aranges
                0x000009b8       0xc8 syscalls.o

.debug_ranges   0x00000000      0x9c8
 .debug_ranges  0x00000000       0x18 src\ap\ap.o
 .debug_ranges  0x00000018       0x30 src\bsp\bsp.o
 .debug_ranges  0x00000048       0x18 src\bsp\cmsis\system_stm32f4xx.o
 .debug_ranges  0x00000060       0x20 src\bsp\startup\startup_stm32f446xx.o
 .debug_ranges  0x00000080       0x10 src\bsp\stm32f4xx_it.o
 .debug_ranges  0x00000090       0x38 src\common\core\qbuffer.o
 .debug_ranges  0x000000c8       0x28 src\hw\core\led.o
 .debug_ranges  0x000000f0       0x98 src\hw\core\uart.o
 .debug_ranges  0x00000188       0x20 src\hw\hw.o
 .debug_ranges  0x000001a8       0xd0 src\lib\STM32F4xx_HAL_Driver\Src\stm32f4xx_hal.o
 .debug_ranges  0x00000278       0xf8 src\lib\STM32F4xx_HAL_Driver\Src\stm32f4xx_hal_cortex.o
 .debug_ranges  0x00000370       0x80 src\lib\STM32F4xx_HAL_Driver\Src\stm32f4xx_hal_dma.o
 .debug_ranges  0x000003f0       0x48 src\lib\STM32F4xx_HAL_Driver\Src\stm32f4xx_hal_gpio.o
 .debug_ranges  0x00000438       0x90 src\lib\STM32F4xx_HAL_Driver\Src\stm32f4xx_hal_rcc.o
 .debug_ranges  0x000004c8       0x80 src\lib\STM32F4xx_HAL_Driver\Src\stm32f4xx_hal_rcc_ex.o
 .debug_ranges  0x00000548       0xa8 src\lib\STM32F4xx_HAL_Driver\Src\stm32f4xx_hal_rtc.o
 .debug_ranges  0x000005f0      0x120 src\lib\STM32F4xx_HAL_Driver\Src\stm32f4xx_hal_rtc_ex.o
 .debug_ranges  0x00000710       0x30 src\lib\STM32F4xx_HAL_Driver\Src\stm32f4xx_hal_timebase_rtc_wakeup_template.o
 .debug_ranges  0x00000740      0x1c0 src\lib\STM32F4xx_HAL_Driver\Src\stm32f4xx_hal_uart.o
 .debug_ranges  0x00000900       0x10 src\main.o
 .debug_ranges  0x00000910       0xb8 syscalls.o

.debug_line     0x00000000     0x648c
 .debug_line    0x00000000      0x2f9 src\ap\ap.o
 .debug_line    0x000002f9      0x41f src\bsp\bsp.o
 .debug_line    0x00000718      0x1e3 src\bsp\cmsis\system_stm32f4xx.o
 .debug_line    0x000008fb       0x87 src\bsp\startup\startup_stm32f446xx.o
 .debug_line    0x00000982      0x2e1 src\bsp\stm32f4xx_it.o
 .debug_line    0x00000c63      0x1e1 src\common\core\qbuffer.o
 .debug_line    0x00000e44      0x30c src\hw\core\led.o
 .debug_line    0x00001150      0x5b6 src\hw\core\uart.o
 .debug_line    0x00001706      0x33d src\hw\hw.o
 .debug_line    0x00001a43      0x4fa src\lib\STM32F4xx_HAL_Driver\Src\stm32f4xx_hal.o
 .debug_line    0x00001f3d      0x51b src\lib\STM32F4xx_HAL_Driver\Src\stm32f4xx_hal_cortex.o
 .debug_line    0x00002458      0x63c src\lib\STM32F4xx_HAL_Driver\Src\stm32f4xx_hal_dma.o
 .debug_line    0x00002a94      0x48b src\lib\STM32F4xx_HAL_Driver\Src\stm32f4xx_hal_gpio.o
 .debug_line    0x00002f1f      0x5b3 src\lib\STM32F4xx_HAL_Driver\Src\stm32f4xx_hal_rcc.o
 .debug_line    0x000034d2      0x76b src\lib\STM32F4xx_HAL_Driver\Src\stm32f4xx_hal_rcc_ex.o
 .debug_line    0x00003c3d      0x702 src\lib\STM32F4xx_HAL_Driver\Src\stm32f4xx_hal_rtc.o
 .debug_line    0x0000433f      0xa1c src\lib\STM32F4xx_HAL_Driver\Src\stm32f4xx_hal_rtc_ex.o
 .debug_line    0x00004d5b      0x42f src\lib\STM32F4xx_HAL_Driver\Src\stm32f4xx_hal_timebase_rtc_wakeup_template.o
 .debug_line    0x0000518a      0xc50 src\lib\STM32F4xx_HAL_Driver\Src\stm32f4xx_hal_uart.o
 .debug_line    0x00005dda      0x2d3 src\main.o
 .debug_line    0x000060ad      0x3df syscalls.o

.debug_str      0x00000000     0x3bfb
 .debug_str     0x00000000      0x5d7 src\ap\ap.o
                                0x67d (size before relaxing)
 .debug_str     0x000005d7     0x108c src\bsp\bsp.o
                               0x1727 (size before relaxing)
 .debug_str     0x00001663       0xb4 src\bsp\cmsis\system_stm32f4xx.o
                                0x3cd (size before relaxing)
 .debug_str     0x00001717       0x4d src\bsp\stm32f4xx_it.o
                                0x672 (size before relaxing)
 .debug_str     0x00001764       0xb3 src\common\core\qbuffer.o
                                0x269 (size before relaxing)
 .debug_str     0x00001817       0xdb src\hw\core\led.o
                                0x729 (size before relaxing)
 .debug_str     0x000018f2      0x201 src\hw\core\uart.o
                               0x13e9 (size before relaxing)
 .debug_str     0x00001af3       0x3b src\hw\hw.o
                                0x67f (size before relaxing)
 .debug_str     0x00001b2e      0x316 src\lib\STM32F4xx_HAL_Driver\Src\stm32f4xx_hal.o
                               0x1020 (size before relaxing)
 .debug_str     0x00001e44      0x315 src\lib\STM32F4xx_HAL_Driver\Src\stm32f4xx_hal_cortex.o
                               0x10d2 (size before relaxing)
 .debug_str     0x00002159      0x313 src\lib\STM32F4xx_HAL_Driver\Src\stm32f4xx_hal_dma.o
                                0xbed (size before relaxing)
 .debug_str     0x0000246c      0x115 src\lib\STM32F4xx_HAL_Driver\Src\stm32f4xx_hal_gpio.o
                                0x98c (size before relaxing)
 .debug_str     0x00002581      0x174 src\lib\STM32F4xx_HAL_Driver\Src\stm32f4xx_hal_rcc.o
                                0xb64 (size before relaxing)
 .debug_str     0x000026f5      0x347 src\lib\STM32F4xx_HAL_Driver\Src\stm32f4xx_hal_rcc_ex.o
                                0xc67 (size before relaxing)
 .debug_str     0x00002a3c      0x4a1 src\lib\STM32F4xx_HAL_Driver\Src\stm32f4xx_hal_rtc.o
                                0xbbc (size before relaxing)
 .debug_str     0x00002edd      0x560 src\lib\STM32F4xx_HAL_Driver\Src\stm32f4xx_hal_rtc_ex.o
                                0xf1c (size before relaxing)
 .debug_str     0x0000343d       0x8d src\lib\STM32F4xx_HAL_Driver\Src\stm32f4xx_hal_timebase_rtc_wakeup_template.o
                               0x119a (size before relaxing)
 .debug_str     0x000034ca      0x4a9 src\lib\STM32F4xx_HAL_Driver\Src\stm32f4xx_hal_uart.o
                               0x1069 (size before relaxing)
 .debug_str     0x00003973       0x13 src\main.o
                                0x64d (size before relaxing)
 .debug_str     0x00003986      0x275 syscalls.o
                                0x8e9 (size before relaxing)

.comment        0x00000000       0x7c
 .comment       0x00000000       0x7c src\ap\ap.o
                                 0x7d (size before relaxing)
 .comment       0x0000007c       0x7d src\bsp\bsp.o
 .comment       0x0000007c       0x7d src\bsp\cmsis\system_stm32f4xx.o
 .comment       0x0000007c       0x7d src\bsp\stm32f4xx_it.o
 .comment       0x0000007c       0x7d src\common\core\qbuffer.o
 .comment       0x0000007c       0x7d src\hw\core\led.o
 .comment       0x0000007c       0x7d src\hw\core\uart.o
 .comment       0x0000007c       0x7d src\hw\hw.o
 .comment       0x0000007c       0x7d src\lib\STM32F4xx_HAL_Driver\Src\stm32f4xx_hal.o
 .comment       0x0000007c       0x7d src\lib\STM32F4xx_HAL_Driver\Src\stm32f4xx_hal_cortex.o
 .comment       0x0000007c       0x7d src\lib\STM32F4xx_HAL_Driver\Src\stm32f4xx_hal_dma.o
 .comment       0x0000007c       0x7d src\lib\STM32F4xx_HAL_Driver\Src\stm32f4xx_hal_gpio.o
 .comment       0x0000007c       0x7d src\lib\STM32F4xx_HAL_Driver\Src\stm32f4xx_hal_rcc.o
 .comment       0x0000007c       0x7d src\lib\STM32F4xx_HAL_Driver\Src\stm32f4xx_hal_rcc_ex.o
 .comment       0x0000007c       0x7d src\lib\STM32F4xx_HAL_Driver\Src\stm32f4xx_hal_rtc.o
 .comment       0x0000007c       0x7d src\lib\STM32F4xx_HAL_Driver\Src\stm32f4xx_hal_rtc_ex.o
 .comment       0x0000007c       0x7d src\lib\STM32F4xx_HAL_Driver\Src\stm32f4xx_hal_timebase_rtc_wakeup_template.o
 .comment       0x0000007c       0x7d src\lib\STM32F4xx_HAL_Driver\Src\stm32f4xx_hal_uart.o
 .comment       0x0000007c       0x7d src\main.o
 .comment       0x0000007c       0x7d syscalls.o

.debug_frame    0x00000000     0x1ce0
 .debug_frame   0x00000000       0x40 src\ap\ap.o
 .debug_frame   0x00000040       0x88 src\bsp\bsp.o
 .debug_frame   0x000000c8       0x30 src\bsp\cmsis\system_stm32f4xx.o
 .debug_frame   0x000000f8       0x28 src\bsp\stm32f4xx_it.o
 .debug_frame   0x00000120       0xb0 src\common\core\qbuffer.o
 .debug_frame   0x000001d0       0x74 src\hw\core\led.o
 .debug_frame   0x00000244      0x20c src\hw\core\uart.o
 .debug_frame   0x00000450       0x58 src\hw\hw.o
 .debug_frame   0x000004a8      0x1cc src\lib\STM32F4xx_HAL_Driver\Src\stm32f4xx_hal.o
 .debug_frame   0x00000674      0x15c src\lib\STM32F4xx_HAL_Driver\Src\stm32f4xx_hal_cortex.o
 .debug_frame   0x000007d0      0x17c src\lib\STM32F4xx_HAL_Driver\Src\stm32f4xx_hal_dma.o
 .debug_frame   0x0000094c       0xd0 src\lib\STM32F4xx_HAL_Driver\Src\stm32f4xx_hal_gpio.o
 .debug_frame   0x00000a1c      0x174 src\lib\STM32F4xx_HAL_Driver\Src\stm32f4xx_hal_rcc.o
 .debug_frame   0x00000b90      0x144 src\lib\STM32F4xx_HAL_Driver\Src\stm32f4xx_hal_rcc_ex.o
 .debug_frame   0x00000cd4      0x208 src\lib\STM32F4xx_HAL_Driver\Src\stm32f4xx_hal_rtc.o
 .debug_frame   0x00000edc      0x36c src\lib\STM32F4xx_HAL_Driver\Src\stm32f4xx_hal_rtc_ex.o
 .debug_frame   0x00001248       0x88 src\lib\STM32F4xx_HAL_Driver\Src\stm32f4xx_hal_timebase_rtc_wakeup_template.o
 .debug_frame   0x000012d0      0x4e8 src\lib\STM32F4xx_HAL_Driver\Src\stm32f4xx_hal_uart.o
 .debug_frame   0x000017b8       0x28 src\main.o
 .debug_frame   0x000017e0      0x170 syscalls.o
 .debug_frame   0x00001950       0x2c c:/program files (x86)/atollic/truestudio for stm32 9.3.0/armtools/bin/../lib/gcc/arm-atollic-eabi/6.3.1/../../../../arm-atollic-eabi/lib/armv7e-m/fpu\libc_nano.a(lib_a-init.o)
 .debug_frame   0x0000197c       0x5c c:/program files (x86)/atollic/truestudio for stm32 9.3.0/armtools/bin/../lib/gcc/arm-atollic-eabi/6.3.1/../../../../arm-atollic-eabi/lib/armv7e-m/fpu\libc_nano.a(lib_a-reent.o)
 .debug_frame   0x000019d8       0x4c c:/program files (x86)/atollic/truestudio for stm32 9.3.0/armtools/bin/../lib/gcc/arm-atollic-eabi/6.3.1/../../../../arm-atollic-eabi/lib/armv7e-m/fpu\libc_nano.a(lib_a-vsnprintf.o)
 .debug_frame   0x00001a24       0x38 c:/program files (x86)/atollic/truestudio for stm32 9.3.0/armtools/bin/../lib/gcc/arm-atollic-eabi/6.3.1/../../../../arm-atollic-eabi/lib/armv7e-m/fpu\libc_nano.a(lib_a-nano-freer.o)
 .debug_frame   0x00001a5c       0x2c c:/program files (x86)/atollic/truestudio for stm32 9.3.0/armtools/bin/../lib/gcc/arm-atollic-eabi/6.3.1/../../../../arm-atollic-eabi/lib/armv7e-m/fpu\libc_nano.a(lib_a-nano-mallocr.o)
 .debug_frame   0x00001a88       0x90 c:/program files (x86)/atollic/truestudio for stm32 9.3.0/armtools/bin/../lib/gcc/arm-atollic-eabi/6.3.1/../../../../arm-atollic-eabi/lib/armv7e-m/fpu\libc_nano.a(lib_a-nano-svfprintf.o)
 .debug_frame   0x00001b18       0x60 c:/program files (x86)/atollic/truestudio for stm32 9.3.0/armtools/bin/../lib/gcc/arm-atollic-eabi/6.3.1/../../../../arm-atollic-eabi/lib/armv7e-m/fpu\libc_nano.a(lib_a-nano-vfprintf_i.o)
 .debug_frame   0x00001b78       0x2c c:/program files (x86)/atollic/truestudio for stm32 9.3.0/armtools/bin/../lib/gcc/arm-atollic-eabi/6.3.1/../../../../arm-atollic-eabi/lib/armv7e-m/fpu\libc_nano.a(lib_a-sbrkr.o)
 .debug_frame   0x00001ba4       0x28 c:/program files (x86)/atollic/truestudio for stm32 9.3.0/armtools/bin/../lib/gcc/arm-atollic-eabi/6.3.1/../../../../arm-atollic-eabi/lib/armv7e-m/fpu\libc_nano.a(lib_a-memcpy-stub.o)
 .debug_frame   0x00001bcc       0x28 c:/program files (x86)/atollic/truestudio for stm32 9.3.0/armtools/bin/../lib/gcc/arm-atollic-eabi/6.3.1/../../../../arm-atollic-eabi/lib/armv7e-m/fpu\libc_nano.a(lib_a-memmove.o)
 .debug_frame   0x00001bf4       0x30 c:/program files (x86)/atollic/truestudio for stm32 9.3.0/armtools/bin/../lib/gcc/arm-atollic-eabi/6.3.1/../../../../arm-atollic-eabi/lib/armv7e-m/fpu\libc_nano.a(lib_a-mlock.o)
 .debug_frame   0x00001c24       0x3c c:/program files (x86)/atollic/truestudio for stm32 9.3.0/armtools/bin/../lib/gcc/arm-atollic-eabi/6.3.1/../../../../arm-atollic-eabi/lib/armv7e-m/fpu\libc_nano.a(lib_a-nano-reallocr.o)
 .debug_frame   0x00001c60       0x20 c:/program files (x86)/atollic/truestudio for stm32 9.3.0/armtools/bin/../lib/gcc/arm-atollic-eabi/6.3.1/../../../../arm-atollic-eabi/lib/armv7e-m/fpu\libc_nano.a(lib_a-nano-msizer.o)
 .debug_frame   0x00001c80       0x2c c:/program files (x86)/atollic/truestudio for stm32 9.3.0/armtools/bin/../lib/gcc/arm-atollic-eabi/6.3.1/armv7e-m/fpu\libgcc.a(_aeabi_uldivmod.o)
 .debug_frame   0x00001cac       0x34 c:/program files (x86)/atollic/truestudio for stm32 9.3.0/armtools/bin/../lib/gcc/arm-atollic-eabi/6.3.1/armv7e-m/fpu\libgcc.a(_udivmoddi4.o)

Cross Reference Table

Symbol                                            File
ADC_IRQHandler                                    src\bsp\startup\startup_stm32f446xx.o
AHBPrescTable                                     src\bsp\cmsis\system_stm32f4xx.o
                                                  src\lib\STM32F4xx_HAL_Driver\Src\stm32f4xx_ll_utils.o
                                                  src\lib\STM32F4xx_HAL_Driver\Src\stm32f4xx_hal_rcc.o
APBPrescTable                                     src\bsp\cmsis\system_stm32f4xx.o
                                                  src\lib\STM32F4xx_HAL_Driver\Src\stm32f4xx_hal_rcc.o
BusFault_Handler                                  src\bsp\startup\startup_stm32f446xx.o
CAN1_RX0_IRQHandler                               src\bsp\startup\startup_stm32f446xx.o
CAN1_RX1_IRQHandler                               src\bsp\startup\startup_stm32f446xx.o
CAN1_SCE_IRQHandler                               src\bsp\startup\startup_stm32f446xx.o
CAN1_TX_IRQHandler                                src\bsp\startup\startup_stm32f446xx.o
CAN2_RX0_IRQHandler                               src\bsp\startup\startup_stm32f446xx.o
CAN2_RX1_IRQHandler                               src\bsp\startup\startup_stm32f446xx.o
CAN2_SCE_IRQHandler                               src\bsp\startup\startup_stm32f446xx.o
CAN2_TX_IRQHandler                                src\bsp\startup\startup_stm32f446xx.o
CEC_IRQHandler                                    src\bsp\startup\startup_stm32f446xx.o
DAC_DMAConvCpltCh2                                src\lib\STM32F4xx_HAL_Driver\Src\stm32f4xx_hal_dac_ex.o
                                                  src\lib\STM32F4xx_HAL_Driver\Src\stm32f4xx_hal_dac.o
DAC_DMAErrorCh2                                   src\lib\STM32F4xx_HAL_Driver\Src\stm32f4xx_hal_dac_ex.o
                                                  src\lib\STM32F4xx_HAL_Driver\Src\stm32f4xx_hal_dac.o
DAC_DMAHalfConvCpltCh2                            src\lib\STM32F4xx_HAL_Driver\Src\stm32f4xx_hal_dac_ex.o
                                                  src\lib\STM32F4xx_HAL_Driver\Src\stm32f4xx_hal_dac.o
DCMI_IRQHandler                                   src\bsp\startup\startup_stm32f446xx.o
DMA1_Stream0_IRQHandler                           src\bsp\startup\startup_stm32f446xx.o
DMA1_Stream1_IRQHandler                           src\bsp\startup\startup_stm32f446xx.o
DMA1_Stream2_IRQHandler                           src\bsp\startup\startup_stm32f446xx.o
DMA1_Stream3_IRQHandler                           src\bsp\startup\startup_stm32f446xx.o
DMA1_Stream4_IRQHandler                           src\bsp\startup\startup_stm32f446xx.o
DMA1_Stream5_IRQHandler                           src\bsp\startup\startup_stm32f446xx.o
DMA1_Stream6_IRQHandler                           src\bsp\startup\startup_stm32f446xx.o
DMA1_Stream7_IRQHandler                           src\bsp\startup\startup_stm32f446xx.o
DMA2_Stream0_IRQHandler                           src\bsp\startup\startup_stm32f446xx.o
DMA2_Stream1_IRQHandler                           src\bsp\startup\startup_stm32f446xx.o
DMA2_Stream2_IRQHandler                           src\bsp\startup\startup_stm32f446xx.o
DMA2_Stream3_IRQHandler                           src\bsp\startup\startup_stm32f446xx.o
DMA2_Stream4_IRQHandler                           src\bsp\startup\startup_stm32f446xx.o
DMA2_Stream5_IRQHandler                           src\bsp\startup\startup_stm32f446xx.o
DMA2_Stream6_IRQHandler                           src\bsp\startup\startup_stm32f446xx.o
DMA2_Stream7_IRQHandler                           src\bsp\startup\startup_stm32f446xx.o
DMA_Init                                          src\bsp\bsp.o
DebugMon_Handler                                  src\bsp\startup\startup_stm32f446xx.o
Default_Handler                                   src\bsp\startup\startup_stm32f446xx.o
EXTI0_IRQHandler                                  src\bsp\startup\startup_stm32f446xx.o
EXTI15_10_IRQHandler                              src\bsp\startup\startup_stm32f446xx.o
EXTI1_IRQHandler                                  src\bsp\startup\startup_stm32f446xx.o
EXTI2_IRQHandler                                  src\bsp\startup\startup_stm32f446xx.o
EXTI3_IRQHandler                                  src\bsp\startup\startup_stm32f446xx.o
EXTI4_IRQHandler                                  src\bsp\startup\startup_stm32f446xx.o
EXTI9_5_IRQHandler                                src\bsp\startup\startup_stm32f446xx.o
FLASH_Erase_Sector                                src\lib\STM32F4xx_HAL_Driver\Src\stm32f4xx_hal_flash_ex.o
                                                  src\lib\STM32F4xx_HAL_Driver\Src\stm32f4xx_hal_flash.o
FLASH_FlushCaches                                 src\lib\STM32F4xx_HAL_Driver\Src\stm32f4xx_hal_flash_ex.o
                                                  src\lib\STM32F4xx_HAL_Driver\Src\stm32f4xx_hal_flash.o
FLASH_IRQHandler                                  src\bsp\startup\startup_stm32f446xx.o
FLASH_WaitForLastOperation                        src\lib\STM32F4xx_HAL_Driver\Src\stm32f4xx_hal_flash.o
                                                  src\lib\STM32F4xx_HAL_Driver\Src\stm32f4xx_hal_flash_ex.o
FMC_IRQHandler                                    src\bsp\startup\startup_stm32f446xx.o
FMC_NAND_AttributeSpace_Timing_Init               src\lib\STM32F4xx_HAL_Driver\Src\stm32f4xx_ll_fmc.o
                                                  src\lib\STM32F4xx_HAL_Driver\Src\stm32f4xx_hal_nand.o
FMC_NAND_CommonSpace_Timing_Init                  src\lib\STM32F4xx_HAL_Driver\Src\stm32f4xx_ll_fmc.o
                                                  src\lib\STM32F4xx_HAL_Driver\Src\stm32f4xx_hal_nand.o
FMC_NAND_DeInit                                   src\lib\STM32F4xx_HAL_Driver\Src\stm32f4xx_ll_fmc.o
                                                  src\lib\STM32F4xx_HAL_Driver\Src\stm32f4xx_hal_nand.o
FMC_NAND_ECC_Disable                              src\lib\STM32F4xx_HAL_Driver\Src\stm32f4xx_ll_fmc.o
                                                  src\lib\STM32F4xx_HAL_Driver\Src\stm32f4xx_hal_nand.o
FMC_NAND_ECC_Enable                               src\lib\STM32F4xx_HAL_Driver\Src\stm32f4xx_ll_fmc.o
                                                  src\lib\STM32F4xx_HAL_Driver\Src\stm32f4xx_hal_nand.o
FMC_NAND_GetECC                                   src\lib\STM32F4xx_HAL_Driver\Src\stm32f4xx_ll_fmc.o
                                                  src\lib\STM32F4xx_HAL_Driver\Src\stm32f4xx_hal_nand.o
FMC_NAND_Init                                     src\lib\STM32F4xx_HAL_Driver\Src\stm32f4xx_ll_fmc.o
                                                  src\lib\STM32F4xx_HAL_Driver\Src\stm32f4xx_hal_nand.o
FMC_NORSRAM_DeInit                                src\lib\STM32F4xx_HAL_Driver\Src\stm32f4xx_ll_fmc.o
                                                  src\lib\STM32F4xx_HAL_Driver\Src\stm32f4xx_hal_sram.o
                                                  src\lib\STM32F4xx_HAL_Driver\Src\stm32f4xx_hal_nor.o
FMC_NORSRAM_Extended_Timing_Init                  src\lib\STM32F4xx_HAL_Driver\Src\stm32f4xx_ll_fmc.o
                                                  src\lib\STM32F4xx_HAL_Driver\Src\stm32f4xx_hal_sram.o
                                                  src\lib\STM32F4xx_HAL_Driver\Src\stm32f4xx_hal_nor.o
FMC_NORSRAM_Init                                  src\lib\STM32F4xx_HAL_Driver\Src\stm32f4xx_ll_fmc.o
                                                  src\lib\STM32F4xx_HAL_Driver\Src\stm32f4xx_hal_sram.o
                                                  src\lib\STM32F4xx_HAL_Driver\Src\stm32f4xx_hal_nor.o
FMC_NORSRAM_Timing_Init                           src\lib\STM32F4xx_HAL_Driver\Src\stm32f4xx_ll_fmc.o
                                                  src\lib\STM32F4xx_HAL_Driver\Src\stm32f4xx_hal_sram.o
                                                  src\lib\STM32F4xx_HAL_Driver\Src\stm32f4xx_hal_nor.o
FMC_NORSRAM_WriteOperation_Disable                src\lib\STM32F4xx_HAL_Driver\Src\stm32f4xx_ll_fmc.o
                                                  src\lib\STM32F4xx_HAL_Driver\Src\stm32f4xx_hal_sram.o
                                                  src\lib\STM32F4xx_HAL_Driver\Src\stm32f4xx_hal_nor.o
FMC_NORSRAM_WriteOperation_Enable                 src\lib\STM32F4xx_HAL_Driver\Src\stm32f4xx_ll_fmc.o
                                                  src\lib\STM32F4xx_HAL_Driver\Src\stm32f4xx_hal_sram.o
                                                  src\lib\STM32F4xx_HAL_Driver\Src\stm32f4xx_hal_nor.o
FMC_SDRAM_DeInit                                  src\lib\STM32F4xx_HAL_Driver\Src\stm32f4xx_ll_fmc.o
                                                  src\lib\STM32F4xx_HAL_Driver\Src\stm32f4xx_hal_sdram.o
FMC_SDRAM_GetModeStatus                           src\lib\STM32F4xx_HAL_Driver\Src\stm32f4xx_ll_fmc.o
                                                  src\lib\STM32F4xx_HAL_Driver\Src\stm32f4xx_hal_sdram.o
FMC_SDRAM_Init                                    src\lib\STM32F4xx_HAL_Driver\Src\stm32f4xx_ll_fmc.o
                                                  src\lib\STM32F4xx_HAL_Driver\Src\stm32f4xx_hal_sdram.o
FMC_SDRAM_ProgramRefreshRate                      src\lib\STM32F4xx_HAL_Driver\Src\stm32f4xx_ll_fmc.o
                                                  src\lib\STM32F4xx_HAL_Driver\Src\stm32f4xx_hal_sdram.o
FMC_SDRAM_SendCommand                             src\lib\STM32F4xx_HAL_Driver\Src\stm32f4xx_ll_fmc.o
                                                  src\lib\STM32F4xx_HAL_Driver\Src\stm32f4xx_hal_sdram.o
FMC_SDRAM_SetAutoRefreshNumber                    src\lib\STM32F4xx_HAL_Driver\Src\stm32f4xx_ll_fmc.o
                                                  src\lib\STM32F4xx_HAL_Driver\Src\stm32f4xx_hal_sdram.o
FMC_SDRAM_Timing_Init                             src\lib\STM32F4xx_HAL_Driver\Src\stm32f4xx_ll_fmc.o
                                                  src\lib\STM32F4xx_HAL_Driver\Src\stm32f4xx_hal_sdram.o
FMC_SDRAM_WriteProtection_Disable                 src\lib\STM32F4xx_HAL_Driver\Src\stm32f4xx_ll_fmc.o
                                                  src\lib\STM32F4xx_HAL_Driver\Src\stm32f4xx_hal_sdram.o
FMC_SDRAM_WriteProtection_Enable                  src\lib\STM32F4xx_HAL_Driver\Src\stm32f4xx_ll_fmc.o
                                                  src\lib\STM32F4xx_HAL_Driver\Src\stm32f4xx_hal_sdram.o
FMPI2C1_Error_IRQHandler                          src\bsp\startup\startup_stm32f446xx.o
FMPI2C1_Event_IRQHandler                          src\bsp\startup\startup_stm32f446xx.o
FPU_IRQHandler                                    src\bsp\startup\startup_stm32f446xx.o
HAL_ADCEx_InjectedConfigChannel                   src\lib\STM32F4xx_HAL_Driver\Src\stm32f4xx_hal_adc_ex.o
HAL_ADCEx_InjectedConvCpltCallback                src\lib\STM32F4xx_HAL_Driver\Src\stm32f4xx_hal_adc_ex.o
                                                  src\lib\STM32F4xx_HAL_Driver\Src\stm32f4xx_hal_adc.o
HAL_ADCEx_InjectedGetValue                        src\lib\STM32F4xx_HAL_Driver\Src\stm32f4xx_hal_adc_ex.o
HAL_ADCEx_InjectedPollForConversion               src\lib\STM32F4xx_HAL_Driver\Src\stm32f4xx_hal_adc_ex.o
HAL_ADCEx_InjectedStart                           src\lib\STM32F4xx_HAL_Driver\Src\stm32f4xx_hal_adc_ex.o
HAL_ADCEx_InjectedStart_IT                        src\lib\STM32F4xx_HAL_Driver\Src\stm32f4xx_hal_adc_ex.o
HAL_ADCEx_InjectedStop                            src\lib\STM32F4xx_HAL_Driver\Src\stm32f4xx_hal_adc_ex.o
HAL_ADCEx_InjectedStop_IT                         src\lib\STM32F4xx_HAL_Driver\Src\stm32f4xx_hal_adc_ex.o
HAL_ADCEx_MultiModeConfigChannel                  src\lib\STM32F4xx_HAL_Driver\Src\stm32f4xx_hal_adc_ex.o
HAL_ADCEx_MultiModeGetValue                       src\lib\STM32F4xx_HAL_Driver\Src\stm32f4xx_hal_adc_ex.o
HAL_ADCEx_MultiModeStart_DMA                      src\lib\STM32F4xx_HAL_Driver\Src\stm32f4xx_hal_adc_ex.o
HAL_ADCEx_MultiModeStop_DMA                       src\lib\STM32F4xx_HAL_Driver\Src\stm32f4xx_hal_adc_ex.o
HAL_ADC_AnalogWDGConfig                           src\lib\STM32F4xx_HAL_Driver\Src\stm32f4xx_hal_adc.o
HAL_ADC_ConfigChannel                             src\lib\STM32F4xx_HAL_Driver\Src\stm32f4xx_hal_adc.o
HAL_ADC_ConvCpltCallback                          src\lib\STM32F4xx_HAL_Driver\Src\stm32f4xx_hal_adc.o
                                                  src\lib\STM32F4xx_HAL_Driver\Src\stm32f4xx_hal_adc_ex.o
HAL_ADC_ConvHalfCpltCallback                      src\lib\STM32F4xx_HAL_Driver\Src\stm32f4xx_hal_adc.o
                                                  src\lib\STM32F4xx_HAL_Driver\Src\stm32f4xx_hal_adc_ex.o
HAL_ADC_DeInit                                    src\lib\STM32F4xx_HAL_Driver\Src\stm32f4xx_hal_adc.o
HAL_ADC_ErrorCallback                             src\lib\STM32F4xx_HAL_Driver\Src\stm32f4xx_hal_adc.o
                                                  src\lib\STM32F4xx_HAL_Driver\Src\stm32f4xx_hal_adc_ex.o
HAL_ADC_GetError                                  src\lib\STM32F4xx_HAL_Driver\Src\stm32f4xx_hal_adc.o
HAL_ADC_GetState                                  src\lib\STM32F4xx_HAL_Driver\Src\stm32f4xx_hal_adc.o
HAL_ADC_GetValue                                  src\lib\STM32F4xx_HAL_Driver\Src\stm32f4xx_hal_adc.o
HAL_ADC_IRQHandler                                src\lib\STM32F4xx_HAL_Driver\Src\stm32f4xx_hal_adc.o
HAL_ADC_Init                                      src\lib\STM32F4xx_HAL_Driver\Src\stm32f4xx_hal_adc.o
HAL_ADC_LevelOutOfWindowCallback                  src\lib\STM32F4xx_HAL_Driver\Src\stm32f4xx_hal_adc.o
HAL_ADC_MspDeInit                                 src\lib\STM32F4xx_HAL_Driver\Src\stm32f4xx_hal_adc.o
HAL_ADC_MspInit                                   src\lib\STM32F4xx_HAL_Driver\Src\stm32f4xx_hal_adc.o
HAL_ADC_PollForConversion                         src\lib\STM32F4xx_HAL_Driver\Src\stm32f4xx_hal_adc.o
HAL_ADC_PollForEvent                              src\lib\STM32F4xx_HAL_Driver\Src\stm32f4xx_hal_adc.o
HAL_ADC_Start                                     src\lib\STM32F4xx_HAL_Driver\Src\stm32f4xx_hal_adc.o
HAL_ADC_Start_DMA                                 src\lib\STM32F4xx_HAL_Driver\Src\stm32f4xx_hal_adc.o
HAL_ADC_Start_IT                                  src\lib\STM32F4xx_HAL_Driver\Src\stm32f4xx_hal_adc.o
HAL_ADC_Stop                                      src\lib\STM32F4xx_HAL_Driver\Src\stm32f4xx_hal_adc.o
HAL_ADC_Stop_DMA                                  src\lib\STM32F4xx_HAL_Driver\Src\stm32f4xx_hal_adc.o
HAL_ADC_Stop_IT                                   src\lib\STM32F4xx_HAL_Driver\Src\stm32f4xx_hal_adc.o
HAL_CAN_AbortTxRequest                            src\lib\STM32F4xx_HAL_Driver\Src\stm32f4xx_hal_can.o
HAL_CAN_ActivateNotification                      src\lib\STM32F4xx_HAL_Driver\Src\stm32f4xx_hal_can.o
HAL_CAN_AddTxMessage                              src\lib\STM32F4xx_HAL_Driver\Src\stm32f4xx_hal_can.o
HAL_CAN_ConfigFilter                              src\lib\STM32F4xx_HAL_Driver\Src\stm32f4xx_hal_can.o
HAL_CAN_DeInit                                    src\lib\STM32F4xx_HAL_Driver\Src\stm32f4xx_hal_can.o
HAL_CAN_DeactivateNotification                    src\lib\STM32F4xx_HAL_Driver\Src\stm32f4xx_hal_can.o
HAL_CAN_ErrorCallback                             src\lib\STM32F4xx_HAL_Driver\Src\stm32f4xx_hal_can.o
HAL_CAN_GetError                                  src\lib\STM32F4xx_HAL_Driver\Src\stm32f4xx_hal_can.o
HAL_CAN_GetRxFifoFillLevel                        src\lib\STM32F4xx_HAL_Driver\Src\stm32f4xx_hal_can.o
HAL_CAN_GetRxMessage                              src\lib\STM32F4xx_HAL_Driver\Src\stm32f4xx_hal_can.o
HAL_CAN_GetState                                  src\lib\STM32F4xx_HAL_Driver\Src\stm32f4xx_hal_can.o
HAL_CAN_GetTxMailboxesFreeLevel                   src\lib\STM32F4xx_HAL_Driver\Src\stm32f4xx_hal_can.o
HAL_CAN_GetTxTimestamp                            src\lib\STM32F4xx_HAL_Driver\Src\stm32f4xx_hal_can.o
HAL_CAN_IRQHandler                                src\lib\STM32F4xx_HAL_Driver\Src\stm32f4xx_hal_can.o
HAL_CAN_Init                                      src\lib\STM32F4xx_HAL_Driver\Src\stm32f4xx_hal_can.o
HAL_CAN_IsSleepActive                             src\lib\STM32F4xx_HAL_Driver\Src\stm32f4xx_hal_can.o
HAL_CAN_IsTxMessagePending                        src\lib\STM32F4xx_HAL_Driver\Src\stm32f4xx_hal_can.o
HAL_CAN_MspDeInit                                 src\lib\STM32F4xx_HAL_Driver\Src\stm32f4xx_hal_can.o
HAL_CAN_MspInit                                   src\lib\STM32F4xx_HAL_Driver\Src\stm32f4xx_hal_can.o
HAL_CAN_RequestSleep                              src\lib\STM32F4xx_HAL_Driver\Src\stm32f4xx_hal_can.o
HAL_CAN_ResetError                                src\lib\STM32F4xx_HAL_Driver\Src\stm32f4xx_hal_can.o
HAL_CAN_RxFifo0FullCallback                       src\lib\STM32F4xx_HAL_Driver\Src\stm32f4xx_hal_can.o
HAL_CAN_RxFifo0MsgPendingCallback                 src\lib\STM32F4xx_HAL_Driver\Src\stm32f4xx_hal_can.o
HAL_CAN_RxFifo1FullCallback                       src\lib\STM32F4xx_HAL_Driver\Src\stm32f4xx_hal_can.o
HAL_CAN_RxFifo1MsgPendingCallback                 src\lib\STM32F4xx_HAL_Driver\Src\stm32f4xx_hal_can.o
HAL_CAN_SleepCallback                             src\lib\STM32F4xx_HAL_Driver\Src\stm32f4xx_hal_can.o
HAL_CAN_Start                                     src\lib\STM32F4xx_HAL_Driver\Src\stm32f4xx_hal_can.o
HAL_CAN_Stop                                      src\lib\STM32F4xx_HAL_Driver\Src\stm32f4xx_hal_can.o
HAL_CAN_TxMailbox0AbortCallback                   src\lib\STM32F4xx_HAL_Driver\Src\stm32f4xx_hal_can.o
HAL_CAN_TxMailbox0CompleteCallback                src\lib\STM32F4xx_HAL_Driver\Src\stm32f4xx_hal_can.o
HAL_CAN_TxMailbox1AbortCallback                   src\lib\STM32F4xx_HAL_Driver\Src\stm32f4xx_hal_can.o
HAL_CAN_TxMailbox1CompleteCallback                src\lib\STM32F4xx_HAL_Driver\Src\stm32f4xx_hal_can.o
HAL_CAN_TxMailbox2AbortCallback                   src\lib\STM32F4xx_HAL_Driver\Src\stm32f4xx_hal_can.o
HAL_CAN_TxMailbox2CompleteCallback                src\lib\STM32F4xx_HAL_Driver\Src\stm32f4xx_hal_can.o
HAL_CAN_WakeUp                                    src\lib\STM32F4xx_HAL_Driver\Src\stm32f4xx_hal_can.o
HAL_CAN_WakeUpFromRxMsgCallback                   src\lib\STM32F4xx_HAL_Driver\Src\stm32f4xx_hal_can.o
HAL_CEC_ChangeRxBuffer                            src\lib\STM32F4xx_HAL_Driver\Src\stm32f4xx_hal_cec.o
HAL_CEC_DeInit                                    src\lib\STM32F4xx_HAL_Driver\Src\stm32f4xx_hal_cec.o
HAL_CEC_ErrorCallback                             src\lib\STM32F4xx_HAL_Driver\Src\stm32f4xx_hal_cec.o
HAL_CEC_GetError                                  src\lib\STM32F4xx_HAL_Driver\Src\stm32f4xx_hal_cec.o
HAL_CEC_GetLastReceivedFrameSize                  src\lib\STM32F4xx_HAL_Driver\Src\stm32f4xx_hal_cec.o
HAL_CEC_GetState                                  src\lib\STM32F4xx_HAL_Driver\Src\stm32f4xx_hal_cec.o
HAL_CEC_IRQHandler                                src\lib\STM32F4xx_HAL_Driver\Src\stm32f4xx_hal_cec.o
HAL_CEC_Init                                      src\lib\STM32F4xx_HAL_Driver\Src\stm32f4xx_hal_cec.o
HAL_CEC_MspDeInit                                 src\lib\STM32F4xx_HAL_Driver\Src\stm32f4xx_hal_cec.o
HAL_CEC_MspInit                                   src\lib\STM32F4xx_HAL_Driver\Src\stm32f4xx_hal_cec.o
HAL_CEC_RxCpltCallback                            src\lib\STM32F4xx_HAL_Driver\Src\stm32f4xx_hal_cec.o
HAL_CEC_SetDeviceAddress                          src\lib\STM32F4xx_HAL_Driver\Src\stm32f4xx_hal_cec.o
HAL_CEC_Transmit_IT                               src\lib\STM32F4xx_HAL_Driver\Src\stm32f4xx_hal_cec.o
HAL_CEC_TxCpltCallback                            src\lib\STM32F4xx_HAL_Driver\Src\stm32f4xx_hal_cec.o
HAL_CRC_Accumulate                                src\lib\STM32F4xx_HAL_Driver\Src\stm32f4xx_hal_crc.o
HAL_CRC_Calculate                                 src\lib\STM32F4xx_HAL_Driver\Src\stm32f4xx_hal_crc.o
HAL_CRC_DeInit                                    src\lib\STM32F4xx_HAL_Driver\Src\stm32f4xx_hal_crc.o
HAL_CRC_GetState                                  src\lib\STM32F4xx_HAL_Driver\Src\stm32f4xx_hal_crc.o
HAL_CRC_Init                                      src\lib\STM32F4xx_HAL_Driver\Src\stm32f4xx_hal_crc.o
HAL_CRC_MspDeInit                                 src\lib\STM32F4xx_HAL_Driver\Src\stm32f4xx_hal_crc.o
HAL_CRC_MspInit                                   src\lib\STM32F4xx_HAL_Driver\Src\stm32f4xx_hal_crc.o
HAL_DACEx_ConvCpltCallbackCh2                     src\lib\STM32F4xx_HAL_Driver\Src\stm32f4xx_hal_dac_ex.o
HAL_DACEx_ConvHalfCpltCallbackCh2                 src\lib\STM32F4xx_HAL_Driver\Src\stm32f4xx_hal_dac_ex.o
HAL_DACEx_DMAUnderrunCallbackCh2                  src\lib\STM32F4xx_HAL_Driver\Src\stm32f4xx_hal_dac_ex.o
                                                  src\lib\STM32F4xx_HAL_Driver\Src\stm32f4xx_hal_dac.o
HAL_DACEx_DualGetValue                            src\lib\STM32F4xx_HAL_Driver\Src\stm32f4xx_hal_dac_ex.o
HAL_DACEx_DualSetValue                            src\lib\STM32F4xx_HAL_Driver\Src\stm32f4xx_hal_dac_ex.o
HAL_DACEx_ErrorCallbackCh2                        src\lib\STM32F4xx_HAL_Driver\Src\stm32f4xx_hal_dac_ex.o
HAL_DACEx_NoiseWaveGenerate                       src\lib\STM32F4xx_HAL_Driver\Src\stm32f4xx_hal_dac_ex.o
HAL_DACEx_TriangleWaveGenerate                    src\lib\STM32F4xx_HAL_Driver\Src\stm32f4xx_hal_dac_ex.o
HAL_DAC_ConfigChannel                             src\lib\STM32F4xx_HAL_Driver\Src\stm32f4xx_hal_dac.o
HAL_DAC_ConvCpltCallbackCh1                       src\lib\STM32F4xx_HAL_Driver\Src\stm32f4xx_hal_dac.o
HAL_DAC_ConvHalfCpltCallbackCh1                   src\lib\STM32F4xx_HAL_Driver\Src\stm32f4xx_hal_dac.o
HAL_DAC_DMAUnderrunCallbackCh1                    src\lib\STM32F4xx_HAL_Driver\Src\stm32f4xx_hal_dac.o
HAL_DAC_DeInit                                    src\lib\STM32F4xx_HAL_Driver\Src\stm32f4xx_hal_dac.o
HAL_DAC_ErrorCallbackCh1                          src\lib\STM32F4xx_HAL_Driver\Src\stm32f4xx_hal_dac.o
HAL_DAC_GetError                                  src\lib\STM32F4xx_HAL_Driver\Src\stm32f4xx_hal_dac.o
HAL_DAC_GetState                                  src\lib\STM32F4xx_HAL_Driver\Src\stm32f4xx_hal_dac.o
HAL_DAC_GetValue                                  src\lib\STM32F4xx_HAL_Driver\Src\stm32f4xx_hal_dac.o
HAL_DAC_IRQHandler                                src\lib\STM32F4xx_HAL_Driver\Src\stm32f4xx_hal_dac.o
HAL_DAC_Init                                      src\lib\STM32F4xx_HAL_Driver\Src\stm32f4xx_hal_dac.o
HAL_DAC_MspDeInit                                 src\lib\STM32F4xx_HAL_Driver\Src\stm32f4xx_hal_dac.o
HAL_DAC_MspInit                                   src\lib\STM32F4xx_HAL_Driver\Src\stm32f4xx_hal_dac.o
HAL_DAC_SetValue                                  src\lib\STM32F4xx_HAL_Driver\Src\stm32f4xx_hal_dac.o
HAL_DAC_Start                                     src\lib\STM32F4xx_HAL_Driver\Src\stm32f4xx_hal_dac.o
HAL_DAC_Start_DMA                                 src\lib\STM32F4xx_HAL_Driver\Src\stm32f4xx_hal_dac.o
HAL_DAC_Stop                                      src\lib\STM32F4xx_HAL_Driver\Src\stm32f4xx_hal_dac.o
HAL_DAC_Stop_DMA                                  src\lib\STM32F4xx_HAL_Driver\Src\stm32f4xx_hal_dac.o
HAL_DBGMCU_DisableDBGSleepMode                    src\lib\STM32F4xx_HAL_Driver\Src\stm32f4xx_hal.o
HAL_DBGMCU_DisableDBGStandbyMode                  src\lib\STM32F4xx_HAL_Driver\Src\stm32f4xx_hal.o
HAL_DBGMCU_DisableDBGStopMode                     src\lib\STM32F4xx_HAL_Driver\Src\stm32f4xx_hal.o
HAL_DBGMCU_EnableDBGSleepMode                     src\lib\STM32F4xx_HAL_Driver\Src\stm32f4xx_hal.o
HAL_DBGMCU_EnableDBGStandbyMode                   src\lib\STM32F4xx_HAL_Driver\Src\stm32f4xx_hal.o
HAL_DBGMCU_EnableDBGStopMode                      src\lib\STM32F4xx_HAL_Driver\Src\stm32f4xx_hal.o
HAL_DCMI_ConfigCrop                               src\lib\STM32F4xx_HAL_Driver\Src\stm32f4xx_hal_dcmi.o
HAL_DCMI_DeInit                                   src\lib\STM32F4xx_HAL_Driver\Src\stm32f4xx_hal_dcmi.o
HAL_DCMI_DisableCrop                              src\lib\STM32F4xx_HAL_Driver\Src\stm32f4xx_hal_dcmi.o
HAL_DCMI_EnableCrop                               src\lib\STM32F4xx_HAL_Driver\Src\stm32f4xx_hal_dcmi.o
HAL_DCMI_ErrorCallback                            src\lib\STM32F4xx_HAL_Driver\Src\stm32f4xx_hal_dcmi.o
HAL_DCMI_FrameEventCallback                       src\lib\STM32F4xx_HAL_Driver\Src\stm32f4xx_hal_dcmi.o
HAL_DCMI_GetError                                 src\lib\STM32F4xx_HAL_Driver\Src\stm32f4xx_hal_dcmi.o
HAL_DCMI_GetState                                 src\lib\STM32F4xx_HAL_Driver\Src\stm32f4xx_hal_dcmi.o
HAL_DCMI_IRQHandler                               src\lib\STM32F4xx_HAL_Driver\Src\stm32f4xx_hal_dcmi.o
HAL_DCMI_Init                                     src\lib\STM32F4xx_HAL_Driver\Src\stm32f4xx_hal_dcmi_ex.o
                                                  src\lib\STM32F4xx_HAL_Driver\Src\stm32f4xx_hal_dcmi.o
                                                  src\bsp\bsp.o
HAL_DCMI_LineEventCallback                        src\lib\STM32F4xx_HAL_Driver\Src\stm32f4xx_hal_dcmi.o
HAL_DCMI_MspDeInit                                src\lib\STM32F4xx_HAL_Driver\Src\stm32f4xx_hal_dcmi.o
HAL_DCMI_MspInit                                  src\lib\STM32F4xx_HAL_Driver\Src\stm32f4xx_hal_dcmi.o
                                                  src\lib\STM32F4xx_HAL_Driver\Src\stm32f4xx_hal_dcmi_ex.o
HAL_DCMI_Resume                                   src\lib\STM32F4xx_HAL_Driver\Src\stm32f4xx_hal_dcmi.o
HAL_DCMI_Start_DMA                                src\lib\STM32F4xx_HAL_Driver\Src\stm32f4xx_hal_dcmi.o
HAL_DCMI_Stop                                     src\lib\STM32F4xx_HAL_Driver\Src\stm32f4xx_hal_dcmi.o
HAL_DCMI_Suspend                                  src\lib\STM32F4xx_HAL_Driver\Src\stm32f4xx_hal_dcmi.o
HAL_DCMI_VsyncEventCallback                       src\lib\STM32F4xx_HAL_Driver\Src\stm32f4xx_hal_dcmi.o
HAL_DMAEx_ChangeMemory                            src\lib\STM32F4xx_HAL_Driver\Src\stm32f4xx_hal_dma_ex.o
                                                  src\lib\STM32F4xx_HAL_Driver\Src\stm32f4xx_hal_dcmi.o
HAL_DMAEx_MultiBufferStart                        src\lib\STM32F4xx_HAL_Driver\Src\stm32f4xx_hal_dma_ex.o
HAL_DMAEx_MultiBufferStart_IT                     src\lib\STM32F4xx_HAL_Driver\Src\stm32f4xx_hal_dma_ex.o
                                                  src\lib\STM32F4xx_HAL_Driver\Src\stm32f4xx_hal_dcmi.o
HAL_DMA_Abort                                     src\lib\STM32F4xx_HAL_Driver\Src\stm32f4xx_hal_dma.o
                                                  src\lib\STM32F4xx_HAL_Driver\Src\stm32f4xx_hal_usart.o
                                                  src\lib\STM32F4xx_HAL_Driver\Src\stm32f4xx_hal_uart.o
                                                  src\lib\STM32F4xx_HAL_Driver\Src\stm32f4xx_hal_tim.o
                                                  src\lib\STM32F4xx_HAL_Driver\Src\stm32f4xx_hal_spi.o
                                                  src\lib\STM32F4xx_HAL_Driver\Src\stm32f4xx_hal_smartcard.o
                                                  src\lib\STM32F4xx_HAL_Driver\Src\stm32f4xx_hal_sd.o
                                                  src\lib\STM32F4xx_HAL_Driver\Src\stm32f4xx_hal_sai.o
                                                  src\lib\STM32F4xx_HAL_Driver\Src\stm32f4xx_hal_qspi.o
                                                  src\lib\STM32F4xx_HAL_Driver\Src\stm32f4xx_hal_mmc.o
                                                  src\lib\STM32F4xx_HAL_Driver\Src\stm32f4xx_hal_irda.o
                                                  src\lib\STM32F4xx_HAL_Driver\Src\stm32f4xx_hal_i2s.o
                                                  src\lib\STM32F4xx_HAL_Driver\Src\stm32f4xx_hal_dcmi.o
                                                  src\lib\STM32F4xx_HAL_Driver\Src\stm32f4xx_hal_dac.o
                                                  src\lib\STM32F4xx_HAL_Driver\Src\stm32f4xx_hal_adc_ex.o
                                                  src\lib\STM32F4xx_HAL_Driver\Src\stm32f4xx_hal_adc.o
HAL_DMA_Abort_IT                                  src\lib\STM32F4xx_HAL_Driver\Src\stm32f4xx_hal_dma.o
                                                  src\lib\STM32F4xx_HAL_Driver\Src\stm32f4xx_hal_usart.o
                                                  src\lib\STM32F4xx_HAL_Driver\Src\stm32f4xx_hal_uart.o
                                                  src\lib\STM32F4xx_HAL_Driver\Src\stm32f4xx_hal_spi.o