Archive member included to satisfy reference by file (symbol)

c:/program files (x86)/atollic/truestudio for stm32 9.1.0/armtools/bin/../lib/gcc/arm-atollic-eabi/6.3.1/../../../../arm-atollic-eabi/lib/armv7e-m/fpu\libc_nano.a(lib_a-init.o)
                              src\bsp\startup\startup_stm32f446xx.o (__libc_init_array)
c:/program files (x86)/atollic/truestudio for stm32 9.1.0/armtools/bin/../lib/gcc/arm-atollic-eabi/6.3.1/armv7e-m/fpu\libgcc.a(_aeabi_uldivmod.o)
                              src\lib\STM32F4xx_HAL_Driver\Src\stm32f4xx_hal_rcc.o (__aeabi_uldivmod)
c:/program files (x86)/atollic/truestudio for stm32 9.1.0/armtools/bin/../lib/gcc/arm-atollic-eabi/6.3.1/armv7e-m/fpu\libgcc.a(_udivmoddi4.o)
                              c:/program files (x86)/atollic/truestudio for stm32 9.1.0/armtools/bin/../lib/gcc/arm-atollic-eabi/6.3.1/armv7e-m/fpu\libgcc.a(_aeabi_uldivmod.o) (__udivmoddi4)
c:/program files (x86)/atollic/truestudio for stm32 9.1.0/armtools/bin/../lib/gcc/arm-atollic-eabi/6.3.1/armv7e-m/fpu\libgcc.a(_dvmd_tls.o)
                              c:/program files (x86)/atollic/truestudio for stm32 9.1.0/armtools/bin/../lib/gcc/arm-atollic-eabi/6.3.1/armv7e-m/fpu\libgcc.a(_aeabi_uldivmod.o) (__aeabi_ldiv0)

Allocating common symbols
Common symbol       size              file

uwTick              0x4               src\lib\STM32F4xx_HAL_Driver\Src\stm32f4xx_hal.o
pFlash              0x20              src\lib\STM32F4xx_HAL_Driver\Src\stm32f4xx_hal_flash.o
hRTC_Handle         0x20              src\lib\STM32F4xx_HAL_Driver\Src\stm32f4xx_hal_timebase_rtc_wakeup_template.o

Discarded input sections

 .text          0x00000000        0x0 c:/program files (x86)/atollic/truestudio for stm32 9.1.0/armtools/bin/../lib/gcc/arm-atollic-eabi/6.3.1/armv7e-m/fpu/crti.o
 .data          0x00000000        0x0 c:/program files (x86)/atollic/truestudio for stm32 9.1.0/armtools/bin/../lib/gcc/arm-atollic-eabi/6.3.1/armv7e-m/fpu/crti.o
 .bss           0x00000000        0x0 c:/program files (x86)/atollic/truestudio for stm32 9.1.0/armtools/bin/../lib/gcc/arm-atollic-eabi/6.3.1/armv7e-m/fpu/crti.o
 .data          0x00000000        0x4 c:/program files (x86)/atollic/truestudio for stm32 9.1.0/armtools/bin/../lib/gcc/arm-atollic-eabi/6.3.1/armv7e-m/fpu/crtbegin.o
 .text          0x00000000        0x0 src\ap\ap.o
 .data          0x00000000        0x0 src\ap\ap.o
 .bss           0x00000000        0x0 src\ap\ap.o
 .text          0x00000000        0x0 src\bsp\bsp.o
 .data          0x00000000        0x0 src\bsp\bsp.o
 .bss           0x00000000        0x0 src\bsp\bsp.o
 .text          0x00000000        0x0 src\bsp\cmsis\system_stm32f4xx.o
 .data          0x00000000        0x0 src\bsp\cmsis\system_stm32f4xx.o
 .bss           0x00000000        0x0 src\bsp\cmsis\system_stm32f4xx.o
 .text.SystemCoreClockUpdate
                0x00000000       0xa0 src\bsp\cmsis\system_stm32f4xx.o
 .data.SystemCoreClock
                0x00000000        0x4 src\bsp\cmsis\system_stm32f4xx.o
 .rodata.AHBPrescTable
                0x00000000       0x10 src\bsp\cmsis\system_stm32f4xx.o
 .rodata.APBPrescTable
                0x00000000        0x8 src\bsp\cmsis\system_stm32f4xx.o
 .text          0x00000000       0x14 src\bsp\startup\startup_stm32f446xx.o
 .data          0x00000000        0x0 src\bsp\startup\startup_stm32f446xx.o
 .bss           0x00000000        0x0 src\bsp\startup\startup_stm32f446xx.o
 .text          0x00000000        0x0 src\bsp\stm32f4xx_it.o
 .data          0x00000000        0x0 src\bsp\stm32f4xx_it.o
 .bss           0x00000000        0x0 src\bsp\stm32f4xx_it.o
 .text          0x00000000        0x0 src\hw\hw.o
 .data          0x00000000        0x0 src\hw\hw.o
 .bss           0x00000000        0x0 src\hw\hw.o
 .text          0x00000000        0x0 src\lib\STM32F4xx_HAL_Driver\Src\Legacy\stm32f4xx_hal_can.o
 .data          0x00000000        0x0 src\lib\STM32F4xx_HAL_Driver\Src\Legacy\stm32f4xx_hal_can.o
 .bss           0x00000000        0x0 src\lib\STM32F4xx_HAL_Driver\Src\Legacy\stm32f4xx_hal_can.o
 .debug_info    0x00000000      0x927 src\lib\STM32F4xx_HAL_Driver\Src\Legacy\stm32f4xx_hal_can.o
 .debug_abbrev  0x00000000      0x15c src\lib\STM32F4xx_HAL_Driver\Src\Legacy\stm32f4xx_hal_can.o
 .debug_aranges
                0x00000000       0x18 src\lib\STM32F4xx_HAL_Driver\Src\Legacy\stm32f4xx_hal_can.o
 .debug_line    0x00000000      0x231 src\lib\STM32F4xx_HAL_Driver\Src\Legacy\stm32f4xx_hal_can.o
 .debug_str     0x00000000      0x660 src\lib\STM32F4xx_HAL_Driver\Src\Legacy\stm32f4xx_hal_can.o
 .comment       0x00000000       0x7d src\lib\STM32F4xx_HAL_Driver\Src\Legacy\stm32f4xx_hal_can.o
 .ARM.attributes
                0x00000000       0x39 src\lib\STM32F4xx_HAL_Driver\Src\Legacy\stm32f4xx_hal_can.o
 .text          0x00000000        0x0 src\lib\STM32F4xx_HAL_Driver\Src\stm32f4xx_hal.o
 .data          0x00000000        0x0 src\lib\STM32F4xx_HAL_Driver\Src\stm32f4xx_hal.o
[...]
Memory Configuration

Name             Origin             Length             Attributes
RAM              0x20000000         0x00020000         xrw
FLASH            0x08000000         0x00080000         xr
*default*        0x00000000         0xffffffff

Linker script and memory map

LOAD c:/program files (x86)/atollic/truestudio for stm32 9.1.0/armtools/bin/../lib/gcc/arm-atollic-eabi/6.3.1/armv7e-m/fpu/crti.o
LOAD c:/program files (x86)/atollic/truestudio for stm32 9.1.0/armtools/bin/../lib/gcc/arm-atollic-eabi/6.3.1/armv7e-m/fpu/crtbegin.o
LOAD src\ap\ap.o
LOAD src\bsp\bsp.o
LOAD src\bsp\cmsis\system_stm32f4xx.o
LOAD src\bsp\startup\startup_stm32f446xx.o
LOAD src\bsp\stm32f4xx_it.o
LOAD src\hw\hw.o
LOAD src\lib\STM32F4xx_HAL_Driver\Src\Legacy\stm32f4xx_hal_can.o
LOAD src\lib\STM32F4xx_HAL_Driver\Src\stm32f4xx_hal.o
LOAD src\lib\STM32F4xx_HAL_Driver\Src\stm32f4xx_hal_adc.o
LOAD src\lib\STM32F4xx_HAL_Driver\Src\stm32f4xx_hal_adc_ex.o
LOAD src\lib\STM32F4xx_HAL_Driver\Src\stm32f4xx_hal_can.o
LOAD src\lib\STM32F4xx_HAL_Driver\Src\stm32f4xx_hal_cec.o
LOAD src\lib\STM32F4xx_HAL_Driver\Src\stm32f4xx_hal_cortex.o
LOAD src\lib\STM32F4xx_HAL_Driver\Src\stm32f4xx_hal_crc.o
LOAD src\lib\STM32F4xx_HAL_Driver\Src\stm32f4xx_hal_cryp.o
LOAD src\lib\STM32F4xx_HAL_Driver\Src\stm32f4xx_hal_cryp_ex.o
LOAD src\lib\STM32F4xx_HAL_Driver\Src\stm32f4xx_hal_dac.o
LOAD src\lib\STM32F4xx_HAL_Driver\Src\stm32f4xx_hal_dac_ex.o
LOAD src\lib\STM32F4xx_HAL_Driver\Src\stm32f4xx_hal_dcmi.o
LOAD src\lib\STM32F4xx_HAL_Driver\Src\stm32f4xx_hal_dcmi_ex.o
LOAD src\lib\STM32F4xx_HAL_Driver\Src\stm32f4xx_hal_dfsdm.o
LOAD src\lib\STM32F4xx_HAL_Driver\Src\stm32f4xx_hal_dma.o
LOAD src\lib\STM32F4xx_HAL_Driver\Src\stm32f4xx_hal_dma2d.o
LOAD src\lib\STM32F4xx_HAL_Driver\Src\stm32f4xx_hal_dma_ex.o
LOAD src\lib\STM32F4xx_HAL_Driver\Src\stm32f4xx_hal_dsi.o
LOAD src\lib\STM32F4xx_HAL_Driver\Src\stm32f4xx_hal_eth.o
LOAD src\lib\STM32F4xx_HAL_Driver\Src\stm32f4xx_hal_flash.o
LOAD src\lib\STM32F4xx_HAL_Driver\Src\stm32f4xx_hal_flash_ex.o
LOAD src\lib\STM32F4xx_HAL_Driver\Src\stm32f4xx_hal_flash_ramfunc.o
LOAD src\lib\STM32F4xx_HAL_Driver\Src\stm32f4xx_hal_fmpi2c.o
LOAD src\lib\STM32F4xx_HAL_Driver\Src\stm32f4xx_hal_fmpi2c_ex.o
LOAD src\lib\STM32F4xx_HAL_Driver\Src\stm32f4xx_hal_gpio.o
LOAD src\lib\STM32F4xx_HAL_Driver\Src\stm32f4xx_hal_hash.o
LOAD src\lib\STM32F4xx_HAL_Driver\Src\stm32f4xx_hal_hash_ex.o
LOAD src\lib\STM32F4xx_HAL_Driver\Src\stm32f4xx_hal_hcd.o
LOAD src\lib\STM32F4xx_HAL_Driver\Src\stm32f4xx_hal_i2c.o
LOAD src\lib\STM32F4xx_HAL_Driver\Src\stm32f4xx_hal_i2c_ex.o
LOAD src\lib\STM32F4xx_HAL_Driver\Src\stm32f4xx_hal_i2s.o
LOAD src\lib\STM32F4xx_HAL_Driver\Src\stm32f4xx_hal_i2s_ex.o
LOAD src\lib\STM32F4xx_HAL_Driver\Src\stm32f4xx_hal_irda.o
LOAD src\lib\STM32F4xx_HAL_Driver\Src\stm32f4xx_hal_iwdg.o
LOAD src\lib\STM32F4xx_HAL_Driver\Src\stm32f4xx_hal_lptim.o
LOAD src\lib\STM32F4xx_HAL_Driver\Src\stm32f4xx_hal_ltdc.o
LOAD src\lib\STM32F4xx_HAL_Driver\Src\stm32f4xx_hal_ltdc_ex.o
LOAD src\lib\STM32F4xx_HAL_Driver\Src\stm32f4xx_hal_mmc.o
LOAD src\lib\STM32F4xx_HAL_Driver\Src\stm32f4xx_hal_nand.o
LOAD src\lib\STM32F4xx_HAL_Driver\Src\stm32f4xx_hal_nor.o
LOAD src\lib\STM32F4xx_HAL_Driver\Src\stm32f4xx_hal_pccard.o
LOAD src\lib\STM32F4xx_HAL_Driver\Src\stm32f4xx_hal_pcd.o
LOAD src\lib\STM32F4xx_HAL_Driver\Src\stm32f4xx_hal_pcd_ex.o
LOAD src\lib\STM32F4xx_HAL_Driver\Src\stm32f4xx_hal_pwr.o
LOAD src\lib\STM32F4xx_HAL_Driver\Src\stm32f4xx_hal_pwr_ex.o
LOAD src\lib\STM32F4xx_HAL_Driver\Src\stm32f4xx_hal_qspi.o
LOAD src\lib\STM32F4xx_HAL_Driver\Src\stm32f4xx_hal_rcc.o
LOAD src\lib\STM32F4xx_HAL_Driver\Src\stm32f4xx_hal_rcc_ex.o
LOAD src\lib\STM32F4xx_HAL_Driver\Src\stm32f4xx_hal_rng.o
LOAD src\lib\STM32F4xx_HAL_Driver\Src\stm32f4xx_hal_rtc.o
LOAD src\lib\STM32F4xx_HAL_Driver\Src\stm32f4xx_hal_rtc_ex.o
LOAD src\lib\STM32F4xx_HAL_Driver\Src\stm32f4xx_hal_sai.o
LOAD src\lib\STM32F4xx_HAL_Driver\Src\stm32f4xx_hal_sai_ex.o
LOAD src\lib\STM32F4xx_HAL_Driver\Src\stm32f4xx_hal_sd.o
LOAD src\lib\STM32F4xx_HAL_Driver\Src\stm32f4xx_hal_sdram.o
LOAD src\lib\STM32F4xx_HAL_Driver\Src\stm32f4xx_hal_smartcard.o
LOAD src\lib\STM32F4xx_HAL_Driver\Src\stm32f4xx_hal_spdifrx.o
LOAD src\lib\STM32F4xx_HAL_Driver\Src\stm32f4xx_hal_spi.o
LOAD src\lib\STM32F4xx_HAL_Driver\Src\stm32f4xx_hal_sram.o
LOAD src\lib\STM32F4xx_HAL_Driver\Src\stm32f4xx_hal_tim.o
LOAD src\lib\STM32F4xx_HAL_Driver\Src\stm32f4xx_hal_tim_ex.o
LOAD src\lib\STM32F4xx_HAL_Driver\Src\stm32f4xx_hal_timebase_rtc_wakeup_template.o
LOAD src\lib\STM32F4xx_HAL_Driver\Src\stm32f4xx_hal_uart.o
LOAD src\lib\STM32F4xx_HAL_Driver\Src\stm32f4xx_hal_usart.o
LOAD src\lib\STM32F4xx_HAL_Driver\Src\stm32f4xx_hal_wwdg.o
LOAD src\lib\STM32F4xx_HAL_Driver\Src\stm32f4xx_ll_adc.o
LOAD src\lib\STM32F4xx_HAL_Driver\Src\stm32f4xx_ll_crc.o
LOAD src\lib\STM32F4xx_HAL_Driver\Src\stm32f4xx_ll_dac.o
LOAD src\lib\STM32F4xx_HAL_Driver\Src\stm32f4xx_ll_dma.o
LOAD src\lib\STM32F4xx_HAL_Driver\Src\stm32f4xx_ll_dma2d.o
LOAD src\lib\STM32F4xx_HAL_Driver\Src\stm32f4xx_ll_exti.o
LOAD src\lib\STM32F4xx_HAL_Driver\Src\stm32f4xx_ll_fmc.o
LOAD src\lib\STM32F4xx_HAL_Driver\Src\stm32f4xx_ll_fsmc.o
LOAD src\lib\STM32F4xx_HAL_Driver\Src\stm32f4xx_ll_gpio.o
LOAD src\lib\STM32F4xx_HAL_Driver\Src\stm32f4xx_ll_i2c.o
LOAD src\lib\STM32F4xx_HAL_Driver\Src\stm32f4xx_ll_lptim.o
LOAD src\lib\STM32F4xx_HAL_Driver\Src\stm32f4xx_ll_pwr.o
LOAD src\lib\STM32F4xx_HAL_Driver\Src\stm32f4xx_ll_rcc.o
LOAD src\lib\STM32F4xx_HAL_Driver\Src\stm32f4xx_ll_rng.o
LOAD src\lib\STM32F4xx_HAL_Driver\Src\stm32f4xx_ll_rtc.o
LOAD src\lib\STM32F4xx_HAL_Driver\Src\stm32f4xx_ll_sdmmc.o
LOAD src\lib\STM32F4xx_HAL_Driver\Src\stm32f4xx_ll_spi.o
LOAD src\lib\STM32F4xx_HAL_Driver\Src\stm32f4xx_ll_tim.o
LOAD src\lib\STM32F4xx_HAL_Driver\Src\stm32f4xx_ll_usart.o
LOAD src\lib\STM32F4xx_HAL_Driver\Src\stm32f4xx_ll_usb.o
LOAD src\lib\STM32F4xx_HAL_Driver\Src\stm32f4xx_ll_utils.o
LOAD src\main.o
                0x00000080                malloc_getpagesize_P = 0x80
START GROUP
LOAD c:/program files (x86)/atollic/truestudio for stm32 9.1.0/armtools/bin/../lib/gcc/arm-atollic-eabi/6.3.1/../../../../arm-atollic-eabi/lib/armv7e-m/fpu\libc_nano.a
LOAD c:/program files (x86)/atollic/truestudio for stm32 9.1.0/armtools/bin/../lib/gcc/arm-atollic-eabi/6.3.1/../../../../arm-atollic-eabi/lib/armv7e-m/fpu\libm.a
END GROUP
START GROUP
LOAD c:/program files (x86)/atollic/truestudio for stm32 9.1.0/armtools/bin/../lib/gcc/arm-atollic-eabi/6.3.1/armv7e-m/fpu\libgcc.a
LOAD c:/program files (x86)/atollic/truestudio for stm32 9.1.0/armtools/bin/../lib/gcc/arm-atollic-eabi/6.3.1/../../../../arm-atollic-eabi/lib/armv7e-m/fpu\libc_nano.a
END GROUP
START GROUP
LOAD c:/program files (x86)/atollic/truestudio for stm32 9.1.0/armtools/bin/../lib/gcc/arm-atollic-eabi/6.3.1/armv7e-m/fpu\libgcc.a
LOAD c:/program files (x86)/atollic/truestudio for stm32 9.1.0/armtools/bin/../lib/gcc/arm-atollic-eabi/6.3.1/../../../../arm-atollic-eabi/lib/armv7e-m/fpu\libc_nano.a
LOAD c:/program files (x86)/atollic/truestudio for stm32 9.1.0/armtools/bin/../lib/gcc/arm-atollic-eabi/6.3.1/../../../../arm-atollic-eabi/lib/armv7e-m/fpu\libnosys.a
END GROUP
START GROUP
LOAD c:/program files (x86)/atollic/truestudio for stm32 9.1.0/armtools/bin/../lib/gcc/arm-atollic-eabi/6.3.1/armv7e-m/fpu\libgcc.a
LOAD c:/program files (x86)/atollic/truestudio for stm32 9.1.0/armtools/bin/../lib/gcc/arm-atollic-eabi/6.3.1/../../../../arm-atollic-eabi/lib/armv7e-m/fpu\libc_nano.a
LOAD c:/program files (x86)/atollic/truestudio for stm32 9.1.0/armtools/bin/../lib/gcc/arm-atollic-eabi/6.3.1/../../../../arm-atollic-eabi/lib/armv7e-m/fpu\libnosys.a
END GROUP
LOAD c:/program files (x86)/atollic/truestudio for stm32 9.1.0/armtools/bin/../lib/gcc/arm-atollic-eabi/6.3.1/armv7e-m/fpu/crtend.o
LOAD c:/program files (x86)/atollic/truestudio for stm32 9.1.0/armtools/bin/../lib/gcc/arm-atollic-eabi/6.3.1/armv7e-m/fpu/crtn.o
                0x20020000                _estack = 0x20020000
                0x00000200                _Min_Heap_Size = 0x200
                0x00000400                _Min_Stack_Size = 0x400

.isr_vector     0x08000000      0x1c4
                0x08000000                . = ALIGN (0x4)
 *(.isr_vector)
 .isr_vector    0x08000000      0x1c4 src\bsp\startup\startup_stm32f446xx.o
                0x08000000                g_pfnVectors
                0x080001c4                . = ALIGN (0x4)

.text           0x080001c4      0x1e8
                0x080001c4                . = ALIGN (0x4)
 *(.text)
 .text          0x080001c4       0x40 c:/program files (x86)/atollic/truestudio for stm32 9.1.0/armtools/bin/../lib/gcc/arm-atollic-eabi/6.3.1/armv7e-m/fpu/crtbegin.o
 *(.text*)
 .text.apInit   0x08000204        0x2 src\ap\ap.o
                0x08000204                apInit
 .text.apMain   0x08000206        0x2 src\ap\ap.o
                0x08000206                apMain
 .text.bspInit  0x08000208        0x2 src\bsp\bsp.o
                0x08000208                bspInit
 *fill*         0x0800020a        0x2 
 .text.SystemInit
                0x0800020c       0x4c src\bsp\cmsis\system_stm32f4xx.o
                0x0800020c                SystemInit
 .text.Reset_Handler
                0x08000258       0x50 src\bsp\startup\startup_stm32f446xx.o
                0x08000258                Reset_Handler
 .text.Default_Handler
                0x080002a8        0x2 src\bsp\startup\startup_stm32f446xx.o
                0x080002a8                RTC_Alarm_IRQHandler
                0x080002a8                EXTI2_IRQHandler
                0x080002a8                TIM8_CC_IRQHandler
                0x080002a8                DebugMon_Handler
                0x080002a8                SPI4_IRQHandler
                0x080002a8                TIM1_CC_IRQHandler
                0x080002a8                DMA2_Stream5_IRQHandler
                0x080002a8                HardFault_Handler
                0x080002a8                DMA1_Stream5_IRQHandler
                0x080002a8                PVD_IRQHandler
                0x080002a8                SDIO_IRQHandler
                0x080002a8                TAMP_STAMP_IRQHandler
                0x080002a8                PendSV_Handler
                0x080002a8                NMI_Handler
                0x080002a8                CAN2_RX1_IRQHandler
                0x080002a8                EXTI3_IRQHandler
                0x080002a8                TIM8_TRG_COM_TIM14_IRQHandler
                0x080002a8                TIM1_UP_TIM10_IRQHandler
                0x080002a8                TIM8_UP_TIM13_IRQHandler
                0x080002a8                I2C3_ER_IRQHandler
                0x080002a8                FMPI2C1_Event_IRQHandler
                0x080002a8                EXTI0_IRQHandler
                0x080002a8                I2C2_EV_IRQHandler
                0x080002a8                DMA1_Stream2_IRQHandler
                0x080002a8                CAN1_RX0_IRQHandler
                0x080002a8                FPU_IRQHandler
                0x080002a8                OTG_HS_WKUP_IRQHandler
                0x080002a8                UsageFault_Handler
                0x080002a8                CAN2_SCE_IRQHandler
                0x080002a8                DMA2_Stream2_IRQHandler
                0x080002a8                SPI1_IRQHandler
                0x080002a8                TIM6_DAC_IRQHandler
                0x080002a8                TIM1_BRK_TIM9_IRQHandler
                0x080002a8                DCMI_IRQHandler
                0x080002a8                CAN2_RX0_IRQHandler
                0x080002a8                DMA2_Stream3_IRQHandler
                0x080002a8                SAI2_IRQHandler
                0x080002a8                USART6_IRQHandler
                0x080002a8                USART3_IRQHandler
                0x080002a8                CAN1_RX1_IRQHandler
                0x080002a8                UART5_IRQHandler
                0x080002a8                DMA2_Stream0_IRQHandler
                0x080002a8                TIM4_IRQHandler
                0x080002a8                QUADSPI_IRQHandler
                0x080002a8                I2C1_EV_IRQHandler
                0x080002a8                DMA1_Stream6_IRQHandler
                0x080002a8                DMA1_Stream1_IRQHandler
                0x080002a8                UART4_IRQHandler
                0x080002a8                TIM3_IRQHandler
                0x080002a8                RCC_IRQHandler
                0x080002a8                TIM8_BRK_TIM12_IRQHandler
                0x080002a8                Default_Handler
                0x080002a8                CEC_IRQHandler
                0x080002a8                EXTI15_10_IRQHandler
                0x080002a8                ADC_IRQHandler
                0x080002a8                DMA1_Stream7_IRQHandler
                0x080002a8                TIM7_IRQHandler
                0x080002a8                CAN2_TX_IRQHandler
                0x080002a8                TIM5_IRQHandler
                0x080002a8                DMA2_Stream7_IRQHandler
                0x080002a8                I2C3_EV_IRQHandler
                0x080002a8                EXTI9_5_IRQHandler
                0x080002a8                SPDIF_RX_IRQHandler
                0x080002a8                SPI2_IRQHandler
                0x080002a8                OTG_HS_EP1_IN_IRQHandler
                0x080002a8                MemManage_Handler
                0x080002a8                DMA1_Stream0_IRQHandler
                0x080002a8                CAN1_TX_IRQHandler
                0x080002a8                SVC_Handler
                0x080002a8                EXTI4_IRQHandler
                0x080002a8                OTG_HS_EP1_OUT_IRQHandler
                0x080002a8                WWDG_IRQHandler
                0x080002a8                TIM2_IRQHandler
                0x080002a8                OTG_FS_WKUP_IRQHandler
                0x080002a8                TIM1_TRG_COM_TIM11_IRQHandler
                0x080002a8                OTG_HS_IRQHandler
                0x080002a8                EXTI1_IRQHandler
                0x080002a8                USART2_IRQHandler
                0x080002a8                I2C2_ER_IRQHandler
                0x080002a8                DMA2_Stream1_IRQHandler
                0x080002a8                CAN1_SCE_IRQHandler
                0x080002a8                FLASH_IRQHandler
                0x080002a8                DMA2_Stream4_IRQHandler
                0x080002a8                BusFault_Handler
                0x080002a8                USART1_IRQHandler
                0x080002a8                OTG_FS_IRQHandler
                0x080002a8                SPI3_IRQHandler
                0x080002a8                DMA1_Stream4_IRQHandler
                0x080002a8                I2C1_ER_IRQHandler
                0x080002a8                FMC_IRQHandler
                0x080002a8                DMA2_Stream6_IRQHandler
                0x080002a8                SAI1_IRQHandler
                0x080002a8                DMA1_Stream3_IRQHandler
                0x080002a8                FMPI2C1_Error_IRQHandler
 .text.SysTick_Handler
                0x080002aa        0xc src\bsp\stm32f4xx_it.o
                0x080002aa                SysTick_Handler
 .text.hwInit   0x080002b6        0x8 src\hw\hw.o
                0x080002b6                hwInit
 *fill*         0x080002be        0x2 
 .text.HAL_IncTick
                0x080002c0       0x18 src\lib\STM32F4xx_HAL_Driver\Src\stm32f4xx_hal.o
                0x080002c0                HAL_IncTick
 .text.HAL_SYSTICK_Callback
                0x080002d8        0x2 src\lib\STM32F4xx_HAL_Driver\Src\stm32f4xx_hal_cortex.o
                0x080002d8                HAL_SYSTICK_Callback
 .text.HAL_SYSTICK_IRQHandler
                0x080002da        0x8 src\lib\STM32F4xx_HAL_Driver\Src\stm32f4xx_hal_cortex.o
                0x080002da                HAL_SYSTICK_IRQHandler
 *fill*         0x080002e2        0x2 
 .text.HAL_RTCEx_WakeUpTimerIRQHandler
                0x080002e4       0x3c src\lib\STM32F4xx_HAL_Driver\Src\stm32f4xx_hal_rtc_ex.o
                0x080002e4                HAL_RTCEx_WakeUpTimerIRQHandler
 .text.HAL_RTCEx_WakeUpTimerEventCallback
                0x08000320        0x8 src\lib\STM32F4xx_HAL_Driver\Src\stm32f4xx_hal_timebase_rtc_wakeup_template.o
                0x08000320                HAL_RTCEx_WakeUpTimerEventCallback
 .text.RTC_WKUP_IRQHandler
                0x08000328       0x10 src\lib\STM32F4xx_HAL_Driver\Src\stm32f4xx_hal_timebase_rtc_wakeup_template.o
                0x08000328                RTC_WKUP_IRQHandler
 .text.main     0x08000338       0x12 src\main.o
                0x08000338                main
 *fill*         0x0800034a        0x2 
 .text.__libc_init_array
                0x0800034c       0x48 c:/program files (x86)/atollic/truestudio for stm32 9.1.0/armtools/bin/../lib/gcc/arm-atollic-eabi/6.3.1/../../../../arm-atollic-eabi/lib/armv7e-m/fpu\libc_nano.a(lib_a-init.o)
                0x0800034c                __libc_init_array
 *(.glue_7)
 .glue_7        0x08000394        0x0 linker stubs
 *(.glue_7t)
 .glue_7t       0x08000394        0x0 linker stubs
 *(.eh_frame)
 .eh_frame      0x08000394        0x0 c:/program files (x86)/atollic/truestudio for stm32 9.1.0/armtools/bin/../lib/gcc/arm-atollic-eabi/6.3.1/armv7e-m/fpu/crtbegin.o
 *(.init)
 .init          0x08000394        0x4 c:/program files (x86)/atollic/truestudio for stm32 9.1.0/armtools/bin/../lib/gcc/arm-atollic-eabi/6.3.1/armv7e-m/fpu/crti.o
                0x08000394                _init
 .init          0x08000398        0x8 c:/program files (x86)/atollic/truestudio for stm32 9.1.0/armtools/bin/../lib/gcc/arm-atollic-eabi/6.3.1/armv7e-m/fpu/crtn.o
 *(.fini)
 .fini          0x080003a0        0x4 c:/program files (x86)/atollic/truestudio for stm32 9.1.0/armtools/bin/../lib/gcc/arm-atollic-eabi/6.3.1/armv7e-m/fpu/crti.o
                0x080003a0                _fini
 .fini          0x080003a4        0x8 c:/program files (x86)/atollic/truestudio for stm32 9.1.0/armtools/bin/../lib/gcc/arm-atollic-eabi/6.3.1/armv7e-m/fpu/crtn.o
                0x080003ac                . = ALIGN (0x4)
                0x080003ac                _etext = .

.vfp11_veneer   0x080003ac        0x0
 .vfp11_veneer  0x080003ac        0x0 linker stubs

.v4_bx          0x080003ac        0x0
 .v4_bx         0x080003ac        0x0 linker stubs

.iplt           0x080003ac        0x0
 .iplt          0x080003ac        0x0 c:/program files (x86)/atollic/truestudio for stm32 9.1.0/armtools/bin/../lib/gcc/arm-atollic-eabi/6.3.1/armv7e-m/fpu/crtbegin.o

.rel.dyn        0x080003ac        0x0
 .rel.iplt      0x080003ac        0x0 c:/program files (x86)/atollic/truestudio for stm32 9.1.0/armtools/bin/../lib/gcc/arm-atollic-eabi/6.3.1/armv7e-m/fpu/crtbegin.o

.rodata         0x080003ac        0x0
                0x080003ac                . = ALIGN (0x4)
 *(.rodata)
 *(.rodata*)
                0x080003ac                . = ALIGN (0x4)

.ARM.extab
 *(.ARM.extab* .gnu.linkonce.armextab.*)

.ARM            0x080003ac        0x0
                0x080003ac                __exidx_start = .
 *(.ARM.exidx*)
                0x080003ac                __exidx_end = .

.preinit_array  0x080003ac        0x0
                0x080003ac                PROVIDE (__preinit_array_start, .)
 *(.preinit_array*)
                0x080003ac                PROVIDE (__preinit_array_end, .)

.init_array     0x080003ac        0x4
                0x080003ac                PROVIDE (__init_array_start, .)
 *(SORT(.init_array.*))
 *(.init_array*)
 .init_array    0x080003ac        0x4 c:/program files (x86)/atollic/truestudio for stm32 9.1.0/armtools/bin/../lib/gcc/arm-atollic-eabi/6.3.1/armv7e-m/fpu/crtbegin.o
                0x080003b0                PROVIDE (__init_array_end, .)

.fini_array     0x080003b0        0x4
                [!provide]                PROVIDE (__fini_array_start, .)
 *(SORT(.fini_array.*))
 *(.fini_array*)
 .fini_array    0x080003b0        0x4 c:/program files (x86)/atollic/truestudio for stm32 9.1.0/armtools/bin/../lib/gcc/arm-atollic-eabi/6.3.1/armv7e-m/fpu/crtbegin.o
                [!provide]                PROVIDE (__fini_array_end, .)
                0x080003b4                _sidata = LOADADDR (.data)

.data           0x20000000        0x4 load address 0x080003b4
                0x20000000                . = ALIGN (0x4)
                0x20000000                _sdata = .
 *(.data)
 *(.data*)
 .data.uwTickFreq
                0x20000000        0x1 src\lib\STM32F4xx_HAL_Driver\Src\stm32f4xx_hal.o
                0x20000000                uwTickFreq
                0x20000004                . = ALIGN (0x4)
 *fill*         0x20000001        0x3 
                0x20000004                _edata = .

.igot.plt       0x20000004        0x0 load address 0x080003b8
 .igot.plt      0x20000004        0x0 c:/program files (x86)/atollic/truestudio for stm32 9.1.0/armtools/bin/../lib/gcc/arm-atollic-eabi/6.3.1/armv7e-m/fpu/crtbegin.o
                0x20000004                . = ALIGN (0x4)

.bss            0x20000004       0x40 load address 0x080003b8
                0x20000004                _sbss = .
                0x20000004                __bss_start__ = _sbss
 *(.bss)
 .bss           0x20000004       0x1c c:/program files (x86)/atollic/truestudio for stm32 9.1.0/armtools/bin/../lib/gcc/arm-atollic-eabi/6.3.1/armv7e-m/fpu/crtbegin.o
 *(.bss*)
 *(COMMON)
 COMMON         0x20000020        0x4 src\lib\STM32F4xx_HAL_Driver\Src\stm32f4xx_hal.o
                0x20000020                uwTick
 COMMON         0x20000024       0x20 src\lib\STM32F4xx_HAL_Driver\Src\stm32f4xx_hal_timebase_rtc_wakeup_template.o
                0x20000024                hRTC_Handle
                0x20000044                . = ALIGN (0x4)
                0x20000044                _ebss = .
                0x20000044                __bss_end__ = _ebss

._user_heap_stack
                0x20000044      0x600 load address 0x080003b8
                0x20000044                . = ALIGN (0x4)
                [!provide]                PROVIDE (end, .)
                [!provide]                PROVIDE (_end, .)
                0x20000244                . = (. + _Min_Heap_Size)
 *fill*         0x20000044      0x200 
                0x20000644                . = (. + _Min_Stack_Size)
 *fill*         0x20000244      0x400 
                0x20000644                . = ALIGN (0x4)

/DISCARD/
 libc.a(*)
 libm.a(*)
 libgcc.a(*)

.ARM.attributes
                0x00000000       0x30
 *(.ARM.attributes)
 .ARM.attributes
                0x00000000       0x22 c:/program files (x86)/atollic/truestudio for stm32 9.1.0/armtools/bin/../lib/gcc/arm-atollic-eabi/6.3.1/armv7e-m/fpu/crti.o
 .ARM.attributes
                0x00000022       0x34 c:/program files (x86)/atollic/truestudio for stm32 9.1.0/armtools/bin/../lib/gcc/arm-atollic-eabi/6.3.1/armv7e-m/fpu/crtbegin.o
 .ARM.attributes
                0x00000056       0x39 src\ap\ap.o
 .ARM.attributes
                0x0000008f       0x39 src\bsp\bsp.o
 .ARM.attributes
                0x000000c8       0x39 src\bsp\cmsis\system_stm32f4xx.o
 .ARM.attributes
                0x00000101       0x21 src\bsp\startup\startup_stm32f446xx.o
 .ARM.attributes
                0x00000122       0x39 src\bsp\stm32f4xx_it.o
 .ARM.attributes
                0x0000015b       0x39 src\hw\hw.o
 .ARM.attributes
                0x00000194       0x39 src\lib\STM32F4xx_HAL_Driver\Src\stm32f4xx_hal.o
 .ARM.attributes
                0x000001cd       0x39 src\lib\STM32F4xx_HAL_Driver\Src\stm32f4xx_hal_cortex.o
 .ARM.attributes
                0x00000206       0x39 src\lib\STM32F4xx_HAL_Driver\Src\stm32f4xx_hal_rtc_ex.o
 .ARM.attributes
                0x0000023f       0x39 src\lib\STM32F4xx_HAL_Driver\Src\stm32f4xx_hal_timebase_rtc_wakeup_template.o
 .ARM.attributes
                0x00000278       0x39 src\main.o
 .ARM.attributes
                0x000002b1       0x34 c:/program files (x86)/atollic/truestudio for stm32 9.1.0/armtools/bin/../lib/gcc/arm-atollic-eabi/6.3.1/../../../../arm-atollic-eabi/lib/armv7e-m/fpu\libc_nano.a(lib_a-init.o)
 .ARM.attributes
                0x000002e5       0x22 c:/program files (x86)/atollic/truestudio for stm32 9.1.0/armtools/bin/../lib/gcc/arm-atollic-eabi/6.3.1/armv7e-m/fpu/crtn.o
OUTPUT(Nucleo_f446_blue.elf elf32-littlearm)

.debug_info     0x00000000     0x66b8
 .debug_info    0x00000000       0x48 src\ap\ap.o
 .debug_info    0x00000048       0x7d src\bsp\bsp.o
 .debug_info    0x000000c5      0x537 src\bsp\cmsis\system_stm32f4xx.o
 .debug_info    0x000005fc       0x7c src\bsp\startup\startup_stm32f446xx.o
 .debug_info    0x00000678      0x96e src\bsp\stm32f4xx_it.o
 .debug_info    0x00000fe6       0x96 src\hw\hw.o
 .debug_info    0x0000107c     0x121a src\lib\STM32F4xx_HAL_Driver\Src\stm32f4xx_hal.o
 .debug_info    0x00002296     0x1764 src\lib\STM32F4xx_HAL_Driver\Src\stm32f4xx_hal_cortex.o
 .debug_info    0x000039fa     0x1895 src\lib\STM32F4xx_HAL_Driver\Src\stm32f4xx_hal_rtc_ex.o
 .debug_info    0x0000528f     0x1367 src\lib\STM32F4xx_HAL_Driver\Src\stm32f4xx_hal_timebase_rtc_wakeup_template.o
 .debug_info    0x000065f6       0xc2 src\main.o

.debug_abbrev   0x00000000      0xf6b
 .debug_abbrev  0x00000000       0x42 src\ap\ap.o
 .debug_abbrev  0x00000042       0x42 src\bsp\bsp.o
 .debug_abbrev  0x00000084      0x10e src\bsp\cmsis\system_stm32f4xx.o
 .debug_abbrev  0x00000192       0x12 src\bsp\startup\startup_stm32f446xx.o
 .debug_abbrev  0x000001a4      0x1a7 src\bsp\stm32f4xx_it.o
 .debug_abbrev  0x0000034b       0x60 src\hw\hw.o
 .debug_abbrev  0x000003ab      0x2a8 src\lib\STM32F4xx_HAL_Driver\Src\stm32f4xx_hal.o
 .debug_abbrev  0x00000653      0x3a8 src\lib\STM32F4xx_HAL_Driver\Src\stm32f4xx_hal_cortex.o
 .debug_abbrev  0x000009fb      0x29a src\lib\STM32F4xx_HAL_Driver\Src\stm32f4xx_hal_rtc_ex.o
 .debug_abbrev  0x00000c95      0x274 src\lib\STM32F4xx_HAL_Driver\Src\stm32f4xx_hal_timebase_rtc_wakeup_template.o
 .debug_abbrev  0x00000f09       0x62 src\main.o

.debug_aranges  0x00000000      0x3f0
 .debug_aranges
                0x00000000       0x28 src\ap\ap.o
 .debug_aranges
                0x00000028       0x20 src\bsp\bsp.o
 .debug_aranges
                0x00000048       0x28 src\bsp\cmsis\system_stm32f4xx.o
 .debug_aranges
                0x00000070       0x28 src\bsp\startup\startup_stm32f446xx.o
 .debug_aranges
                0x00000098       0x20 src\bsp\stm32f4xx_it.o
 .debug_aranges
                0x000000b8       0x20 src\hw\hw.o
 .debug_aranges
                0x000000d8       0xe0 src\lib\STM32F4xx_HAL_Driver\Src\stm32f4xx_hal.o
 .debug_aranges
                0x000001b8       0xa8 src\lib\STM32F4xx_HAL_Driver\Src\stm32f4xx_hal_cortex.o
 .debug_aranges
                0x00000260      0x130 src\lib\STM32F4xx_HAL_Driver\Src\stm32f4xx_hal_rtc_ex.o
 .debug_aranges
                0x00000390       0x40 src\lib\STM32F4xx_HAL_Driver\Src\stm32f4xx_hal_timebase_rtc_wakeup_template.o
 .debug_aranges
                0x000003d0       0x20 src\main.o

.debug_ranges   0x00000000      0x3a8
 .debug_ranges  0x00000000       0x18 src\ap\ap.o
 .debug_ranges  0x00000018       0x10 src\bsp\bsp.o
 .debug_ranges  0x00000028       0x18 src\bsp\cmsis\system_stm32f4xx.o
 .debug_ranges  0x00000040       0x20 src\bsp\startup\startup_stm32f446xx.o
 .debug_ranges  0x00000060       0x10 src\bsp\stm32f4xx_it.o
 .debug_ranges  0x00000070       0x10 src\hw\hw.o
 .debug_ranges  0x00000080       0xd0 src\lib\STM32F4xx_HAL_Driver\Src\stm32f4xx_hal.o
 .debug_ranges  0x00000150       0xf8 src\lib\STM32F4xx_HAL_Driver\Src\stm32f4xx_hal_cortex.o
 .debug_ranges  0x00000248      0x120 src\lib\STM32F4xx_HAL_Driver\Src\stm32f4xx_hal_rtc_ex.o
 .debug_ranges  0x00000368       0x30 src\lib\STM32F4xx_HAL_Driver\Src\stm32f4xx_hal_timebase_rtc_wakeup_template.o
 .debug_ranges  0x00000398       0x10 src\main.o

.debug_line     0x00000000     0x1f1f
 .debug_line    0x00000000       0x4d src\ap\ap.o
 .debug_line    0x0000004d       0x40 src\bsp\bsp.o
 .debug_line    0x0000008d      0x1df src\bsp\cmsis\system_stm32f4xx.o
 .debug_line    0x0000026c       0x87 src\bsp\startup\startup_stm32f446xx.o
 .debug_line    0x000002f3      0x2d5 src\bsp\stm32f4xx_it.o
 .debug_line    0x000005c8       0x78 src\hw\hw.o
 .debug_line    0x00000640      0x4ee src\lib\STM32F4xx_HAL_Driver\Src\stm32f4xx_hal.o
 .debug_line    0x00000b2e      0x50f src\lib\STM32F4xx_HAL_Driver\Src\stm32f4xx_hal_cortex.o
 .debug_line    0x0000103d      0xa10 src\lib\STM32F4xx_HAL_Driver\Src\stm32f4xx_hal_rtc_ex.o
 .debug_line    0x00001a4d      0x423 src\lib\STM32F4xx_HAL_Driver\Src\stm32f4xx_hal_timebase_rtc_wakeup_template.o
 .debug_line    0x00001e70       0xaf src\main.o

.debug_str      0x00000000     0x1fb6
 .debug_str     0x00000000      0x113 src\ap\ap.o
 .debug_str     0x00000113       0x69 src\bsp\bsp.o
                                0x193 (size before relaxing)
 .debug_str     0x0000017c      0x231 src\bsp\cmsis\system_stm32f4xx.o
                                0x3c9 (size before relaxing)
 .debug_str     0x000003ad      0x43d src\bsp\stm32f4xx_it.o
                                0x66e (size before relaxing)
 .debug_str     0x000007ea       0x16 src\hw\hw.o
                                0x198 (size before relaxing)
 .debug_str     0x00000800      0x8a4 src\lib\STM32F4xx_HAL_Driver\Src\stm32f4xx_hal.o
                               0x101c (size before relaxing)
 .debug_str     0x000010a4      0x37a src\lib\STM32F4xx_HAL_Driver\Src\stm32f4xx_hal_cortex.o
                               0x10ce (size before relaxing)
 .debug_str     0x0000141e      0x86a src\lib\STM32F4xx_HAL_Driver\Src\stm32f4xx_hal_rtc_ex.o
                                0xf18 (size before relaxing)
 .debug_str     0x00001c88      0x31b src\lib\STM32F4xx_HAL_Driver\Src\stm32f4xx_hal_timebase_rtc_wakeup_template.o
                               0x1196 (size before relaxing)
 .debug_str     0x00001fa3       0x13 src\main.o
                                0x1a2 (size before relaxing)

.comment        0x00000000       0x7c
 .comment       0x00000000       0x7c src\ap\ap.o
                                 0x7d (size before relaxing)
 .comment       0x0000007c       0x7d src\bsp\bsp.o
 .comment       0x0000007c       0x7d src\bsp\cmsis\system_stm32f4xx.o
 .comment       0x0000007c       0x7d src\bsp\stm32f4xx_it.o
 .comment       0x0000007c       0x7d src\hw\hw.o
 .comment       0x0000007c       0x7d src\lib\STM32F4xx_HAL_Driver\Src\stm32f4xx_hal.o
 .comment       0x0000007c       0x7d src\lib\STM32F4xx_HAL_Driver\Src\stm32f4xx_hal_cortex.o
 .comment       0x0000007c       0x7d src\lib\STM32F4xx_HAL_Driver\Src\stm32f4xx_hal_rtc_ex.o
 .comment       0x0000007c       0x7d src\lib\STM32F4xx_HAL_Driver\Src\stm32f4xx_hal_timebase_rtc_wakeup_template.o
 .comment       0x0000007c       0x7d src\main.o

.debug_frame    0x00000000      0x840
 .debug_frame   0x00000000       0x30 src\ap\ap.o
 .debug_frame   0x00000030       0x20 src\bsp\bsp.o
 .debug_frame   0x00000050       0x30 src\bsp\cmsis\system_stm32f4xx.o
 .debug_frame   0x00000080       0x28 src\bsp\stm32f4xx_it.o
 .debug_frame   0x000000a8       0x28 src\hw\hw.o
 .debug_frame   0x000000d0      0x1cc src\lib\STM32F4xx_HAL_Driver\Src\stm32f4xx_hal.o
 .debug_frame   0x0000029c      0x15c src\lib\STM32F4xx_HAL_Driver\Src\stm32f4xx_hal_cortex.o
 .debug_frame   0x000003f8      0x36c src\lib\STM32F4xx_HAL_Driver\Src\stm32f4xx_hal_rtc_ex.o
 .debug_frame   0x00000764       0x88 src\lib\STM32F4xx_HAL_Driver\Src\stm32f4xx_hal_timebase_rtc_wakeup_template.o
 .debug_frame   0x000007ec       0x28 src\main.o
 .debug_frame   0x00000814       0x2c c:/program files (x86)/atollic/truestudio for stm32 9.1.0/armtools/bin/../lib/gcc/arm-atollic-eabi/6.3.1/../../../../arm-atollic-eabi/lib/armv7e-m/fpu\libc_nano.a(lib_a-init.o)

.debug_loc      0x00000000     0x157a
 .debug_loc     0x00000000      0x13e src\bsp\cmsis\system_stm32f4xx.o
 .debug_loc     0x0000013e      0x108 src\lib\STM32F4xx_HAL_Driver\Src\stm32f4xx_hal.o
 .debug_loc     0x00000246      0x5ce src\lib\STM32F4xx_HAL_Driver\Src\stm32f4xx_hal_cortex.o
 .debug_loc     0x00000814      0xd27 src\lib\STM32F4xx_HAL_Driver\Src\stm32f4xx_hal_rtc_ex.o
 .debug_loc     0x0000153b       0x3f src\lib\STM32F4xx_HAL_Driver\Src\stm32f4xx_hal_timebase_rtc_wakeup_template.o

Cross Reference Table

Symbol                                            File
ADC_IRQHandler                                    src\bsp\startup\startup_stm32f446xx.o
AHBPrescTable                                     src\bsp\cmsis\system_stm32f4xx.o
                                                  src\lib\STM32F4xx_HAL_Driver\Src\stm32f4xx_ll_utils.o
                                                  src\lib\STM32F4xx_HAL_Driver\Src\stm32f4xx_hal_rcc.o
APBPrescTable                                     src\bsp\cmsis\system_stm32f4xx.o
                                                  src\lib\STM32F4xx_HAL_Driver\Src\stm32f4xx_hal_rcc.o
BusFault_Handler                                  src\bsp\startup\startup_stm32f446xx.o
CAN1_RX0_IRQHandler                               src\bsp\startup\startup_stm32f446xx.o
CAN1_RX1_IRQHandler                               src\bsp\startup\startup_stm32f446xx.o
CAN1_SCE_IRQHandler                               src\bsp\startup\startup_stm32f446xx.o
CAN1_TX_IRQHandler                                src\bsp\startup\startup_stm32f446xx.o
CAN2_RX0_IRQHandler                               src\bsp\startup\startup_stm32f446xx.o
CAN2_RX1_IRQHandler                               src\bsp\startup\startup_stm32f446xx.o
CAN2_SCE_IRQHandler                               src\bsp\startup\startup_stm32f446xx.o
CAN2_TX_IRQHandler                                src\bsp\startup\startup_stm32f446xx.o
CEC_IRQHandler                                    src\bsp\startup\startup_stm32f446xx.o
DAC_DMAConvCpltCh2                                src\lib\STM32F4xx_HAL_Driver\Src\stm32f4xx_hal_dac_ex.o
                                                  src\lib\STM32F4xx_HAL_Driver\Src\stm32f4xx_hal_dac.o
DAC_DMAErrorCh2                                   src\lib\STM32F4xx_HAL_Driver\Src\stm32f4xx_hal_dac_ex.o
                                                  src\lib\STM32F4xx_HAL_Driver\Src\stm32f4xx_hal_dac.o
DAC_DMAHalfConvCpltCh2                            src\lib\STM32F4xx_HAL_Driver\Src\stm32f4xx_hal_dac_ex.o
                                                  src\lib\STM32F4xx_HAL_Driver\Src\stm32f4xx_hal_dac.o
DCMI_IRQHandler                                   src\bsp\startup\startup_stm32f446xx.o
DMA1_Stream0_IRQHandler                           src\bsp\startup\startup_stm32f446xx.o
DMA1_Stream1_IRQHandler                           src\bsp\startup\startup_stm32f446xx.o
DMA1_Stream2_IRQHandler                           src\bsp\startup\startup_stm32f446xx.o
DMA1_Stream3_IRQHandler                           src\bsp\startup\startup_stm32f446xx.o
DMA1_Stream4_IRQHandler                           src\bsp\startup\startup_stm32f446xx.o
DMA1_Stream5_IRQHandler                           src\bsp\startup\startup_stm32f446xx.o
DMA1_Stream6_IRQHandler                           src\bsp\startup\startup_stm32f446xx.o
DMA1_Stream7_IRQHandler                           src\bsp\startup\startup_stm32f446xx.o
DMA2_Stream0_IRQHandler                           src\bsp\startup\startup_stm32f446xx.o
DMA2_Stream1_IRQHandler                           src\bsp\startup\startup_stm32f446xx.o
DMA2_Stream2_IRQHandler                           src\bsp\startup\startup_stm32f446xx.o
DMA2_Stream3_IRQHandler                           src\bsp\startup\startup_stm32f446xx.o
DMA2_Stream4_IRQHandler                           src\bsp\startup\startup_stm32f446xx.o
DMA2_Stream5_IRQHandler                           src\bsp\startup\startup_stm32f446xx.o
DMA2_Stream6_IRQHandler                           src\bsp\startup\startup_stm32f446xx.o
DMA2_Stream7_IRQHandler                           src\bsp\startup\startup_stm32f446xx.o
DebugMon_Handler                                  src\bsp\startup\startup_stm32f446xx.o
Default_Handler                                   src\bsp\startup\startup_stm32f446xx.o
EXTI0_IRQHandler                                  src\bsp\startup\startup_stm32f446xx.o
EXTI15_10_IRQHandler                              src\bsp\startup\startup_stm32f446xx.o
EXTI1_IRQHandler                                  src\bsp\startup\startup_stm32f446xx.o
EXTI2_IRQHandler                                  src\bsp\startup\startup_stm32f446xx.o
EXTI3_IRQHandler                                  src\bsp\startup\startup_stm32f446xx.o
EXTI4_IRQHandler                                  src\bsp\startup\startup_stm32f446xx.o
EXTI9_5_IRQHandler                                src\bsp\startup\startup_stm32f446xx.o
FLASH_Erase_Sector                                src\lib\STM32F4xx_HAL_Driver\Src\stm32f4xx_hal_flash_ex.o
                                                  src\lib\STM32F4xx_HAL_Driver\Src\stm32f4xx_hal_flash.o
FLASH_FlushCaches                                 src\lib\STM32F4xx_HAL_Driver\Src\stm32f4xx_hal_flash_ex.o
                                                  src\lib\STM32F4xx_HAL_Driver\Src\stm32f4xx_hal_flash.o
FLASH_IRQHandler                                  src\bsp\startup\startup_stm32f446xx.o
FLASH_WaitForLastOperation                        src\lib\STM32F4xx_HAL_Driver\Src\stm32f4xx_hal_flash.o
                                                  src\lib\STM32F4xx_HAL_Driver\Src\stm32f4xx_hal_flash_ex.o
FMC_IRQHandler                                    src\bsp\startup\startup_stm32f446xx.o
FMC_NAND_AttributeSpace_Timing_Init               src\lib\STM32F4xx_HAL_Driver\Src\stm32f4xx_ll_fmc.o
                                                  src\lib\STM32F4xx_HAL_Driver\Src\stm32f4xx_hal_nand.o
FMC_NAND_CommonSpace_Timing_Init                  src\lib\STM32F4xx_HAL_Driver\Src\stm32f4xx_ll_fmc.o
                                                  src\lib\STM32F4xx_HAL_Driver\Src\stm32f4xx_hal_nand.o
FMC_NAND_DeInit                                   src\lib\STM32F4xx_HAL_Driver\Src\stm32f4xx_ll_fmc.o
                                                  src\lib\STM32F4xx_HAL_Driver\Src\stm32f4xx_hal_nand.o
FMC_NAND_ECC_Disable                              src\lib\STM32F4xx_HAL_Driver\Src\stm32f4xx_ll_fmc.o
                                                  src\lib\STM32F4xx_HAL_Driver\Src\stm32f4xx_hal_nand.o
FMC_NAND_ECC_Enable                               src\lib\STM32F4xx_HAL_Driver\Src\stm32f4xx_ll_fmc.o
                                                  src\lib\STM32F4xx_HAL_Driver\Src\stm32f4xx_hal_nand.o
FMC_NAND_GetECC                                   src\lib\STM32F4xx_HAL_Driver\Src\stm32f4xx_ll_fmc.o
                                                  src\lib\STM32F4xx_HAL_Driver\Src\stm32f4xx_hal_nand.o
FMC_NAND_Init                                     src\lib\STM32F4xx_HAL_Driver\Src\stm32f4xx_ll_fmc.o
                                                  src\lib\STM32F4xx_HAL_Driver\Src\stm32f4xx_hal_nand.o
FMC_NORSRAM_DeInit                                src\lib\STM32F4xx_HAL_Driver\Src\stm32f4xx_ll_fmc.o
                                                  src\lib\STM32F4xx_HAL_Driver\Src\stm32f4xx_hal_sram.o
                                                  src\lib\STM32F4xx_HAL_Driver\Src\stm32f4xx_hal_nor.o
FMC_NORSRAM_Extended_Timing_Init                  src\lib\STM32F4xx_HAL_Driver\Src\stm32f4xx_ll_fmc.o
                                                  src\lib\STM32F4xx_HAL_Driver\Src\stm32f4xx_hal_sram.o
                                                  src\lib\STM32F4xx_HAL_Driver\Src\stm32f4xx_hal_nor.o
FMC_NORSRAM_Init                                  src\lib\STM32F4xx_HAL_Driver\Src\stm32f4xx_ll_fmc.o
                                                  src\lib\STM32F4xx_HAL_Driver\Src\stm32f4xx_hal_sram.o
                                                  src\lib\STM32F4xx_HAL_Driver\Src\stm32f4xx_hal_nor.o
FMC_NORSRAM_Timing_Init                           src\lib\STM32F4xx_HAL_Driver\Src\stm32f4xx_ll_fmc.o
                                                  src\lib\STM32F4xx_HAL_Driver\Src\stm32f4xx_hal_sram.o
                                                  src\lib\STM32F4xx_HAL_Driver\Src\stm32f4xx_hal_nor.o
FMC_NORSRAM_WriteOperation_Disable                src\lib\STM32F4xx_HAL_Driver\Src\stm32f4xx_ll_fmc.o
                                                  src\lib\STM32F4xx_HAL_Driver\Src\stm32f4xx_hal_sram.o
                                                  src\lib\STM32F4xx_HAL_Driver\Src\stm32f4xx_hal_nor.o
FMC_NORSRAM_WriteOperation_Enable                 src\lib\STM32F4xx_HAL_Driver\Src\stm32f4xx_ll_fmc.o
                                                  src\lib\STM32F4xx_HAL_Driver\Src\stm32f4xx_hal_sram.o
                                                  src\lib\STM32F4xx_HAL_Driver\Src\stm32f4xx_hal_nor.o
FMC_SDRAM_DeInit                                  src\lib\STM32F4xx_HAL_Driver\Src\stm32f4xx_ll_fmc.o
                                                  src\lib\STM32F4xx_HAL_Driver\Src\stm32f4xx_hal_sdram.o
FMC_SDRAM_GetModeStatus                           src\lib\STM32F4xx_HAL_Driver\Src\stm32f4xx_ll_fmc.o
                                                  src\lib\STM32F4xx_HAL_Driver\Src\stm32f4xx_hal_sdram.o
FMC_SDRAM_Init                                    src\lib\STM32F4xx_HAL_Driver\Src\stm32f4xx_ll_fmc.o
                                                  src\lib\STM32F4xx_HAL_Driver\Src\stm32f4xx_hal_sdram.o
FMC_SDRAM_ProgramRefreshRate                      src\lib\STM32F4xx_HAL_Driver\Src\stm32f4xx_ll_fmc.o
                                                  src\lib\STM32F4xx_HAL_Driver\Src\stm32f4xx_hal_sdram.o
FMC_SDRAM_SendCommand                             src\lib\STM32F4xx_HAL_Driver\Src\stm32f4xx_ll_fmc.o
                                                  src\lib\STM32F4xx_HAL_Driver\Src\stm32f4xx_hal_sdram.o
FMC_SDRAM_SetAutoRefreshNumber                    src\lib\STM32F4xx_HAL_Driver\Src\stm32f4xx_ll_fmc.o
                                                  src\lib\STM32F4xx_HAL_Driver\Src\stm32f4xx_hal_sdram.o
FMC_SDRAM_Timing_Init                             src\lib\STM32F4xx_HAL_Driver\Src\stm32f4xx_ll_fmc.o
                                                  src\lib\STM32F4xx_HAL_Driver\Src\stm32f4xx_hal_sdram.o
FMC_SDRAM_WriteProtection_Disable                 src\lib\STM32F4xx_HAL_Driver\Src\stm32f4xx_ll_fmc.o
                                                  src\lib\STM32F4xx_HAL_Driver\Src\stm32f4xx_hal_sdram.o
FMC_SDRAM_WriteProtection_Enable                  src\lib\STM32F4xx_HAL_Driver\Src\stm32f4xx_ll_fmc.o
                                                  src\lib\STM32F4xx_HAL_Driver\Src\stm32f4xx_hal_sdram.o
FMPI2C1_Error_IRQHandler                          src\bsp\startup\startup_stm32f446xx.o
FMPI2C1_Event_IRQHandler                          src\bsp\startup\startup_stm32f446xx.o
FPU_IRQHandler                                    src\bsp\startup\startup_stm32f446xx.o
HAL_ADCEx_InjectedConfigChannel                   src\lib\STM32F4xx_HAL_Driver\Src\stm32f4xx_hal_adc_ex.o
HAL_ADCEx_InjectedConvCpltCallback                src\lib\STM32F4xx_HAL_Driver\Src\stm32f4xx_hal_adc_ex.o
                                                  src\lib\STM32F4xx_HAL_Driver\Src\stm32f4xx_hal_adc.o
HAL_ADCEx_InjectedGetValue                        src\lib\STM32F4xx_HAL_Driver\Src\stm32f4xx_hal_adc_ex.o
HAL_ADCEx_InjectedPollForConversion               src\lib\STM32F4xx_HAL_Driver\Src\stm32f4xx_hal_adc_ex.o
HAL_ADCEx_InjectedStart                           src\lib\STM32F4xx_HAL_Driver\Src\stm32f4xx_hal_adc_ex.o
HAL_ADCEx_InjectedStart_IT                        src\lib\STM32F4xx_HAL_Driver\Src\stm32f4xx_hal_adc_ex.o
HAL_ADCEx_InjectedStop                            src\lib\STM32F4xx_HAL_Driver\Src\stm32f4xx_hal_adc_ex.o
HAL_ADCEx_InjectedStop_IT                         src\lib\STM32F4xx_HAL_Driver\Src\stm32f4xx_hal_adc_ex.o
HAL_ADCEx_MultiModeConfigChannel                  src\lib\STM32F4xx_HAL_Driver\Src\stm32f4xx_hal_adc_ex.o
HAL_ADCEx_MultiModeGetValue                       src\lib\STM32F4xx_HAL_Driver\Src\stm32f4xx_hal_adc_ex.o
HAL_ADCEx_MultiModeStart_DMA                      src\lib\STM32F4xx_HAL_Driver\Src\stm32f4xx_hal_adc_ex.o
HAL_ADCEx_MultiModeStop_DMA                       src\lib\STM32F4xx_HAL_Driver\Src\stm32f4xx_hal_adc_ex.o
HAL_ADC_AnalogWDGConfig                           src\lib\STM32F4xx_HAL_Driver\Src\stm32f4xx_hal_adc.o
HAL_ADC_ConfigChannel                             src\lib\STM32F4xx_HAL_Driver\Src\stm32f4xx_hal_adc.o
HAL_ADC_ConvCpltCallback                          src\lib\STM32F4xx_HAL_Driver\Src\stm32f4xx_hal_adc.o
                                                  src\lib\STM32F4xx_HAL_Driver\Src\stm32f4xx_hal_adc_ex.o
HAL_ADC_ConvHalfCpltCallback                      src\lib\STM32F4xx_HAL_Driver\Src\stm32f4xx_hal_adc.o
                                                  src\lib\STM32F4xx_HAL_Driver\Src\stm32f4xx_hal_adc_ex.o
HAL_ADC_DeInit                                    src\lib\STM32F4xx_HAL_Driver\Src\stm32f4xx_hal_adc.o
HAL_ADC_ErrorCallback                             src\lib\STM32F4xx_HAL_Driver\Src\stm32f4xx_hal_adc.o
                                                  src\lib\STM32F4xx_HAL_Driver\Src\stm32f4xx_hal_adc_ex.o
HAL_ADC_GetError                                  src\lib\STM32F4xx_HAL_Driver\Src\stm32f4xx_hal_adc.o
HAL_ADC_GetState                                  src\lib\STM32F4xx_HAL_Driver\Src\stm32f4xx_hal_adc.o
HAL_ADC_GetValue                                  src\lib\STM32F4xx_HAL_Driver\Src\stm32f4xx_hal_adc.o
HAL_ADC_IRQHandler                                src\lib\STM32F4xx_HAL_Driver\Src\stm32f4xx_hal_adc.o
HAL_ADC_Init                                      src\lib\STM32F4xx_HAL_Driver\Src\stm32f4xx_hal_adc.o
HAL_ADC_LevelOutOfWindowCallback                  src\lib\STM32F4xx_HAL_Driver\Src\stm32f4xx_hal_adc.o
HAL_ADC_MspDeInit                                 src\lib\STM32F4xx_HAL_Driver\Src\stm32f4xx_hal_adc.o
HAL_ADC_MspInit                                   src\lib\STM32F4xx_HAL_Driver\Src\stm32f4xx_hal_adc.o
HAL_ADC_PollForConversion                         src\lib\STM32F4xx_HAL_Driver\Src\stm32f4xx_hal_adc.o
HAL_ADC_PollForEvent                              src\lib\STM32F4xx_HAL_Driver\Src\stm32f4xx_hal_adc.o
HAL_ADC_Start                                     src\lib\STM32F4xx_HAL_Driver\Src\stm32f4xx_hal_adc.o
HAL_ADC_Start_DMA                                 src\lib\STM32F4xx_HAL_Driver\Src\stm32f4xx_hal_adc.o
HAL_ADC_Start_IT                                  src\lib\STM32F4xx_HAL_Driver\Src\stm32f4xx_hal_adc.o
HAL_ADC_Stop                                      src\lib\STM32F4xx_HAL_Driver\Src\stm32f4xx_hal_adc.o
HAL_ADC_Stop_DMA                                  src\lib\STM32F4xx_HAL_Driver\Src\stm32f4xx_hal_adc.o
HAL_ADC_Stop_IT                                   src\lib\STM32F4xx_HAL_Driver\Src\stm32f4xx_hal_adc.o
HAL_CAN_AbortTxRequest                            src\lib\STM32F4xx_HAL_Driver\Src\stm32f4xx_hal_can.o
HAL_CAN_ActivateNotification                      src\lib\STM32F4xx_HAL_Driver\Src\stm32f4xx_hal_can.o
HAL_CAN_AddTxMessage                              src\lib\STM32F4xx_HAL_Driver\Src\stm32f4xx_hal_can.o
HAL_CAN_ConfigFilter                              src\lib\STM32F4xx_HAL_Driver\Src\stm32f4xx_hal_can.o
HAL_CAN_DeInit                                    src\lib\STM32F4xx_HAL_Driver\Src\stm32f4xx_hal_can.o
HAL_CAN_DeactivateNotification                    src\lib\STM32F4xx_HAL_Driver\Src\stm32f4xx_hal_can.o
HAL_CAN_ErrorCallback                             src\lib\STM32F4xx_HAL_Driver\Src\stm32f4xx_hal_can.o
HAL_CAN_GetError                                  src\lib\STM32F4xx_HAL_Driver\Src\stm32f4xx_hal_can.o
HAL_CAN_GetRxFifoFillLevel                        src\lib\STM32F4xx_HAL_Driver\Src\stm32f4xx_hal_can.o
HAL_CAN_GetRxMessage                              src\lib\STM32F4xx_HAL_Driver\Src\stm32f4xx_hal_can.o
HAL_CAN_GetState                                  src\lib\STM32F4xx_HAL_Driver\Src\stm32f4xx_hal_can.o
HAL_CAN_GetTxMailboxesFreeLevel                   src\lib\STM32F4xx_HAL_Driver\Src\stm32f4xx_hal_can.o
HAL_CAN_GetTxTimestamp                            src\lib\STM32F4xx_HAL_Driver\Src\stm32f4xx_hal_can.o
HAL_CAN_IRQHandler                                src\lib\STM32F4xx_HAL_Driver\Src\stm32f4xx_hal_can.o
HAL_CAN_Init                                      src\lib\STM32F4xx_HAL_Driver\Src\stm32f4xx_hal_can.o
HAL_CAN_IsSleepActive                             src\lib\STM32F4xx_HAL_Driver\Src\stm32f4xx_hal_can.o
HAL_CAN_IsTxMessagePending                        src\lib\STM32F4xx_HAL_Driver\Src\stm32f4xx_hal_can.o
HAL_CAN_MspDeInit                                 src\lib\STM32F4xx_HAL_Driver\Src\stm32f4xx_hal_can.o
HAL_CAN_MspInit                                   src\lib\STM32F4xx_HAL_Driver\Src\stm32f4xx_hal_can.o
HAL_CAN_RequestSleep                              src\lib\STM32F4xx_HAL_Driver\Src\stm32f4xx_hal_can.o
HAL_CAN_ResetError                                src\lib\STM32F4xx_HAL_Driver\Src\stm32f4xx_hal_can.o
HAL_CAN_RxFifo0FullCallback                       src\lib\STM32F4xx_HAL_Driver\Src\stm32f4xx_hal_can.o
HAL_CAN_RxFifo0MsgPendingCallback                 src\lib\STM32F4xx_HAL_Driver\Src\stm32f4xx_hal_can.o
HAL_CAN_RxFifo1FullCallback                       src\lib\STM32F4xx_HAL_Driver\Src\stm32f4xx_hal_can.o
HAL_CAN_RxFifo1MsgPendingCallback                 src\lib\STM32F4xx_HAL_Driver\Src\stm32f4xx_hal_can.o
HAL_CAN_SleepCallback                             src\lib\STM32F4xx_HAL_Driver\Src\stm32f4xx_hal_can.o
HAL_CAN_Start                                     src\lib\STM32F4xx_HAL_Driver\Src\stm32f4xx_hal_can.o
HAL_CAN_Stop                                      src\lib\STM32F4xx_HAL_Driver\Src\stm32f4xx_hal_can.o
HAL_CAN_TxMailbox0AbortCallback                   src\lib\STM32F4xx_HAL_Driver\Src\stm32f4xx_hal_can.o
HAL_CAN_TxMailbox0CompleteCallback                src\lib\STM32F4xx_HAL_Driver\Src\stm32f4xx_hal_can.o
HAL_CAN_TxMailbox1AbortCallback                   src\lib\STM32F4xx_HAL_Driver\Src\stm32f4xx_hal_can.o
HAL_CAN_TxMailbox1CompleteCallback                src\lib\STM32F4xx_HAL_Driver\Src\stm32f4xx_hal_can.o
HAL_CAN_TxMailbox2AbortCallback                   src\lib\STM32F4xx_HAL_Driver\Src\stm32f4xx_hal_can.o
HAL_CAN_TxMailbox2CompleteCallback                src\lib\STM32F4xx_HAL_Driver\Src\stm32f4xx_hal_can.o
HAL_CAN_WakeUp                                    src\lib\STM32F4xx_HAL_Driver\Src\stm32f4xx_hal_can.o
HAL_CAN_WakeUpFromRxMsgCallback                   src\lib\STM32F4xx_HAL_Driver\Src\stm32f4xx_hal_can.o
HAL_CEC_ChangeRxBuffer                            src\lib\STM32F4xx_HAL_Driver\Src\stm32f4xx_hal_cec.o
HAL_CEC_DeInit                                    src\lib\STM32F4xx_HAL_Driver\Src\stm32f4xx_hal_cec.o
HAL_CEC_ErrorCallback                             src\lib\STM32F4xx_HAL_Driver\Src\stm32f4xx_hal_cec.o
HAL_CEC_GetError                                  src\lib\STM32F4xx_HAL_Driver\Src\stm32f4xx_hal_cec.o
HAL_CEC_GetLastReceivedFrameSize                  src\lib\STM32F4xx_HAL_Driver\Src\stm32f4xx_hal_cec.o
HAL_CEC_GetState                                  src\lib\STM32F4xx_HAL_Driver\Src\stm32f4xx_hal_cec.o
HAL_CEC_IRQHandler                                src\lib\STM32F4xx_HAL_Driver\Src\stm32f4xx_hal_cec.o
HAL_CEC_Init                                      src\lib\STM32F4xx_HAL_Driver\Src\stm32f4xx_hal_cec.o
HAL_CEC_MspDeInit                                 src\lib\STM32F4xx_HAL_Driver\Src\stm32f4xx_hal_cec.o
HAL_CEC_MspInit                                   src\lib\STM32F4xx_HAL_Driver\Src\stm32f4xx_hal_cec.o
HAL_CEC_RxCpltCallback                            src\lib\STM32F4xx_HAL_Driver\Src\stm32f4xx_hal_cec.o
HAL_CEC_SetDeviceAddress                          src\lib\STM32F4xx_HAL_Driver\Src\stm32f4xx_hal_cec.o
HAL_CEC_Transmit_IT                               src\lib\STM32F4xx_HAL_Driver\Src\stm32f4xx_hal_cec.o
HAL_CEC_TxCpltCallback                            src\lib\STM32F4xx_HAL_Driver\Src\stm32f4xx_hal_cec.o
HAL_CRC_Accumulate                                src\lib\STM32F4xx_HAL_Driver\Src\stm32f4xx_hal_crc.o
HAL_CRC_Calculate                                 src\lib\STM32F4xx_HAL_Driver\Src\stm32f4xx_hal_crc.o
HAL_CRC_DeInit                                    src\lib\STM32F4xx_HAL_Driver\Src\stm32f4xx_hal_crc.o
HAL_CRC_GetState                                  src\lib\STM32F4xx_HAL_Driver\Src\stm32f4xx_hal_crc.o
HAL_CRC_Init                                      src\lib\STM32F4xx_HAL_Driver\Src\stm32f4xx_hal_crc.o
HAL_CRC_MspDeInit                                 src\lib\STM32F4xx_HAL_Driver\Src\stm32f4xx_hal_crc.o
HAL_CRC_MspInit                                   src\lib\STM32F4xx_HAL_Driver\Src\stm32f4xx_hal_crc.o
HAL_DACEx_ConvCpltCallbackCh2                     src\lib\STM32F4xx_HAL_Driver\Src\stm32f4xx_hal_dac_ex.o
HAL_DACEx_ConvHalfCpltCallbackCh2                 src\lib\STM32F4xx_HAL_Driver\Src\stm32f4xx_hal_dac_ex.o
HAL_DACEx_DMAUnderrunCallbackCh2                  src\lib\STM32F4xx_HAL_Driver\Src\stm32f4xx_hal_dac_ex.o
                                                  src\lib\STM32F4xx_HAL_Driver\Src\stm32f4xx_hal_dac.o
HAL_DACEx_DualGetValue                            src\lib\STM32F4xx_HAL_Driver\Src\stm32f4xx_hal_dac_ex.o
HAL_DACEx_DualSetValue                            src\lib\STM32F4xx_HAL_Driver\Src\stm32f4xx_hal_dac_ex.o
HAL_DACEx_ErrorCallbackCh2                        src\lib\STM32F4xx_HAL_Driver\Src\stm32f4xx_hal_dac_ex.o
HAL_DACEx_NoiseWaveGenerate                       src\lib\STM32F4xx_HAL_Driver\Src\stm32f4xx_hal_dac_ex.o
HAL_DACEx_TriangleWaveGenerate                    src\lib\STM32F4xx_HAL_Driver\Src\stm32f4xx_hal_dac_ex.o
HAL_DAC_ConfigChannel                             src\lib\STM32F4xx_HAL_Driver\Src\stm32f4xx_hal_dac.o
HAL_DAC_ConvCpltCallbackCh1                       src\lib\STM32F4xx_HAL_Driver\Src\stm32f4xx_hal_dac.o
HAL_DAC_ConvHalfCpltCallbackCh1                   src\lib\STM32F4xx_HAL_Driver\Src\stm32f4xx_hal_dac.o
HAL_DAC_DMAUnderrunCallbackCh1                    src\lib\STM32F4xx_HAL_Driver\Src\stm32f4xx_hal_dac.o
HAL_DAC_DeInit                                    src\lib\STM32F4xx_HAL_Driver\Src\stm32f4xx_hal_dac.o
HAL_DAC_ErrorCallbackCh1                          src\lib\STM32F4xx_HAL_Driver\Src\stm32f4xx_hal_dac.o
HAL_DAC_GetError                                  src\lib\STM32F4xx_HAL_Driver\Src\stm32f4xx_hal_dac.o
HAL_DAC_GetState                                  src\lib\STM32F4xx_HAL_Driver\Src\stm32f4xx_hal_dac.o
HAL_DAC_GetValue                                  src\lib\STM32F4xx_HAL_Driver\Src\stm32f4xx_hal_dac.o
HAL_DAC_IRQHandler                                src\lib\STM32F4xx_HAL_Driver\Src\stm32f4xx_hal_dac.o
HAL_DAC_Init                                      src\lib\STM32F4xx_HAL_Driver\Src\stm32f4xx_hal_dac.o
HAL_DAC_MspDeInit                                 src\lib\STM32F4xx_HAL_Driver\Src\stm32f4xx_hal_dac.o
HAL_DAC_MspInit                                   src\lib\STM32F4xx_HAL_Driver\Src\stm32f4xx_hal_dac.o
HAL_DAC_SetValue                                  src\lib\STM32F4xx_HAL_Driver\Src\stm32f4xx_hal_dac.o
HAL_DAC_Start                                     src\lib\STM32F4xx_HAL_Driver\Src\stm32f4xx_hal_dac.o
HAL_DAC_Start_DMA                                 src\lib\STM32F4xx_HAL_Driver\Src\stm32f4xx_hal_dac.o
HAL_DAC_Stop                                      src\lib\STM32F4xx_HAL_Driver\Src\stm32f4xx_hal_dac.o
HAL_DAC_Stop_DMA                                  src\lib\STM32F4xx_HAL_Driver\Src\stm32f4xx_hal_dac.o
HAL_DBGMCU_DisableDBGSleepMode                    src\lib\STM32F4xx_HAL_Driver\Src\stm32f4xx_hal.o
HAL_DBGMCU_DisableDBGStandbyMode                  src\lib\STM32F4xx_HAL_Driver\Src\stm32f4xx_hal.o
HAL_DBGMCU_DisableDBGStopMode                     src\lib\STM32F4xx_HAL_Driver\Src\stm32f4xx_hal.o
HAL_DBGMCU_EnableDBGSleepMode                     src\lib\STM32F4xx_HAL_Driver\Src\stm32f4xx_hal.o
HAL_DBGMCU_EnableDBGStandbyMode                   src\lib\STM32F4xx_HAL_Driver\Src\stm32f4xx_hal.o
HAL_DBGMCU_EnableDBGStopMode                      src\lib\STM32F4xx_HAL_Driver\Src\stm32f4xx_hal.o
HAL_DCMI_ConfigCrop                               src\lib\STM32F4xx_HAL_Driver\Src\stm32f4xx_hal_dcmi.o
HAL_DCMI_DeInit                                   src\lib\STM32F4xx_HAL_Driver\Src\stm32f4xx_hal_dcmi.o
HAL_DCMI_DisableCrop                              src\lib\STM32F4xx_HAL_Driver\Src\stm32f4xx_hal_dcmi.o
HAL_DCMI_EnableCrop                               src\lib\STM32F4xx_HAL_Driver\Src\stm32f4xx_hal_dcmi.o
HAL_DCMI_ErrorCallback                            src\lib\STM32F4xx_HAL_Driver\Src\stm32f4xx_hal_dcmi.o
HAL_DCMI_FrameEventCallback                       src\lib\STM32F4xx_HAL_Driver\Src\stm32f4xx_hal_dcmi.o
HAL_DCMI_GetError                                 src\lib\STM32F4xx_HAL_Driver\Src\stm32f4xx_hal_dcmi.o
HAL_DCMI_GetState                                 src\lib\STM32F4xx_HAL_Driver\Src\stm32f4xx_hal_dcmi.o
HAL_DCMI_IRQHandler                               src\lib\STM32F4xx_HAL_Driver\Src\stm32f4xx_hal_dcmi.o
HAL_DCMI_Init                                     src\lib\STM32F4xx_HAL_Driver\Src\stm32f4xx_hal_dcmi_ex.o
                                                  src\lib\STM32F4xx_HAL_Driver\Src\stm32f4xx_hal_dcmi.o
HAL_DCMI_LineEventCallback                        src\lib\STM32F4xx_HAL_Driver\Src\stm32f4xx_hal_dcmi.o
HAL_DCMI_MspDeInit                                src\lib\STM32F4xx_HAL_Driver\Src\stm32f4xx_hal_dcmi.o
HAL_DCMI_MspInit                                  src\lib\STM32F4xx_HAL_Driver\Src\stm32f4xx_hal_dcmi.o
                                                  src\lib\STM32F4xx_HAL_Driver\Src\stm32f4xx_hal_dcmi_ex.o
HAL_DCMI_Resume                                   src\lib\STM32F4xx_HAL_Driver\Src\stm32f4xx_hal_dcmi.o
HAL_DCMI_Start_DMA                                src\lib\STM32F4xx_HAL_Driver\Src\stm32f4xx_hal_dcmi.o
HAL_DCMI_Stop                                     src\lib\STM32F4xx_HAL_Driver\Src\stm32f4xx_hal_dcmi.o
HAL_DCMI_Suspend                                  src\lib\STM32F4xx_HAL_Driver\Src\stm32f4xx_hal_dcmi.o
HAL_DCMI_VsyncEventCallback                       src\lib\STM32F4xx_HAL_Driver\Src\stm32f4xx_hal_dcmi.o
HAL_DMAEx_ChangeMemory                            src\lib\STM32F4xx_HAL_Driver\Src\stm32f4xx_hal_dma_ex.o
                                                  src\lib\STM32F4xx_HAL_Driver\Src\stm32f4xx_hal_dcmi.o
HAL_DMAEx_MultiBufferStart                        src\lib\STM32F4xx_HAL_Driver\Src\stm32f4xx_hal_dma_ex.o
HAL_DMAEx_MultiBufferStart_IT                     src\lib\STM32F4xx_HAL_Driver\Src\stm32f4xx_hal_dma_ex.o
                                                  src\lib\STM32F4xx_HAL_Driver\Src\stm32f4xx_hal_dcmi.o
HAL_DMA_Abort                                     src\lib\STM32F4xx_HAL_Driver\Src\stm32f4xx_hal_dma.o
                                                  src\lib\STM32F4xx_HAL_Driver\Src\stm32f4xx_hal_usart.o
                                                  src\lib\STM32F4xx_HAL_Driver\Src\stm32f4xx_hal_uart.o
                                                  src\lib\STM32F4xx_HAL_Driver\Src\stm32f4xx_hal_tim.o
                                                  src\lib\STM32F4xx_HAL_Driver\Src\stm32f4xx_hal_spi.o
                                                  src\lib\STM32F4xx_HAL_Driver\Src\stm32f4xx_hal_smartcard.o
                                                  src\lib\STM32F4xx_HAL_Driver\Src\stm32f4xx_hal_sd.o
                                                  src\lib\STM32F4xx_HAL_Driver\Src\stm32f4xx_hal_sai.o
                                                  src\lib\STM32F4xx_HAL_Driver\Src\stm32f4xx_hal_qspi.o
                                                  src\lib\STM32F4xx_HAL_Driver\Src\stm32f4xx_hal_mmc.o
                                                  src\lib\STM32F4xx_HAL_Driver\Src\stm32f4xx_hal_irda.o
                                                  src\lib\STM32F4xx_HAL_Driver\Src\stm32f4xx_hal_i2s.o
                                                  src\lib\STM32F4xx_HAL_Driver\Src\stm32f4xx_hal_dcmi.o
                                                  src\lib\STM32F4xx_HAL_Driver\Src\stm32f4xx_hal_dac.o
                                                  src\lib\STM32F4xx_HAL_Driver\Src\stm32f4xx_hal_adc_ex.o
                                                  src\lib\STM32F4xx_HAL_Driver\Src\stm32f4xx_hal_adc.o
HAL_DMA_Abort_IT                                  src\lib\STM32F4xx_HAL_Driver\Src\stm32f4xx_hal_dma.o
                                                  src\lib\STM32F4xx_HAL_Driver\Src\stm32f4xx_hal_usart.o
                                                  src\lib\STM32F4xx_HAL_Driver\Src\stm32f4xx_hal_uart.o
                                                  src\lib\STM32F4xx_HAL_Driver\Src\stm32f4xx_hal_spi.o
                                                  src\lib\STM32F4xx_HAL_Driver\Src\stm32f4xx_hal_smartcard.o
                                                  src\lib\STM32F4xx_HAL_Driver\Src\stm32f4xx_hal_sd.o
                                                  src\lib\STM32F4xx_HAL_Driver\Src\stm32f4xx_hal_sai.o
                                                  src\lib\STM32F4xx_HAL_Driver\Src\stm32f4xx_hal_qspi.o
                                                  src\lib\STM32F4xx_HAL_Driver\Src\stm32f4xx_hal_mmc.o
                                                  src\lib\STM32F4xx_HAL_Driver\Src\stm32f4xx_hal_irda.o
                                                  src\lib\STM32F4xx_HAL_Driver\Src\stm32f4xx_hal_i2c.o
                                                  src\lib\STM32F4xx_HAL_Driver\Src\stm32f4xx_hal_fmpi2c.o
                                                  src\lib\STM32F4xx_HAL_Driver\Src\stm32f4xx_hal_dcmi.o
HAL_DMA_DeInit                                    src\lib\STM32F4xx_HAL_Driver\Src\stm32f4xx_hal_dma.o
HAL_DMA_GetError                                  src\lib\STM32F4xx_HAL_Driver\Src\stm32f4xx_hal_dma.o
                                                  src\lib\STM32F4xx_HAL_Driver\Src\stm32f4xx_hal_qspi.o
                                                  src\lib\STM32F4xx_HAL_Driver\Src\stm32f4xx_hal_i2c.o
HAL_DMA_GetState                                  src\lib\STM32F4xx_HAL_Driver\Src\stm32f4xx_hal_dma.o
HAL_DMA_IRQHandler                                src\lib\STM32F4xx_HAL_Driver\Src\stm32f4xx_hal_dma.o
HAL_DMA_Init                                      src\lib\STM32F4xx_HAL_Driver\Src\stm32f4xx_hal_dma.o
HAL_DMA_PollForTransfer                           src\lib\STM32F4xx_HAL_Driver\Src\stm32f4xx_hal_dma.o
HAL_DMA_RegisterCallback                          src\lib\STM32F4xx_HAL_Driver\Src\stm32f4xx_hal_dma.o
HAL_DMA_Start                                     src\lib\STM32F4xx_HAL_Driver\Src\stm32f4xx_hal_dma.o
HAL_DMA_Start_IT                                  src\lib\STM32F4xx_HAL_Driver\Src\stm32f4xx_hal_dma.o
                                                  src\lib\STM32F4xx_HAL_Driver\Src\stm32f4xx_hal_usart.o
                                                  src\lib\STM32F4xx_HAL_Driver\Src\stm32f4xx_hal_uart.o
                                                  src\lib\STM32F4xx_HAL_Driver\Src\stm32f4xx_hal_tim_ex.o
                                                  src\lib\STM32F4xx_HAL_Driver\Src\stm32f4xx_hal_tim.o
                                                  src\lib\STM32F4xx_HAL_Driver\Src\stm32f4xx_hal_sram.o
                                                  src\lib\STM32F4xx_HAL_Driver\Src\stm32f4xx_hal_spi.o
                                                  src\lib\STM32F4xx_HAL_Driver\Src\stm32f4xx_hal_spdifrx.o
                                                  src\lib\STM32F4xx_HAL_Driver\Src\stm32f4xx_hal_smartcard.o
                                                  src\lib\STM32F4xx_HAL_Driver\Src\stm32f4xx_hal_sdram.o
                                                  src\lib\STM32F4xx_HAL_Driver\Src\stm32f4xx_hal_sd.o
                                                  src\lib\STM32F4xx_HAL_Driver\Src\stm32f4xx_hal_sai.o
                                                  src\lib\STM32F4xx_HAL_Driver\Src\stm32f4xx_hal_qspi.o
                                                  src\lib\STM32F4xx_HAL_Driver\Src\stm32f4xx_hal_mmc.o
                                                  src\lib\STM32F4xx_HAL_Driver\Src\stm32f4xx_hal_irda.o
                                                  src\lib\STM32F4xx_HAL_Driver\Src\stm32f4xx_hal_i2s.o
                                                  src\lib\STM32F4xx_HAL_Driver\Src\stm32f4xx_hal_i2c.o
                                                  src\lib\STM32F4xx_HAL_Driver\Src\stm32f4xx_hal_fmpi2c.o
                                                  src\lib\STM32F4xx_HAL_Driver\Src\stm32f4xx_hal_dcmi.o
                                                  src\lib\STM32F4xx_HAL_Driver\Src\stm32f4xx_hal_dac.o
                                                  src\lib\STM32F4xx_HAL_Driver\Src\stm32f4xx_hal_adc_ex.o
                                                  src\lib\STM32F4xx_HAL_Driver\Src\stm32f4xx_hal_adc.o
HAL_DMA_UnRegisterCallback                        src\lib\STM32F4xx_HAL_Driver\Src\stm32f4xx_hal_dma.o
HAL_DeInit                                        src\lib\STM32F4xx_HAL_Driver\Src\stm32f4xx_hal.o
HAL_Delay                                         src\lib\STM32F4xx_HAL_Driver\Src\stm32f4xx_hal.o
                                                  src\lib\STM32F4xx_HAL_Driver\Src\stm32f4xx_ll_usb.o
                                                  src\lib\STM32F4xx_HAL_Driver\Src\stm32f4xx_hal_sd.o
                                                  src\lib\STM32F4xx_HAL_Driver\Src\stm32f4xx_hal_mmc.o
HAL_DisableCompensationCell                       src\lib\STM32F4xx_HAL_Driver\Src\stm32f4xx_hal.o
HAL_EnableCompensationCell                        src\lib\STM32F4xx_HAL_Driver\Src\stm32f4xx_hal.o
HAL_FLASHEx_AdvOBGetConfig                        src\lib\STM32F4xx_HAL_Driver\Src\stm32f4xx_hal_flash_ex.o
HAL_FLASHEx_AdvOBProgram                          src\lib\STM32F4xx_HAL_Driver\Src\stm32f4xx_hal_flash_ex.o
HAL_FLASHEx_DisableFlashSleepMode                 src\lib\STM32F4xx_HAL_Driver\Src\stm32f4xx_hal_flash_ramfunc.o
HAL_FLASHEx_EnableFlashSleepMode                  src\lib\STM32F4xx_HAL_Driver\Src\stm32f4xx_hal_flash_ramfunc.o
HAL_FLASHEx_Erase                                 src\lib\STM32F4xx_HAL_Driver\Src\stm32f4xx_hal_flash_ex.o
HAL_FLASHEx_Erase_IT                              src\lib\STM32F4xx_HAL_Driver\Src\stm32f4xx_hal_flash_ex.o
HAL_FLASHEx_OBGetConfig                           src\lib\STM32F4xx_HAL_Driver\Src\stm32f4xx_hal_flash_ex.o
HAL_FLASHEx_OBProgram                             src\lib\STM32F4xx_HAL_Driver\Src\stm32f4xx_hal_flash_ex.o
HAL_FLASHEx_OB_DeSelectPCROP                      src\lib\STM32F4xx_HAL_Driver\Src\stm32f4xx_hal_flash_ex.o
HAL_FLASHEx_OB_SelectPCROP                        src\lib\STM32F4xx_HAL_Driver\Src\stm32f4xx_hal_flash_ex.o
HAL_FLASHEx_StartFlashInterfaceClk                src\lib\STM32F4xx_HAL_Driver\Src\stm32f4xx_hal_flash_ramfunc.o
HAL_FLASHEx_StopFlashInterfaceClk                 src\lib\STM32F4xx_HAL_Driver\Src\stm32f4xx_hal_flash_ramfunc.o
HAL_FLASH_EndOfOperationCallback                  src\lib\STM32F4xx_HAL_Driver\Src\stm32f4xx_hal_flash.o
HAL_FLASH_GetError                                src\lib\STM32F4xx_HAL_Driver\Src\stm32f4xx_hal_flash.o
HAL_FLASH_IRQHandler                              src\lib\STM32F4xx_HAL_Driver\Src\stm32f4xx_hal_flash.o
HAL_FLASH_Lock                                    src\lib\STM32F4xx_HAL_Driver\Src\stm32f4xx_hal_flash.o
HAL_FLASH_OB_Launch                               src\lib\STM32F4xx_HAL_Driver\Src\stm32f4xx_hal_flash.o
HAL_FLASH_OB_Lock                                 src\lib\STM32F4xx_HAL_Driver\Src\stm32f4xx_hal_flash.o
HAL_FLASH_OB_Unlock                               src\lib\STM32F4xx_HAL_Driver\Src\stm32f4xx_hal_flash.o
HAL_FLASH_OperationErrorCallback                  src\lib\STM32F4xx_HAL_Driver\Src\stm32f4xx_hal_flash.o
HAL_FLASH_Program                                 src\lib\STM32F4xx_HAL_Driver\Src\stm32f4xx_hal_flash.o
HAL_FLASH_Program_IT                              src\lib\STM32F4xx_HAL_Driver\Src\stm32f4xx_hal_flash.o
HAL_FLASH_Unlock                                  src\lib\STM32F4xx_HAL_Driver\Src\stm32f4xx_hal_flash.o
HAL_FMPI2CEx_ConfigAnalogFilter                   src\lib\STM32F4xx_HAL_Driver\Src\stm32f4xx_hal_fmpi2c_ex.o
HAL_FMPI2CEx_ConfigDigitalFilter                  src\lib\STM32F4xx_HAL_Driver\Src\stm32f4xx_hal_fmpi2c_ex.o
HAL_FMPI2CEx_DisableFastModePlus                  src\lib\STM32F4xx_HAL_Driver\Src\stm32f4xx_hal_fmpi2c_ex.o
HAL_FMPI2CEx_EnableFastModePlus                   src\lib\STM32F4xx_HAL_Driver\Src\stm32f4xx_hal_fmpi2c_ex.o
HAL_FMPI2C_AbortCpltCallback                      src\lib\STM32F4xx_HAL_Driver\Src\stm32f4xx_hal_fmpi2c.o
HAL_FMPI2C_AddrCallback                           src\lib\STM32F4xx_HAL_Driver\Src\stm32f4xx_hal_fmpi2c.o
HAL_FMPI2C_DeInit                                 src\lib\STM32F4xx_HAL_Driver\Src\stm32f4xx_hal_fmpi2c.o
HAL_FMPI2C_DisableListen_IT                       src\lib\STM32F4xx_HAL_Driver\Src\stm32f4xx_hal_fmpi2c.o
HAL_FMPI2C_ER_IRQHandler                          src\lib\STM32F4xx_HAL_Driver\Src\stm32f4xx_hal_fmpi2c.o
HAL_FMPI2C_EV_IRQHandler                          src\lib\STM32F4xx_HAL_Driver\Src\stm32f4xx_hal_fmpi2c.o
HAL_FMPI2C_EnableListen_IT                        src\lib\STM32F4xx_HAL_Driver\Src\stm32f4xx_hal_fmpi2c.o
HAL_FMPI2C_ErrorCallback                          src\lib\STM32F4xx_HAL_Driver\Src\stm32f4xx_hal_fmpi2c.o
HAL_FMPI2C_GetError                               src\lib\STM32F4xx_HAL_Driver\Src\stm32f4xx_hal_fmpi2c.o
HAL_FMPI2C_GetMode                                src\lib\STM32F4xx_HAL_Driver\Src\stm32f4xx_hal_fmpi2c.o
HAL_FMPI2C_GetState                               src\lib\STM32F4xx_HAL_Driver\Src\stm32f4xx_hal_fmpi2c.o
HAL_FMPI2C_Init                                   src\lib\STM32F4xx_HAL_Driver\Src\stm32f4xx_hal_fmpi2c.o
HAL_FMPI2C_IsDeviceReady                          src\lib\STM32F4xx_HAL_Driver\Src\stm32f4xx_hal_fmpi2c.o
HAL_FMPI2C_ListenCpltCallback                     src\lib\STM32F4xx_HAL_Driver\Src\stm32f4xx_hal_fmpi2c.o
HAL_FMPI2C_MasterRxCpltCallback                   src\lib\STM32F4xx_HAL_Driver\Src\stm32f4xx_hal_fmpi2c.o
HAL_FMPI2C_MasterTxCpltCallback                   src\lib\STM32F4xx_HAL_Driver\Src\stm32f4xx_hal_fmpi2c.o
HAL_FMPI2C_Master_Abort_IT                        src\lib\STM32F4xx_HAL_Driver\Src\stm32f4xx_hal_fmpi2c.o
HAL_FMPI2C_Master_Receive                         src\lib\STM32F4xx_HAL_Driver\Src\stm32f4xx_hal_fmpi2c.o
HAL_FMPI2C_Master_Receive_DMA                     src\lib\STM32F4xx_HAL_Driver\Src\stm32f4xx_hal_fmpi2c.o
HAL_FMPI2C_Master_Receive_IT                      src\lib\STM32F4xx_HAL_Driver\Src\stm32f4xx_hal_fmpi2c.o
HAL_FMPI2C_Master_Sequential_Receive_IT           src\lib\STM32F4xx_HAL_Driver\Src\stm32f4xx_hal_fmpi2c.o
HAL_FMPI2C_Master_Sequential_Transmit_IT          src\lib\STM32F4xx_HAL_Driver\Src\stm32f4xx_hal_fmpi2c.o
HAL_FMPI2C_Master_Transmit                        src\lib\STM32F4xx_HAL_Driver\Src\stm32f4xx_hal_fmpi2c.o
HAL_FMPI2C_Master_Transmit_DMA                    src\lib\STM32F4xx_HAL_Driver\Src\stm32f4xx_hal_fmpi2c.o
HAL_FMPI2C_Master_Transmit_IT                     src\lib\STM32F4xx_HAL_Driver\Src\stm32f4xx_hal_fmpi2c.o
HAL_FMPI2C_MemRxCpltCallback                      src\lib\STM32F4xx_HAL_Driver\Src\stm32f4xx_hal_fmpi2c.o
HAL_FMPI2C_MemTxCpltCallback                      src\lib\STM32F4xx_HAL_Driver\Src\stm32f4xx_hal_fmpi2c.o
HAL_FMPI2C_Mem_Read                               src\lib\STM32F4xx_HAL_Driver\Src\stm32f4xx_hal_fmpi2c.o
HAL_FMPI2C_Mem_Read_DMA                           src\lib\STM32F4xx_HAL_Driver\Src\stm32f4xx_hal_fmpi2c.o
HAL_FMPI2C_Mem_Read_IT                            src\lib\STM32F4xx_HAL_Driver\Src\stm32f4xx_hal_fmpi2c.o
HAL_FMPI2C_Mem_Write                              src\lib\STM32F4xx_HAL_Driver\Src\stm32f4xx_hal_fmpi2c.o
HAL_FMPI2C_Mem_Write_DMA                          src\lib\STM32F4xx_HAL_Driver\Src\stm32f4xx_hal_fmpi2c.o
HAL_FMPI2C_Mem_Write_IT                           src\lib\STM32F4xx_HAL_Driver\Src\stm32f4xx_hal_fmpi2c.o
HAL_FMPI2C_MspDeInit                              src\lib\STM32F4xx_HAL_Driver\Src\stm32f4xx_hal_fmpi2c.o
HAL_FMPI2C_MspInit                                src\lib\STM32F4xx_HAL_Driver\Src\stm32f4xx_hal_fmpi2c.o
HAL_FMPI2C_SlaveRxCpltCallback                    src\lib\STM32F4xx_HAL_Driver\Src\stm32f4xx_hal_fmpi2c.o
HAL_FMPI2C_SlaveTxCpltCallback                    src\lib\STM32F4xx_HAL_Driver\Src\stm32f4xx_hal_fmpi2c.o
HAL_FMPI2C_Slave_Receive                          src\lib\STM32F4xx_HAL_Driver\Src\stm32f4xx_hal_fmpi2c.o
HAL_FMPI2C_Slave_Receive_DMA                      src\lib\STM32F4xx_HAL_Driver\Src\stm32f4xx_hal_fmpi2c.o
HAL_FMPI2C_Slave_Receive_IT                       src\lib\STM32F4xx_HAL_Driver\Src\stm32f4xx_hal_fmpi2c.o
HAL_FMPI2C_Slave_Sequential_Receive_IT            src\lib\STM32F4xx_HAL_Driver\Src\stm32f4xx_hal_fmpi2c.o
HAL_FMPI2C_Slave_Sequential_Transmit_IT           src\lib\STM32F4xx_HAL_Driver\Src\stm32f4xx_hal_fmpi2c.o
HAL_FMPI2C_Slave_Transmit                         src\lib\STM32F4xx_HAL_Driver\Src\stm32f4xx_hal_fmpi2c.o
HAL_FMPI2C_Slave_Transmit_DMA                     src\lib\STM32F4xx_HAL_Driver\Src\stm32f4xx_hal_fmpi2c.o
HAL_FMPI2C_Slave_Transmit_IT                      src\lib\STM32F4xx_HAL_Driver\Src\stm32f4xx_hal_fmpi2c.o
HAL_GPIO_DeInit                                   src\lib\STM32F4xx_HAL_Driver\Src\stm32f4xx_hal_gpio.o
HAL_GPIO_EXTI_Callback                            src\lib\STM32F4xx_HAL_Driver\Src\stm32f4xx_hal_gpio.o
HAL_GPIO_EXTI_IRQHandler                          src\lib\STM32F4xx_HAL_Driver\Src\stm32f4xx_hal_gpio.o
HAL_GPIO_Init                                     src\lib\STM32F4xx_HAL_Driver\Src\stm32f4xx_hal_gpio.o
                                                  src\lib\STM32F4xx_HAL_Driver\Src\stm32f4xx_hal_rcc.o
HAL_GPIO_LockPin                                  src\lib\STM32F4xx_HAL_Driver\Src\stm32f4xx_hal_gpio.o
HAL_GPIO_ReadPin                                  src\lib\STM32F4xx_HAL_Driver\Src\stm32f4xx_hal_gpio.o
HAL_GPIO_TogglePin                                src\lib\STM32F4xx_HAL_Driver\Src\stm32f4xx_hal_gpio.o
HAL_GPIO_WritePin                                 src\lib\STM32F4xx_HAL_Driver\Src\stm32f4xx_hal_gpio.o
HAL_GetDEVID                                      src\lib\STM32F4xx_HAL_Driver\Src\stm32f4xx_hal.o
HAL_GetHalVersion                                 src\lib\STM32F4xx_HAL_Driver\Src\stm32f4xx_hal.o
HAL_GetREVID                                      src\lib\STM32F4xx_HAL_Driver\Src\stm32f4xx_hal.o
HAL_GetTick                                       src\lib\STM32F4xx_HAL_Driver\Src\stm32f4xx_hal.o
                                                  src\lib\STM32F4xx_HAL_Driver\Src\stm32f4xx_ll_fmc.o
                                                  src\lib\STM32F4xx_HAL_Driver\Src\stm32f4xx_hal_usart.o
                                                  src\lib\STM32F4xx_HAL_Driver\Src\stm32f4xx_hal_uart.o
                                                  src\lib\STM32F4xx_HAL_Driver\Src\stm32f4xx_hal_spi.o
                                                  src\lib\STM32F4xx_HAL_Driver\Src\stm32f4xx_hal_spdifrx.o
                                                  src\lib\STM32F4xx_HAL_Driver\Src\stm32f4xx_hal_smartcard.o
                                                  src\lib\STM32F4xx_HAL_Driver\Src\stm32f4xx_hal_sd.o
                                                  src\lib\STM32F4xx_HAL_Driver\Src\stm32f4xx_hal_sai.o
                                                  src\lib\STM32F4xx_HAL_Driver\Src\stm32f4xx_hal_rtc_ex.o
                                                  src\lib\STM32F4xx_HAL_Driver\Src\stm32f4xx_hal_rtc.o
                                                  src\lib\STM32F4xx_HAL_Driver\Src\stm32f4xx_hal_rcc_ex.o
                                                  src\lib\STM32F4xx_HAL_Driver\Src\stm32f4xx_hal_rcc.o
                                                  src\lib\STM32F4xx_HAL_Driver\Src\stm32f4xx_hal_qspi.o
                                                  src\lib\STM32F4xx_HAL_Driver\Src\stm32f4xx_hal_pwr_ex.o
                                                  src\lib\STM32F4xx_HAL_Driver\Src\stm32f4xx_hal_nor.o
                                                  src\lib\STM32F4xx_HAL_Driver\Src\stm32f4xx_hal_nand.o
                                                  src\lib\STM32F4xx_HAL_Driver\Src\stm32f4xx_hal_mmc.o
                                                  src\lib\STM32F4xx_HAL_Driver\Src\stm32f4xx_hal_iwdg.o
                                                  src\lib\STM32F4xx_HAL_Driver\Src\stm32f4xx_hal_irda.o
                                                  src\lib\STM32F4xx_HAL_Driver\Src\stm32f4xx_hal_i2s.o
                                                  src\lib\STM32F4xx_HAL_Driver\Src\stm32f4xx_hal_i2c.o
                                                  src\lib\STM32F4xx_HAL_Driver\Src\stm32f4xx_hal_fmpi2c.o
                                                  src\lib\STM32F4xx_HAL_Driver\Src\stm32f4xx_hal_flash.o
                                                  src\lib\STM32F4xx_HAL_Driver\Src\stm32f4xx_hal_dma.o
                                                  src\lib\STM32F4xx_HAL_Driver\Src\stm32f4xx_hal_can.o
                                                  src\lib\STM32F4xx_HAL_Driver\Src\stm32f4xx_hal_adc_ex.o
                                                  src\lib\STM32F4xx_HAL_Driver\Src\stm32f4xx_hal_adc.o
HAL_GetTickFreq                                   src\lib\STM32F4xx_HAL_Driver\Src\stm32f4xx_hal.o
HAL_GetTickPrio                                   src\lib\STM32F4xx_HAL_Driver\Src\stm32f4xx_hal.o
HAL_GetUID                                        src\lib\STM32F4xx_HAL_Driver\Src\stm32f4xx_hal.o
HAL_HCD_Connect_Callback                          src\lib\STM32F4xx_HAL_Driver\Src\stm32f4xx_hal_hcd.o
HAL_HCD_DeInit                                    src\lib\STM32F4xx_HAL_Driver\Src\stm32f4xx_hal_hcd.o
HAL_HCD_Disconnect_Callback                       src\lib\STM32F4xx_HAL_Driver\Src\stm32f4xx_hal_hcd.o
HAL_HCD_GetCurrentFrame                           src\lib\STM32F4xx_HAL_Driver\Src\stm32f4xx_hal_hcd.o
HAL_HCD_GetCurrentSpeed                           src\lib\STM32F4xx_HAL_Driver\Src\stm32f4xx_hal_hcd.o
HAL_HCD_GetState                                  src\lib\STM32F4xx_HAL_Driver\Src\stm32f4xx_hal_hcd.o
HAL_HCD_HC_GetState                               src\lib\STM32F4xx_HAL_Driver\Src\stm32f4xx_hal_hcd.o
HAL_HCD_HC_GetURBState                            src\lib\STM32F4xx_HAL_Driver\Src\stm32f4xx_hal_hcd.o
HAL_HCD_HC_GetXferCount                           src\lib\STM32F4xx_HAL_Driver\Src\stm32f4xx_hal_hcd.o
HAL_HCD_HC_Halt                                   src\lib\STM32F4xx_HAL_Driver\Src\stm32f4xx_hal_hcd.o
HAL_HCD_HC_Init                                   src\lib\STM32F4xx_HAL_Driver\Src\stm32f4xx_hal_hcd.o
HAL_HCD_HC_NotifyURBChange_Callback               src\lib\STM32F4xx_HAL_Driver\Src\stm32f4xx_hal_hcd.o
HAL_HCD_HC_SubmitRequest                          src\lib\STM32F4xx_HAL_Driver\Src\stm32f4xx_hal_hcd.o
HAL_HCD_IRQHandler                                src\lib\STM32F4xx_HAL_Driver\Src\stm32f4xx_hal_hcd.o
HAL_HCD_Init                                      src\lib\STM32F4xx_HAL_Driver\Src\stm32f4xx_hal_hcd.o
HAL_HCD_MspDeInit                                 src\lib\STM32F4xx_HAL_Driver\Src\stm32f4xx_hal_hcd.o
HAL_HCD_MspInit                                   src\lib\STM32F4xx_HAL_Driver\Src\stm32f4xx_hal_hcd.o
HAL_HCD_ResetPort                                 src\lib\STM32F4xx_HAL_Driver\Src\stm32f4xx_hal_hcd.o
HAL_HCD_SOF_Callback                              src\lib\STM32F4xx_HAL_Driver\Src\stm32f4xx_hal_hcd.o
HAL_HCD_Start                                     src\lib\STM32F4xx_HAL_Driver\Src\stm32f4xx_hal_hcd.o
HAL_HCD_Stop                                      src\lib\STM32F4xx_HAL_Driver\Src\stm32f4xx_hal_hcd.o
HAL_HalfDuplex_EnableReceiver                     src\lib\STM32F4xx_HAL_Driver\Src\stm32f4xx_hal_uart.o
HAL_HalfDuplex_EnableTransmitter                  src\lib\STM32F4xx_HAL_Driver\Src\stm32f4xx_hal_uart.o
HAL_HalfDuplex_Init                               src\lib\STM32F4xx_HAL_Driver\Src\stm32f4xx_hal_uart.o
HAL_I2CEx_ConfigAnalogFilter                      src\lib\STM32F4xx_HAL_Driver\Src\stm32f4xx_hal_i2c_ex.o
HAL_I2CEx_ConfigDigitalFilter                     src\lib\STM32F4xx_HAL_Driver\Src\stm32f4xx_hal_i2c_ex.o
HAL_I2C_AbortCpltCallback                         src\lib\STM32F4xx_HAL_Driver\Src\stm32f4xx_hal_i2c.o
HAL_I2C_AddrCallback                              src\lib\STM32F4xx_HAL_Driver\Src\stm32f4xx_hal_i2c.o
HAL_I2C_DeInit                                    src\lib\STM32F4xx_HAL_Driver\Src\stm32f4xx_hal_i2c.o
HAL_I2C_DisableListen_IT                          src\lib\STM32F4xx_HAL_Driver\Src\stm32f4xx_hal_i2c.o
HAL_I2C_ER_IRQHandler                             src\lib\STM32F4xx_HAL_Driver\Src\stm32f4xx_hal_i2c.o
HAL_I2C_EV_IRQHandler                             src\lib\STM32F4xx_HAL_Driver\Src\stm32f4xx_hal_i2c.o
HAL_I2C_EnableListen_IT                           src\lib\STM32F4xx_HAL_Driver\Src\stm32f4xx_hal_i2c.o
HAL_I2C_ErrorCallback                             src\lib\STM32F4xx_HAL_Driver\Src\stm32f4xx_hal_i2c.o
HAL_I2C_GetError                                  src\lib\STM32F4xx_HAL_Driver\Src\stm32f4xx_hal_i2c.o
HAL_I2C_GetMode                                   src\lib\STM32F4xx_HAL_Driver\Src\stm32f4xx_hal_i2c.o
HAL_I2C_GetState                                  src\lib\STM32F4xx_HAL_Driver\Src\stm32f4xx_hal_i2c.o
HAL_I2C_Init                                      src\lib\STM32F4xx_HAL_Driver\Src\stm32f4xx_hal_i2c.o
HAL_I2C_IsDeviceReady                             src\lib\STM32F4xx_HAL_Driver\Src\stm32f4xx_hal_i2c.o
HAL_I2C_ListenCpltCallback                        src\lib\STM32F4xx_HAL_Driver\Src\stm32f4xx_hal_i2c.o
HAL_I2C_MasterRxCpltCallback                      src\lib\STM32F4xx_HAL_Driver\Src\stm32f4xx_hal_i2c.o
HAL_I2C_MasterTxCpltCallback                      src\lib\STM32F4xx_HAL_Driver\Src\stm32f4xx_hal_i2c.o
HAL_I2C_Master_Abort_IT                           src\lib\STM32F4xx_HAL_Driver\Src\stm32f4xx_hal_i2c.o
HAL_I2C_Master_Receive                            src\lib\STM32F4xx_HAL_Driver\Src\stm32f4xx_hal_i2c.o
HAL_I2C_Master_Receive_DMA                        src\lib\STM32F4xx_HAL_Driver\Src\stm32f4xx_hal_i2c.o
HAL_I2C_Master_Receive_IT                         src\lib\STM32F4xx_HAL_Driver\Src\stm32f4xx_hal_i2c.o
HAL_I2C_Master_Sequential_Receive_IT              src\lib\STM32F4xx_HAL_Driver\Src\stm32f4xx_hal_i2c.o
HAL_I2C_Master_Sequential_Transmit_IT             src\lib\STM32F4xx_HAL_Driver\Src\stm32f4xx_hal_i2c.o
HAL_I2C_Master_Transmit                           src\lib\STM32F4xx_HAL_Driver\Src\stm32f4xx_hal_i2c.o
HAL_I2C_Master_Transmit_DMA                       src\lib\STM32F4xx_HAL_Driver\Src\stm32f4xx_hal_i2c.o
HAL_I2C_Master_Transmit_IT                        src\lib\STM32F4xx_HAL_Driver\Src\stm32f4xx_hal_i2c.o
HAL_I2C_MemRxCpltCallback                         src\lib\STM32F4xx_HAL_Driver\Src\stm32f4xx_hal_i2c.o
HAL_I2C_MemTxCpltCallback                         src\lib\STM32F4xx_HAL_Driver\Src\stm32f4xx_hal_i2c.o
HAL_I2C_Mem_Read                                  src\lib\STM32F4xx_HAL_Driver\Src\stm32f4xx_hal_i2c.o
HAL_I2C_Mem_Read_DMA                              src\lib\STM32F4xx_HAL_Driver\Src\stm32f4xx_hal_i2c.o
HAL_I2C_Mem_Read_IT                               src\lib\STM32F4xx_HAL_Driver\Src\stm32f4xx_hal_i2c.o
HAL_I2C_Mem_Write                                 src\lib\STM32F4xx_HAL_Driver\Src\stm32f4xx_hal_i2c.o
HAL_I2C_Mem_Write_DMA                             src\lib\STM32F4xx_HAL_Driver\Src\stm32f4xx_hal_i2c.o
HAL_I2C_Mem_Write_IT                              src\lib\STM32F4xx_HAL_Driver\Src\stm32f4xx_hal_i2c.o
HAL_I2C_MspDeInit                                 src\lib\STM32F4xx_HAL_Driver\Src\stm32f4xx_hal_i2c.o
HAL_I2C_MspInit                                   src\lib\STM32F4xx_HAL_Driver\Src\stm32f4xx_hal_i2c.o
HAL_I2C_SlaveRxCpltCallback                       src\lib\STM32F4xx_HAL_Driver\Src\stm32f4xx_hal_i2c.o
HAL_I2C_SlaveTxCpltCallback                       src\lib\STM32F4xx_HAL_Driver\Src\stm32f4xx_hal_i2c.o
HAL_I2C_Slave_Receive                             src\lib\STM32F4xx_HAL_Driver\Src\stm32f4xx_hal_i2c.o
HAL_I2C_Slave_Receive_DMA                         src\lib\STM32F4xx_HAL_Driver\Src\stm32f4xx_hal_i2c.o
HAL_I2C_Slave_Receive_IT                          src\lib\STM32F4xx_HAL_Driver\Src\stm32f4xx_hal_i2c.o
HAL_I2C_Slave_Sequential_Receive_IT               src\lib\STM32F4xx_HAL_Driver\Src\stm32f4xx_hal_i2c.o
HAL_I2C_Slave_Sequential_Transmit_IT              src\lib\STM32F4xx_HAL_Driver\Src\stm32f4xx_hal_i2c.o
HAL_I2C_Slave_Transmit                            src\lib\STM32F4xx_HAL_Driver\Src\stm32f4xx_hal_i2c.o
HAL_I2C_Slave_Transmit_DMA                        src\lib\STM32F4xx_HAL_Driver\Src\stm32f4xx_hal_i2c.o
HAL_I2C_Slave_Transmit_IT                         src\lib\STM32F4xx_HAL_Driver\Src\stm32f4xx_hal_i2c.o
HAL_I2S_DMAPause                                  src\lib\STM32F4xx_HAL_Driver\Src\stm32f4xx_hal_i2s.o
HAL_I2S_DMAResume                                 src\lib\STM32F4xx_HAL_Driver\Src\stm32f4xx_hal_i2s.o
HAL_I2S_DMAStop                                   src\lib\STM32F4xx_HAL_Driver\Src\stm32f4xx_hal_i2s.o
HAL_I2S_DeInit                                    src\lib\STM32F4xx_HAL_Driver\Src\stm32f4xx_hal_i2s.o
HAL_I2S_ErrorCallback                             src\lib\STM32F4xx_HAL_Driver\Src\stm32f4xx_hal_i2s.o
HAL_I2S_GetError                                  src\lib\STM32F4xx_HAL_Driver\Src\stm32f4xx_hal_i2s.o
HAL_I2S_GetState                                  src\lib\STM32F4xx_HAL_Driver\Src\stm32f4xx_hal_i2s.o
HAL_I2S_IRQHandler                                src\lib\STM32F4xx_HAL_Driver\Src\stm32f4xx_hal_i2s.o
HAL_I2S_Init                                      src\lib\STM32F4xx_HAL_Driver\Src\stm32f4xx_hal_i2s.o
HAL_I2S_MspDeInit                                 src\lib\STM32F4xx_HAL_Driver\Src\stm32f4xx_hal_i2s.o
HAL_I2S_MspInit                                   src\lib\STM32F4xx_HAL_Driver\Src\stm32f4xx_hal_i2s.o
HAL_I2S_Receive                                   src\lib\STM32F4xx_HAL_Driver\Src\stm32f4xx_hal_i2s.o
HAL_I2S_Receive_DMA                               src\lib\STM32F4xx_HAL_Driver\Src\stm32f4xx_hal_i2s.o
HAL_I2S_Receive_IT                                src\lib\STM32F4xx_HAL_Driver\Src\stm32f4xx_hal_i2s.o
HAL_I2S_RxCpltCallback                            src\lib\STM32F4xx_HAL_Driver\Src\stm32f4xx_hal_i2s.o
HAL_I2S_RxHalfCpltCallback                        src\lib\STM32F4xx_HAL_Driver\Src\stm32f4xx_hal_i2s.o
HAL_I2S_Transmit                                  src\lib\STM32F4xx_HAL_Driver\Src\stm32f4xx_hal_i2s.o
HAL_I2S_Transmit_DMA                              src\lib\STM32F4xx_HAL_Driver\Src\stm32f4xx_hal_i2s.o
HAL_I2S_Transmit_IT                               src\lib\STM32F4xx_HAL_Driver\Src\stm32f4xx_hal_i2s.o
HAL_I2S_TxCpltCallback                            src\lib\STM32F4xx_HAL_Driver\Src\stm32f4xx_hal_i2s.o
HAL_I2S_TxHalfCpltCallback                        src\lib\STM32F4xx_HAL_Driver\Src\stm32f4xx_hal_i2s.o
HAL_IRDA_Abort                                    src\lib\STM32F4xx_HAL_Driver\Src\stm32f4xx_hal_irda.o
HAL_IRDA_AbortCpltCallback                        src\lib\STM32F4xx_HAL_Driver\Src\stm32f4xx_hal_irda.o
HAL_IRDA_AbortReceive                             src\lib\STM32F4xx_HAL_Driver\Src\stm32f4xx_hal_irda.o
HAL_IRDA_AbortReceiveCpltCallback                 src\lib\STM32F4xx_HAL_Driver\Src\stm32f4xx_hal_irda.o
HAL_IRDA_AbortReceive_IT                          src\lib\STM32F4xx_HAL_Driver\Src\stm32f4xx_hal_irda.o
HAL_IRDA_AbortTransmit                            src\lib\STM32F4xx_HAL_Driver\Src\stm32f4xx_hal_irda.o
HAL_IRDA_AbortTransmitCpltCallback                src\lib\STM32F4xx_HAL_Driver\Src\stm32f4xx_hal_irda.o
HAL_IRDA_AbortTransmit_IT                         src\lib\STM32F4xx_HAL_Driver\Src\stm32f4xx_hal_irda.o
HAL_IRDA_Abort_IT                                 src\lib\STM32F4xx_HAL_Driver\Src\stm32f4xx_hal_irda.o
HAL_IRDA_DMAPause                                 src\lib\STM32F4xx_HAL_Driver\Src\stm32f4xx_hal_irda.o
HAL_IRDA_DMAResume                                src\lib\STM32F4xx_HAL_Driver\Src\stm32f4xx_hal_irda.o
HAL_IRDA_DMAStop                                  src\lib\STM32F4xx_HAL_Driver\Src\stm32f4xx_hal_irda.o
HAL_IRDA_DeInit                                   src\lib\STM32F4xx_HAL_Driver\Src\stm32f4xx_hal_irda.o
HAL_IRDA_ErrorCallback                            src\lib\STM32F4xx_HAL_Driver\Src\stm32f4xx_hal_irda.o
HAL_IRDA_GetError                                 src\lib\STM32F4xx_HAL_Driver\Src\stm32f4xx_hal_irda.o
HAL_IRDA_GetState                                 src\lib\STM32F4xx_HAL_Driver\Src\stm32f4xx_hal_irda.o
HAL_IRDA_IRQHandler                               src\lib\STM32F4xx_HAL_Driver\Src\stm32f4xx_hal_irda.o
HAL_IRDA_Init                                     src\lib\STM32F4xx_HAL_Driver\Src\stm32f4xx_hal_irda.o
HAL_IRDA_MspDeInit                                src\lib\STM32F4xx_HAL_Driver\Src\stm32f4xx_hal_irda.o
HAL_IRDA_MspInit                                  src\lib\STM32F4xx_HAL_Driver\Src\stm32f4xx_hal_irda.o
HAL_IRDA_Receive                                  src\lib\STM32F4xx_HAL_Driver\Src\stm32f4xx_hal_irda.o
HAL_IRDA_Receive_DMA                              src\lib\STM32F4xx_HAL_Driver\Src\stm32f4xx_hal_irda.o
HAL_IRDA_Receive_IT                               src\lib\STM32F4xx_HAL_Driver\Src\stm32f4xx_hal_irda.o
HAL_IRDA_RxCpltCallback                           src\lib\STM32F4xx_HAL_Driver\Src\stm32f4xx_hal_irda.o
HAL_IRDA_RxHalfCpltCallback                       src\lib\STM32F4xx_HAL_Driver\Src\stm32f4xx_hal_irda.o
HAL_IRDA_Transmit                                 src\lib\STM32F4xx_HAL_Driver\Src\stm32f4xx_hal_irda.o
HAL_IRDA_Transmit_DMA                             src\lib\STM32F4xx_HAL_Driver\Src\stm32f4xx_hal_irda.o
HAL_IRDA_Transmit_IT                              src\lib\STM32F4xx_HAL_Driver\Src\stm32f4xx_hal_irda.o
HAL_IRDA_TxCpltCallback                           src\lib\STM32F4xx_HAL_Driver\Src\stm32f4xx_hal_irda.o
HAL_IRDA_TxHalfCpltCallback                       src\lib\STM32F4xx_HAL_Driver\Src\stm32f4xx_hal_irda.o
HAL_IWDG_Init                                     src\lib\STM32F4xx_HAL_Driver\Src\stm32f4xx_hal_iwdg.o
HAL_IWDG_Refresh                                  src\lib\STM32F4xx_HAL_Driver\Src\stm32f4xx_hal_iwdg.o
HAL_IncTick                                       src\lib\STM32F4xx_HAL_Driver\Src\stm32f4xx_hal.o
                                                  src\lib\STM32F4xx_HAL_Driver\Src\stm32f4xx_hal_timebase_rtc_wakeup_template.o
                                                  src\bsp\stm32f4xx_it.o
HAL_Init                                          src\lib\STM32F4xx_HAL_Driver\Src\stm32f4xx_hal.o
HAL_InitTick                                      src\lib\STM32F4xx_HAL_Driver\Src\stm32f4xx_hal_timebase_rtc_wakeup_template.o
                                                  src\lib\STM32F4xx_HAL_Driver\Src\stm32f4xx_hal.o
                                                  src\lib\STM32F4xx_HAL_Driver\Src\stm32f4xx_hal_rcc_ex.o
                                                  src\lib\STM32F4xx_HAL_Driver\Src\stm32f4xx_hal_rcc.o
HAL_LIN_Init                                      src\lib\STM32F4xx_HAL_Driver\Src\stm32f4xx_hal_uart.o
HAL_LIN_SendBreak                                 src\lib\STM32F4xx_HAL_Driver\Src\stm32f4xx_hal_uart.o
HAL_MMC_Abort                                     src\lib\STM32F4xx_HAL_Driver\Src\stm32f4xx_hal_mmc.o
HAL_MMC_AbortCallback                             src\lib\STM32F4xx_HAL_Driver\Src\stm32f4xx_hal_mmc.o
HAL_MMC_Abort_IT                                  src\lib\STM32F4xx_HAL_Driver\Src\stm32f4xx_hal_mmc.o
HAL_MMC_ConfigWideBusOperation                    src\lib\STM32F4xx_HAL_Driver\Src\stm32f4xx_hal_mmc.o
HAL_MMC_DeInit                                    src\lib\STM32F4xx_HAL_Driver\Src\stm32f4xx_hal_mmc.o
HAL_MMC_Erase                                     src\lib\STM32F4xx_HAL_Driver\Src\stm32f4xx_hal_mmc.o
HAL_MMC_ErrorCallback                             src\lib\STM32F4xx_HAL_Driver\Src\stm32f4xx_hal_mmc.o
HAL_MMC_GetCardCID                                src\lib\STM32F4xx_HAL_Driver\Src\stm32f4xx_hal_mmc.o
HAL_MMC_GetCardCSD                                src\lib\STM32F4xx_HAL_Driver\Src\stm32f4xx_hal_mmc.o
HAL_MMC_GetCardInfo                               src\lib\STM32F4xx_HAL_Driver\Src\stm32f4xx_hal_mmc.o
HAL_MMC_GetCardState                              src\lib\STM32F4xx_HAL_Driver\Src\stm32f4xx_hal_mmc.o
HAL_MMC_GetError                                  src\lib\STM32F4xx_HAL_Driver\Src\stm32f4xx_hal_mmc.o
HAL_MMC_GetState                                  src\lib\STM32F4xx_HAL_Driver\Src\stm32f4xx_hal_mmc.o
HAL_MMC_IRQHandler                                src\lib\STM32F4xx_HAL_Driver\Src\stm32f4xx_hal_mmc.o
HAL_MMC_Init                                      src\lib\STM32F4xx_HAL_Driver\Src\stm32f4xx_hal_mmc.o
HAL_MMC_InitCard                                  src\lib\STM32F4xx_HAL_Driver\Src\stm32f4xx_hal_mmc.o
HAL_MMC_MspDeInit                                 src\lib\STM32F4xx_HAL_Driver\Src\stm32f4xx_hal_mmc.o
HAL_MMC_MspInit                                   src\lib\STM32F4xx_HAL_Driver\Src\stm32f4xx_hal_mmc.o
HAL_MMC_ReadBlocks                                src\lib\STM32F4xx_HAL_Driver\Src\stm32f4xx_hal_mmc.o
HAL_MMC_ReadBlocks_DMA                            src\lib\STM32F4xx_HAL_Driver\Src\stm32f4xx_hal_mmc.o
HAL_MMC_ReadBlocks_IT                             src\lib\STM32F4xx_HAL_Driver\Src\stm32f4xx_hal_mmc.o
HAL_MMC_RxCpltCallback                            src\lib\STM32F4xx_HAL_Driver\Src\stm32f4xx_hal_mmc.o
HAL_MMC_TxCpltCallback                            src\lib\STM32F4xx_HAL_Driver\Src\stm32f4xx_hal_mmc.o
HAL_MMC_WriteBlocks                               src\lib\STM32F4xx_HAL_Driver\Src\stm32f4xx_hal_mmc.o
HAL_MMC_WriteBlocks_DMA                           src\lib\STM32F4xx_HAL_Driver\Src\stm32f4xx_hal_mmc.o
HAL_MMC_WriteBlocks_IT                            src\lib\STM32F4xx_HAL_Driver\Src\stm32f4xx_hal_mmc.o
HAL_MPU_ConfigRegion                              src\lib\STM32F4xx_HAL_Driver\Src\stm32f4xx_hal_cortex.o
HAL_MPU_Disable                                   src\lib\STM32F4xx_HAL_Driver\Src\stm32f4xx_hal_cortex.o