stm32f4xx_hal_sd.c:2291:13:SD_DMATransmitCplt	0	static
stm32f4xx_hal_sd.c:2533:17:SD_PowerON	24	static
stm32f4xx_hal_sd.c:2634:26:SD_PowerOFF	8	static
stm32f4xx_hal_sd.c:2965:26:SD_Read_IT	16	static
stm32f4xx_hal_sd.c:2989:26:SD_Write_IT	16	static
stm32f4xx_hal_sd.c:2649:17:SD_SendSDStatus	48	static
stm32f4xx_hal_sd.c:2874:17:SD_FindSCR	56	static
stm32f4xx_hal_sd.c:2778:17:SD_WideBus_Enable	16	static
stm32f4xx_hal_sd.c:2825:17:SD_WideBus_Disable	16	static
stm32f4xx_hal_sd.c:2751:17:SD_SendStatus	16	static
stm32f4xx_hal_sd.c:442:13:HAL_SD_MspInit	0	static
stm32f4xx_hal_sd.c:457:13:HAL_SD_MspDeInit	0	static
stm32f4xx_hal_sd.c:411:19:HAL_SD_DeInit	8	static
stm32f4xx_hal_sd.c:498:19:HAL_SD_ReadBlocks	56	static
stm32f4xx_hal_sd.c:688:19:HAL_SD_WriteBlocks	56	static
stm32f4xx_hal_sd.c:864:19:HAL_SD_ReadBlocks_IT	40	static
stm32f4xx_hal_sd.c:969:19:HAL_SD_WriteBlocks_IT	48	static
stm32f4xx_hal_sd.c:1075:19:HAL_SD_ReadBlocks_DMA	48	static
stm32f4xx_hal_sd.c:1192:19:HAL_SD_WriteBlocks_DMA	48	static
stm32f4xx_hal_sd.c:1306:19:HAL_SD_Erase	16	static
stm32f4xx_hal_sd.c:1628:21:HAL_SD_GetState	0	static
stm32f4xx_hal_sd.c:1639:10:HAL_SD_GetError	0	static
stm32f4xx_hal_sd.c:1649:14:HAL_SD_TxCpltCallback	0	static
stm32f4xx_hal_sd.c:1664:13:HAL_SD_RxCpltCallback	0	static
stm32f4xx_hal_sd.c:1679:13:HAL_SD_ErrorCallback	0	static
stm32f4xx_hal_sd.c:2304:13:SD_DMAReceiveCplt	8	static
stm32f4xx_hal_sd.c:1694:13:HAL_SD_AbortCallback	0	static
stm32f4xx_hal_sd.c:1732:19:HAL_SD_GetCardCID	4	static
stm32f4xx_hal_sd.c:1813:19:HAL_SD_GetCardCSD	8	static
stm32f4xx_hal_sd.c:2444:17:SD_InitCard	80	static
stm32f4xx_hal_sd.c:356:19:HAL_SD_InitCard	56	static
stm32f4xx_hal_sd.c:307:19:HAL_SD_Init	8	static
stm32f4xx_hal_sd.c:1960:19:HAL_SD_GetCardStatus	80	static
stm32f4xx_hal_sd.c:2048:19:HAL_SD_GetCardInfo	0	static
stm32f4xx_hal_sd.c:2073:19:HAL_SD_ConfigWideBusOperation	56	static
stm32f4xx_hal_sd.c:2145:25:HAL_SD_GetCardState	16	static
stm32f4xx_hal_sd.c:2337:13:SD_DMAError	8	static
stm32f4xx_hal_sd.c:2369:13:SD_DMATxAbort	8	static
stm32f4xx_hal_sd.c:2406:13:SD_DMARxAbort	8	static
stm32f4xx_hal_sd.c:1406:6:HAL_SD_IRQHandler	8	static
stm32f4xx_hal_sd.c:2168:19:HAL_SD_Abort	8	static
stm32f4xx_hal_sd.c:2215:19:HAL_SD_Abort_IT	8	static
