stm32f4xx_hal_spdifrx.c:1214:26:SPDIFRX_WaitOnFlagUntilTimeout	24	static
stm32f4xx_hal_spdifrx.c:307:13:HAL_SPDIFRX_MspInit	0	static
stm32f4xx_hal_spdifrx.c:201:19:HAL_SPDIFRX_Init	8	static
stm32f4xx_hal_spdifrx.c:321:13:HAL_SPDIFRX_MspDeInit	0	static
stm32f4xx_hal_spdifrx.c:272:19:HAL_SPDIFRX_DeInit	8	static
stm32f4xx_hal_spdifrx.c:337:19:HAL_SPDIFRX_SetDataFormat	4	static
stm32f4xx_hal_spdifrx.c:436:19:HAL_SPDIFRX_ReceiveDataFlow	24	static
stm32f4xx_hal_spdifrx.c:498:19:HAL_SPDIFRX_ReceiveControlFlow	24	static
stm32f4xx_hal_spdifrx.c:557:19:HAL_SPDIFRX_ReceiveDataFlow_IT	16	static
stm32f4xx_hal_spdifrx.c:640:19:HAL_SPDIFRX_ReceiveControlFlow_IT	16	static
stm32f4xx_hal_spdifrx.c:723:19:HAL_SPDIFRX_ReceiveDataFlow_DMA	16	static
stm32f4xx_hal_spdifrx.c:810:19:HAL_SPDIFRX_ReceiveControlFlow_DMA	16	static
stm32f4xx_hal_spdifrx.c:895:19:HAL_SPDIFRX_DMAStop	0	static
stm32f4xx_hal_spdifrx.c:970:13:HAL_SPDIFRX_RxHalfCpltCallback	0	static
stm32f4xx_hal_spdifrx.c:1100:13:SPDIFRX_DMARxHalfCplt	8	static
stm32f4xx_hal_spdifrx.c:984:13:HAL_SPDIFRX_RxCpltCallback	0	static
stm32f4xx_hal_spdifrx.c:1083:13:SPDIFRX_DMARxCplt	8	static
stm32f4xx_hal_spdifrx.c:1161:13:SPDIFRX_ReceiveDataFlow_IT	8	static
stm32f4xx_hal_spdifrx.c:998:13:HAL_SPDIFRX_CxHalfCpltCallback	0	static
stm32f4xx_hal_spdifrx.c:1129:13:SPDIFRX_DMACxHalfCplt	8	static
stm32f4xx_hal_spdifrx.c:1012:13:HAL_SPDIFRX_CxCpltCallback	0	static
stm32f4xx_hal_spdifrx.c:1112:13:SPDIFRX_DMACxCplt	8	static
stm32f4xx_hal_spdifrx.c:1186:13:SPDIFRX_ReceiveControlFlow_IT	8	static
stm32f4xx_hal_spdifrx.c:1026:13:HAL_SPDIFRX_ErrorCallback	0	static
stm32f4xx_hal_spdifrx.c:1141:13:SPDIFRX_DMAError	8	static
stm32f4xx_hal_spdifrx.c:924:6:HAL_SPDIFRX_IRQHandler	8	static
stm32f4xx_hal_spdifrx.c:1059:26:HAL_SPDIFRX_GetState	0	static
stm32f4xx_hal_spdifrx.c:1069:10:HAL_SPDIFRX_GetError	0	static
