stm32f4xx_hal_sai.c:1655:26:SAI_InitI2S	8	static
stm32f4xx_hal_sai.c:1748:26:SAI_InitPCM	8	static
stm32f4xx_hal_sai.c:1815:13:SAI_FillFifo	0	static
stm32f4xx_hal_sai.c:1845:17:SAI_InterruptFlag	0	static
stm32f4xx_hal_sai.c:1878:26:SAI_Disable	0	static
stm32f4xx_hal_sai.c:543:13:HAL_SAI_MspInit	0	static
stm32f4xx_hal_sai.c:331:19:HAL_SAI_Init	16	static
stm32f4xx_hal_sai.c:292:19:HAL_SAI_InitProtocol	8	static
stm32f4xx_hal_sai.c:559:13:HAL_SAI_MspDeInit	0	static
stm32f4xx_hal_sai.c:502:19:HAL_SAI_DeInit	16	static
stm32f4xx_hal_sai.c:624:19:HAL_SAI_Transmit	24	static
stm32f4xx_hal_sai.c:724:19:HAL_SAI_Receive	24	static
stm32f4xx_hal_sai.c:821:19:HAL_SAI_Transmit_IT	8	static
stm32f4xx_hal_sai.c:883:19:HAL_SAI_Receive_IT	8	static
stm32f4xx_hal_sai.c:941:19:HAL_SAI_DMAPause	0	static
stm32f4xx_hal_sai.c:961:19:HAL_SAI_DMAResume	0	static
stm32f4xx_hal_sai.c:988:19:HAL_SAI_DMAStop	16	static
stm32f4xx_hal_sai.c:1047:19:HAL_SAI_Abort	16	static
stm32f4xx_hal_sai.c:1116:19:HAL_SAI_Transmit_DMA	16	static
stm32f4xx_hal_sai.c:1185:19:HAL_SAI_Receive_DMA	16	static
stm32f4xx_hal_sai.c:1253:19:HAL_SAI_EnableTxMuteMode	0	static
stm32f4xx_hal_sai.c:1272:19:HAL_SAI_DisableTxMuteMode	0	static
stm32f4xx_hal_sai.c:1290:19:HAL_SAI_EnableRxMuteMode	4	static
stm32f4xx_hal_sai.c:1313:19:HAL_SAI_DisableRxMuteMode	0	static
stm32f4xx_hal_sai.c:1515:13:HAL_SAI_TxCpltCallback	0	static
stm32f4xx_hal_sai.c:1956:13:SAI_Transmit_IT32Bit	8	static
stm32f4xx_hal_sai.c:1931:13:SAI_Transmit_IT16Bit	8	static
stm32f4xx_hal_sai.c:1907:13:SAI_Transmit_IT8Bit	8	static
stm32f4xx_hal_sai.c:2061:13:SAI_DMATxCplt	8	static
stm32f4xx_hal_sai.c:1531:14:HAL_SAI_TxHalfCpltCallback	0	static
stm32f4xx_hal_sai.c:2086:13:SAI_DMATxHalfCplt	8	static
stm32f4xx_hal_sai.c:1547:13:HAL_SAI_RxCpltCallback	0	static
stm32f4xx_hal_sai.c:2034:13:SAI_Receive_IT32Bit	8	static
stm32f4xx_hal_sai.c:2007:13:SAI_Receive_IT16Bit	8	static
stm32f4xx_hal_sai.c:1981:13:SAI_Receive_IT8Bit	8	static
stm32f4xx_hal_sai.c:2099:13:SAI_DMARxCplt	8	static
stm32f4xx_hal_sai.c:1563:13:HAL_SAI_RxHalfCpltCallback	0	static
stm32f4xx_hal_sai.c:2122:13:SAI_DMARxHalfCplt	8	static
stm32f4xx_hal_sai.c:1579:13:HAL_SAI_ErrorCallback	0	static
stm32f4xx_hal_sai.c:2135:13:SAI_DMAError	8	static
stm32f4xx_hal_sai.c:1332:6:HAL_SAI_IRQHandler	8	static
stm32f4xx_hal_sai.c:2166:13:SAI_DMAAbort	8	static
stm32f4xx_hal_sai.c:1615:22:HAL_SAI_GetState	0	static
stm32f4xx_hal_sai.c:1626:10:HAL_SAI_GetError	0	static
