stm32f4xx_ll_fmc.c:149:20:FMC_NORSRAM_Init	12	static
stm32f4xx_ll_fmc.c:261:19:FMC_NORSRAM_DeInit	4	static
stm32f4xx_ll_fmc.c:297:19:FMC_NORSRAM_Timing_Init	8	static
stm32f4xx_ll_fmc.c:350:20:FMC_NORSRAM_Extended_Timing_Init	8	static
stm32f4xx_ll_fmc.c:415:19:FMC_NORSRAM_WriteOperation_Enable	0	static
stm32f4xx_ll_fmc.c:433:19:FMC_NORSRAM_WriteOperation_Disable	0	static
stm32f4xx_ll_fmc.c:503:19:FMC_NAND_Init	4	static
stm32f4xx_ll_fmc.c:548:19:FMC_NAND_CommonSpace_Timing_Init	0	static
stm32f4xx_ll_fmc.c:589:19:FMC_NAND_AttributeSpace_Timing_Init	0	static
stm32f4xx_ll_fmc.c:627:19:FMC_NAND_DeInit	0	static
stm32f4xx_ll_fmc.c:673:19:FMC_NAND_ECC_Enable	0	static
stm32f4xx_ll_fmc.c:692:19:FMC_NAND_ECC_Disable	0	static
stm32f4xx_ll_fmc.c:712:19:FMC_NAND_GetECC	24	static
stm32f4xx_ll_fmc.c:1352:19:FMC_SDRAM_Init	8	static
stm32f4xx_ll_fmc.c:1433:19:FMC_SDRAM_Timing_Init	8	static
stm32f4xx_ll_fmc.c:1502:19:FMC_SDRAM_DeInit	0	static
stm32f4xx_ll_fmc.c:1542:19:FMC_SDRAM_WriteProtection_Enable	0	static
stm32f4xx_ll_fmc.c:1559:19:FMC_SDRAM_WriteProtection_Disable	0	static
stm32f4xx_ll_fmc.c:1579:19:FMC_SDRAM_SendCommand	24	static
stm32f4xx_ll_fmc.c:1625:19:FMC_SDRAM_ProgramRefreshRate	0	static
stm32f4xx_ll_fmc.c:1643:19:FMC_SDRAM_SetAutoRefreshNumber	0	static
stm32f4xx_ll_fmc.c:1664:10:FMC_SDRAM_GetModeStatus	0	static
