stm32f4xx_hal_nand.c:216:13:HAL_NAND_MspInit	0	static
stm32f4xx_hal_nand.c:153:20:HAL_NAND_Init	16	static
stm32f4xx_hal_nand.c:231:13:HAL_NAND_MspDeInit	0	static
stm32f4xx_hal_nand.c:193:19:HAL_NAND_DeInit	8	static
stm32f4xx_hal_nand.c:296:13:HAL_NAND_ITCallback	0	static
stm32f4xx_hal_nand.c:247:6:HAL_NAND_IRQHandler	8	static
stm32f4xx_hal_nand.c:331:19:HAL_NAND_Read_ID	16	static
stm32f4xx_hal_nand.c:405:19:HAL_NAND_Reset	0	static
stm32f4xx_hal_nand.c:452:20:HAL_NAND_ConfigDevice	0	static
stm32f4xx_hal_nand.c:1592:10:HAL_NAND_Read_Status	0	static
stm32f4xx_hal_nand.c:474:19:HAL_NAND_Read_Page_8b	56	static
stm32f4xx_hal_nand.c:606:19:HAL_NAND_Read_Page_16b	56	static
stm32f4xx_hal_nand.c:737:19:HAL_NAND_Write_Page_8b	40	static
stm32f4xx_hal_nand.c:865:19:HAL_NAND_Write_Page_16b	40	static
stm32f4xx_hal_nand.c:992:19:HAL_NAND_Read_SpareArea_8b	56	static
stm32f4xx_hal_nand.c:1128:19:HAL_NAND_Read_SpareArea_16b	56	static
stm32f4xx_hal_nand.c:1264:19:HAL_NAND_Write_SpareArea_8b	48	static
stm32f4xx_hal_nand.c:1396:19:HAL_NAND_Write_SpareArea_16b	48	static
stm32f4xx_hal_nand.c:1526:19:HAL_NAND_Erase_Block	24	static
stm32f4xx_hal_nand.c:1635:10:HAL_NAND_Address_Inc	0	static
stm32f4xx_hal_nand.c:1688:20:HAL_NAND_ECC_Enable	8	static
stm32f4xx_hal_nand.c:1714:20:HAL_NAND_ECC_Disable	8	static
stm32f4xx_hal_nand.c:1742:20:HAL_NAND_GetECC	8	static
stm32f4xx_hal_nand.c:1790:23:HAL_NAND_GetState	0	static
